MODEL STEADY STATE: (method=ByteCode own solver)
-----------------------------------
      Simulate iteration no 1     
      max. error=3.2338694149e-04       
      sqr. error=1.3072389188e-07       
      abs. error=4.8508075841e-04       
-----------------------------------
 
STEADY-STATE RESULTS:
 
EA_bf               		 0.0546201
EA_m                		 0.910763
EA_pic4             		 1.02
EA_y                		 3.61218
EA_ygrowth          		 1
EA_ygrowth4         		 1
EA_z                		 1
EAAEAB_excy         		 0.0363634
EAARW_excy          		 0.100932
EAAUS_excy          		 0.0146038
EAAEAB_exiy         		 0.0181817
EAARW_exiy          		 0.0624408
EAAUS_exiy          		 0.00692751
EAAEAB_fx           		 0.623513
EAARW_fx            		 1.86753
EAAUS_fx            		 0.246127
EAAEAB_gammaimc     		 0
EAARW_gammaimc      		 0
EAAUS_gammaimc      		 0
EAAEAB_gammaimcdag  		 1
EAARW_gammaimcdag   		 1
EAAUS_gammaimcdag   		 1
EAAEAB_gammaimi     		 0
EAARW_gammaimi      		 0
EAAUS_gammaimi      		 0
EAAEAB_gammaimidag  		 1
EAARW_gammaimidag   		 1
EAAUS_gammaimidag   		 1
EAAEAB_gx           		 0.748215
EAARW_gx            		 2.24104
EAAUS_gx            		 0.295352
EAAEAB_im           		 0.184561
EAARW_im            		 0.796895
EAAUS_im            		 0.052221
EAAEAB_imc          		 0.107017
EAARW_imc           		 0.760214
EAAUS_imc           		 0.0219142
EAAEAB_imcy         		 0.0305
EAARW_imcy          		 0.1658
EAAUS_imcy          		 0.00469995
EAAEAB_imi          		 0.0775435
EAARW_imi           		 0.036681
EAAUS_imi           		 0.0303068
EAAEAB_imiy         		 0.0221
EAARW_imiy          		 0.00800001
EAAUS_imiy          		 0.00649993
EAAEAB_piim         		 1.00496
EAARW_piim          		 1.00496
EAAUS_piim          		 1.00496
EAAEAB_pim          		 0.998954
EAARW_pim           		 0.764447
EAAUS_pim           		 0.751738
EAAEAB_pimtilde     		 0.998954
EAARW_pimtilde      		 0.764447
EAAUS_pimtilde      		 0.751738
EAAEAB_rer          		 1.07631
EAARW_rer           		 0.809176
EAAUS_rer           		 0.788176
EAAEAB_sx           		 1
EAARW_sx            		 1
EAAUS_sx            		 1
EAAEAB_tot          		 1.07994
EAARW_tot           		 0.826418
EAAUS_tot           		 0.812679
EAAEAB_weight       		 0.215932
EAARW_weight        		 0.694797
EAAUS_weight        		 0.0892715
EAAEAB_weightex     		 0.210525
EAARW_weightex      		 0.658395
EAAUS_weightex      		 0.13108
EAAEAB_weightim     		 0.221381
EAARW_weightim      		 0.731482
EAAUS_weightim      		 0.0471375
EAA_b               		 8.4122
EAA_bf              		 -0.670373
EAA_by              		 2.4
EAA_c               		 2.09636
EAA_ci              		 2.32568
EAA_cj              		 1.4084
EAA_cy              		 0.598091
EAA_d               		 0.312636
EAA_dn              		 0.312636
EAA_dt              		 -2.66174e-08
EAA_epsilonm        		 -0.750001
EAA_etot            		 0.87426
EAA_ex              		 0.907327
EAA_fh              		 5.1301
EAA_fi              		 11.7763
EAA_fj              		 0.436161
EAA_fn              		 16.3768
EAA_g               		 0.606277
EAA_gammab          		 0
EAA_gammai          		 0
EAA_gammaider       		 0
EAA_gammau          		 4.17693e-18
EAA_gammauder       		 0.0341552
EAA_gammav          		 0.00021177
EAA_gammavi         		 0.000101018
EAA_gammavider      		 0.00216519
EAA_gammavj         		 0.000101018
EAA_gammavjder      		 0.00216519
EAA_gh              		 6.15612
EAA_gi              		 5.17947
EAA_gj              		 2.85093
EAA_gn              		 24.5652
EAA_gy              		 0.2
EAA_ht              		 0.577493
EAA_htc             		 0.164439
EAA_hti             		 0.413054
EAA_i               		 0.717483
EAA_ii              		 0.956644
EAA_im              		 1.01992
EAA_imc             		 0.878583
EAA_imcy            		 0.201
EAA_imi             		 0.141339
EAA_imiy            		 0.0366
EAA_imy             		 0.2376
EAA_internalrer     		 1.40254
EAA_iy              		 0.2
EAA_k               		 28.6993
EAA_kd              		 28.6993
EAA_kdn             		 16.3521
EAA_kdt             		 12.3472
EAA_ki              		 38.2658
EAA_lambdai         		 1.2062
EAA_lambdaj         		 1.99179
EAA_lcy             		 0.637564
EAA_m               		 0.880823
EAA_mcn             		 0.770843
EAA_mct             		 0.770843
EAA_mi              		 0.977175
EAA_mj              		 0.591766
EAA_nd              		 1.80656
EAA_ndi             		 0.8881
EAA_ndj             		 0.992447
EAA_ndn             		 1.02933
EAA_ndt             		 0.777229
EAA_ni              		 0.8881
EAA_nj              		 0.992447
EAA_nt              		 1.84353
EAA_ntc             		 1.07237
EAA_nti             		 0.164885
EAA_pex             		 0.925012
EAA_pht             		 0.925012
EAA_phttilde        		 0.925012
EAA_pi              		 0.97705
EAA_pic             		 1.00496
EAA_pic4            		 1.02
EAA_piex4           		 1.02
EAA_piht            		 1.00496
EAA_piimc           		 1.00496
EAA_piimc4          		 1.02
EAA_piimi           		 1.00496
EAA_pim             		 0.816541
EAA_pimc            		 0.801884
EAA_pimi            		 0.90765
EAA_pint            		 1.00496
EAA_piw             		 1.00496
EAA_piw4            		 1.02
EAA_pnt             		 1.15626
EAA_pnttilde        		 1.15626
EAA_pttc            		 0.824409
EAA_ptti            		 0.920663
EAA_py              		 1.0531
EAA_q               		 0.97705
EAA_qc              		 2.09657
EAA_qi              		 0.717483
EAA_r               		 1.01242
EAA_reer            		 0.858571
EAA_rer             		 0.788176
EAA_rerdep          		 1
EAA_rk              		 0.0333713
EAA_rp              		 0
EAA_rr              		 1.00742
EAA_rrstar          		 1.00742
EAA_sh              		 1
EAA_si              		 1
EAA_sj              		 1
EAA_snt             		 1
EAA_t               		 4.99314e-08
EAA_tauc            		 0.183
EAA_taud            		 0
EAA_tauk            		 0.189851
EAA_taun            		 0.122
EAA_tauwf           		 0.219
EAA_tauwh           		 0.118
EAA_tb              		 0.00648045
EAA_tby             		 0.00184887
EAA_ti              		 5.99177e-08
EAA_tj              		 1.99726e-08
EAA_tot             		 0.812679
EAA_tr              		 0.515528
EAA_tri             		 0.343685
EAA_trj             		 1.03106
EAA_try             		 0.14708
EAA_ttc             		 1.03908
EAA_tti             		 0.554346
EAA_ty              		 1.42454e-08
EAA_u               		 1
EAA_utili           		 -80.6048
EAA_utilj           		 -161.271
EAA_vi              		 2.38
EAA_vj              		 2.38
EAA_w               		 1.01477
EAA_wcst            		 0
EAA_whty            		 0.574241
EAA_wi              		 1.11875
EAA_witilde         		 1.11875
EAA_wj              		 0.846062
EAA_wjtilde         		 0.846062
EAA_wnty            		 0.490019
EAA_wy              		 0.523022
EAA_y               		 3.32835
EAA_ygap            		 -1.00799e-07
EAA_ygrowth         		 1
EAA_ygrowth4        		 1
EAA_yhty            		 0.391853
EAA_ynty            		 0.608147
EAA_yshare          		 0.162854
EAA_ysn             		 1.84353
EAA_yst             		 1.48482
EAA_zcon            		 1
EAA_zinv            		 1
EAA_zn              		 1
EAA_zt              		 1
EABEAA_excy         		 0.0731394
EABRW_excy          		 0.0724739
EABUS_excy          		 0.0139182
EABEAA_exiy         		 0.0529961
EABRW_exiy          		 0.0499113
EABUS_exiy          		 0.00853062
EABEAA_fx           		 1.48972
EABRW_fx            		 1.44543
EABUS_fx            		 0.265132
EABEAA_gammaimc     		 0
EABRW_gammaimc      		 0
EABUS_gammaimc      		 0
EABEAA_gammaimcdag  		 1
EABRW_gammaimcdag   		 1
EABUS_gammaimcdag   		 1
EABEAA_gammaimi     		 0
EABRW_gammaimi      		 0
EABUS_gammaimi      		 0
EABEAA_gammaimidag  		 1
EABRW_gammaimidag   		 1
EABUS_gammaimidag   		 1
EABEAA_gx           		 1.78767
EABRW_gx            		 1.73452
EABUS_gx            		 0.318159
EABEAA_im           		 0.551158
EABRW_im            		 0.651628
EABUS_im            		 0.0896996
EABEAA_imc          		 0.367438
EABRW_imc           		 0.434418
EABUS_imc           		 0.0596269
EABEAA_imcy         		 0.0872
EABRW_imcy          		 0.0852001
EABUS_imcy          		 0.0114999
EABEAA_imi          		 0.183719
EABRW_imi           		 0.217209
EABUS_imi           		 0.0300727
EABEAA_imiy         		 0.0436
EABRW_imiy          		 0.0426
EABUS_imiy          		 0.00579994
EABEAA_piim         		 1.00496
EABRW_piim          		 1.00496
EABUS_piim          		 1.00496
EABEAA_pim          		 0.859428
EABRW_pim           		 0.710247
EABUS_pim           		 0.698439
EABEAA_pimtilde     		 0.859428
EABRW_pimtilde      		 0.710247
EABUS_pimtilde      		 0.698439
EABEAA_rer          		 0.929099
EABRW_rer           		 0.751805
EABUS_rer           		 0.732294
EABEAA_sx           		 1
EABRW_sx            		 1
EABUS_sx            		 1
EABEAA_tot          		 0.925981
EABRW_tot           		 0.765247
EABUS_tot           		 0.752525
EABEAA_weight       		 0.445584
EABRW_weight        		 0.469006
EABUS_weight        		 0.0854108
EABEAA_weightex     		 0.416564
EABRW_weightex      		 0.474905
EABUS_weightex      		 0.108531
EABEAA_weightim     		 0.474085
EABRW_weightim      		 0.463212
EABUS_weightim      		 0.0627032
EAB_b               		 8.69139
EAB_bf              		 1.98793
EAB_by              		 2.4
EAB_c               		 2.19048
EAB_ci              		 2.43401
EAB_cj              		 1.45988
EAB_cy              		 0.604869
EAB_d               		 0.326523
EAB_dn              		 0.326523
EAB_dt              		 -1.1053e-08
EAB_epsilonm        		 -0.750001
EAB_etot            		 0.831906
EAB_ex              		 1.05728
EAB_fh              		 3.9742
EAB_fi              		 18.322
EAB_fj              		 0.678592
EAB_fn              		 17.1042
EAB_g               		 0.624295
EAB_gammab          		 0
EAB_gammai          		 0
EAB_gammaider       		 0
EAB_gammau          		 0
EAB_gammauder       		 0.0341188
EAB_gammav          		 0.000221278
EAB_gammavi         		 0.000101018
EAB_gammavider      		 0.00216519
EAB_gammavj         		 0.000101018
EAB_gammavjder      		 0.00216519
EAB_gh              		 4.76905
EAB_gi              		 5.73455
EAB_gj              		 3.18701
EAB_gn              		 25.6564
EAB_gy              		 0.2
EAB_ht              		 0.445873
EAB_htc             		 0.244506
EAB_hti             		 0.201366
EAB_i               		 0.794118
EAB_ii              		 1.05882
EAB_im              		 1.27761
EAB_imc             		 0.851571
EAB_imcy            		 0.1839
EAB_imi             		 0.426041
EAB_imiy            		 0.092
EAB_imy             		 0.2759
EAB_internalrer     		 1.41414
EAB_iy              		 0.2
EAB_k               		 31.7647
EAB_kd              		 31.7647
EAB_kdn             		 18.3149
EAB_kdt             		 13.4498
EAB_ki              		 42.353
EAB_lambdai         		 1.15252
EAB_lambdaj         		 1.92155
EAB_lcy             		 0.636885
EAB_m               		 0.920369
EAB_mcn             		 0.77344
EAB_mct             		 0.77344
EAB_mi              		 1.02269
EAB_mj              		 0.613395
EAB_nd              		 1.80083
EAB_ndi             		 0.883533
EAB_ndj             		 0.991615
EAB_ndn             		 1.03832
EAB_ndt             		 0.762505
EAB_ni              		 0.883533
EAB_nj              		 0.991615
EAB_nt              		 1.91895
EAB_ntc             		 1.11863
EAB_nti             		 0.176026
EAB_pex             		 0.928128
EAB_pht             		 0.928128
EAB_phttilde        		 0.928128
EAB_pi              		 0.912058
EAB_pic             		 1.00496
EAB_pic4            		 1.02
EAB_piex4           		 1.02
EAB_piht            		 1.00496
EAB_piimc           		 1.00496
EAB_piimc4          		 1.02
EAB_piimi           		 1.00496
EAB_pim             		 0.782042
EAB_pimc            		 0.782057
EAB_pimi            		 0.782013
EAB_pint            		 1.00496
EAB_piw             		 1.00496
EAB_piw4            		 1.02
EAB_pnt             		 1.16016
EAB_pnttilde        		 1.16016
EAB_pttc            		 0.820398
EAB_ptti            		 0.835982
EAB_py              		 1.05824
EAB_q               		 0.912058
EAB_qc              		 2.1907
EAB_qi              		 0.794118
EAB_r               		 1.01242
EAB_reer            		 0.824336
EAB_rer             		 0.732294
EAB_rerdep          		 1
EAB_rk              		 0.0311184
EAB_rp              		 0
EAB_rr              		 1.00742
EAB_rrstar          		 1.00742
EAB_sh              		 1
EAB_si              		 1
EAB_sj              		 1
EAB_snt             		 1
EAB_t               		 2.78562e-07
EAB_tauc            		 0.183
EAB_taud            		 0
EAB_tauk            		 0.186621
EAB_taun            		 0.122
EAB_tauwf           		 0.219
EAB_tauwh           		 0.118
EAB_tb              		 -0.0178547
EAB_tby             		 -0.00493033
EAB_ti              		 3.34275e-07
EAB_tj              		 1.11425e-07
EAB_tot             		 0.752525
EAB_tr              		 0.535201
EAB_tri             		 0.356801
EAB_trj             		 1.0704
EAB_try             		 0.147788
EAB_ttc             		 1.08839
EAB_tti             		 0.622098
EAB_ty              		 7.69209e-08
EAB_u               		 1
EAB_utili           		 -73.9339
EAB_utilj           		 -156.284
EAB_vi              		 2.38
EAB_vj              		 2.38
EAB_w               		 1.05066
EAB_wcst            		 0
EAB_whty            		 0.574241
EAB_wi              		 1.15885
EAB_witilde         		 1.15885
EAB_wj              		 0.875516
EAB_wjtilde         		 0.875516
EAB_wnty            		 0.490019
EAB_wy              		 0.522465
EAB_y               		 3.42211
EAB_ygap            		 -7.25542e-08
EAB_ygrowth         		 1
EAB_ygrowth4        		 1
EAB_yhty            		 0.385242
EAB_ynty            		 0.614758
EAB_yshare          		 0.0679121
EAB_ysn             		 1.91895
EAB_yst             		 1.50315
EAB_zcon            		 1
EAB_zinv            		 1
EAB_zn              		 1
EAB_zt              		 1
RWEAA_excy          		 0.0581516
RWEAB_excy          		 0.0124613
RWUS_excy           		 0.0405166
RWEAA_exiy          		 0.00280587
RWEAB_exiy          		 0.00623067
RWUS_exiy           		 0.0239031
RWEAA_fx            		 0.83583
RWEAB_fx            		 0.256299
RWUS_fx             		 0.883304
RWEAA_gammaimc      		 0
RWEAB_gammaimc      		 0
RWUS_gammaimc       		 0
RWEAA_gammaimcdag   		 1
RWEAB_gammaimcdag   		 1
RWUS_gammaimcdag    		 1
RWEAA_gammaimi      		 0
RWEAB_gammaimi      		 0
RWUS_gammaimi       		 0
RWEAA_gammaimidag   		 1
RWEAB_gammaimidag   		 1
RWUS_gammaimidag    		 1
RWEAA_gx            		 1.003
RWEAB_gx            		 0.307559
RWUS_gx             		 1.05996
RWEAA_im            		 0.210742
RWEAB_im            		 0.060961
RWUS_im             		 0.333987
RWEAA_imc           		 0.130197
RWEAB_imc           		 0.0360998
RWUS_imc            		 0.181023
RWEAA_imcy          		 0.0354001
RWEAB_imcy          		 0.0106
RWUS_imcy           		 0.0399996
RWEAA_imi           		 0.0805455
RWEAB_imi           		 0.0248612
RWUS_imi            		 0.152964
RWEAA_imiy          		 0.0219001
RWEAB_imiy          		 0.00730002
RWUS_imiy           		 0.0337997
RWEAA_piim          		 1.00496
RWEAB_piim          		 1.00496
RWUS_piim           		 1.00496
RWEAA_pim           		 1.14315
RWEAB_pim           		 1.23453
RWUS_pim            		 0.929017
RWEAA_pimtilde      		 1.14315
RWEAB_pimtilde      		 1.23453
RWUS_pimtilde       		 0.929017
RWEAA_rer           		 1.23582
RWEAB_rer           		 1.33013
RWUS_rer            		 0.974048
RWEAA_sx            		 1
RWEAB_sx            		 1
RWUS_sx             		 1
RWEAA_tot           		 1.21004
RWEAB_tot           		 1.30677
RWUS_tot            		 0.983375
RWEAA_weight        		 0.400794
RWEAB_weight        		 0.127997
RWUS_weight         		 0.47121
RWEAA_weightex      		 0.417577
RWEAB_weightex      		 0.136127
RWUS_weightex       		 0.446296
RWEAA_weightim      		 0.384567
RWEAB_weightim      		 0.120135
RWUS_weightim       		 0.495301
RW_b                		 10.0905
RW_bf               		 1.73512
RW_by               		 2.4
RW_c                		 2.71125
RW_ci               		 3.14728
RW_cj               		 1.40314
RW_cy               		 0.644865
RW_d                		 0.410514
RW_dn               		 0.410514
RW_dt               		 -8.98177e-08
RW_epsilonm         		 -0.750001
RW_etot             		 1.10823
RW_ex               		 0.641162
RW_fh               		 3.08666
RW_fi               		 633.287
RW_fj               		 23.4551
RW_fn               		 8.12311
RW_g                		 0.668718
RW_gammab           		 0
RW_gammai           		 0
RW_gammaider        		 0
RW_gammau           		 7.97973e-17
RW_gammauder        		 0.0338385
RW_gammav           		 0.000273885
RW_gammavi          		 0.000101018
RW_gammavider       		 0.00216519
RW_gammavj          		 0.000101018
RW_gammavjder       		 0.00216519
RW_gh               		 3.70399
RW_gi               		 16.1745
RW_gj               		 12.0932
RW_gn               		 10.3795
RW_gy               		 0.16
RW_ht               		 1.00183
RW_htc              		 0.616286
RW_hti              		 0.385544
RW_i                		 0.848263
RW_ii               		 1.13102
RW_im               		 0.595774
RW_imc              		 0.341667
RW_imcy             		 0.0859997
RW_imi              		 0.254107
RW_imiy             		 0.0629998
RW_imy              		 0.149
RW_internalrer      		 1.01715
RW_iy               		 0.2
RW_k                		 33.9305
RW_kd               		 33.9305
RW_kdn              		 20.0486
RW_kdt              		 13.8819
RW_ki               		 45.2407
RW_lambdai          		 0.978619
RW_lambdaj          		 2.19506
RW_lcy              		 0.631652
RW_m                		 1.13918
RW_mcn              		 0.787269
RW_mct              		 0.787269
RW_mi               		 1.32239
RW_mj               		 0.589556
RW_nd               		 2.08779
RW_ndi              		 0.914508
RW_ndj              		 1.2431
RW_ndn              		 1.23362
RW_ndt              		 0.854172
RW_ni               		 0.914508
RW_nj               		 1.2431
RW_nt               		 2.6365
RW_ntc              		 1.75727
RW_nti              		 0.210514
RW_pex              		 0.944723
RW_pht              		 0.944722
RW_phttilde         		 0.944722
RW_pi               		 0.991288
RW_pic              		 1.00496
RW_pic4             		 1.02
RW_piex4            		 1.02
RW_piht             		 1.00496
RW_piimc            		 1.00496
RW_piimc4           		 1.02
RW_piimi            		 1.00496
RW_pim              		 1.05148
RW_pimc             		 1.05827
RW_pimi             		 1.04237
RW_pint             		 1.00496
RW_piw              		 1.00496
RW_piw4             		 1.02
RW_pnt              		 1.00595
RW_pnttilde         		 1.00595
RW_pttc             		 0.988989
RW_ptti             		 0.986424
RW_py               		 0.982446
RW_q                		 0.991288
RW_qc               		 2.71152
RW_qi               		 0.848263
RW_r                		 1.01242
RW_reer             		 1.11515
RW_rer              		 0.974048
RW_rerdep           		 1
RW_rk               		 0.0335437
RW_rp               		 0
RW_rr               		 1.00742
RW_rrstar           		 1.00742
RW_sh               		 1
RW_si               		 1
RW_sj               		 1
RW_snt              		 1
RW_t                		 1.16308e-06
RW_tauc             		 0.077
RW_taud             		 0
RW_tauk             		 0.160823
RW_taun             		 0.154
RW_tauwf            		 0.071
RW_tauwh            		 0.071
RW_tb               		 -0.0207289
RW_tby              		 -0.00493033
RW_ti               		 1.39569e-06
RW_tj               		 4.65232e-07
RW_tot              		 0.983375
RW_tr               		 0.24955
RW_tri              		 0.166366
RW_trj              		 0.499099
RW_try              		 0.0593548
RW_ttc              		 0.954302
RW_tti              		 0.637764
RW_ty               		 2.76636e-07
RW_u                		 1
RW_utili            		 -42.4278
RW_utilj            		 -204.493
RW_vi               		 2.38
RW_vj               		 2.38
RW_w                		 1.18769
RW_wcst             		 0
RW_whty             		 0.653595
RW_wi               		 1.27914
RW_witilde          		 1.27914
RW_wj               		 1.05371
RW_wjtilde          		 1.05371
RW_wnty             		 0.55243
RW_wy               		 0.589778
RW_y                		 4.27949
RW_ygap             		 -5.70228e-07
RW_ygrowth          		 1
RW_ygrowth4         		 1
RW_yhty             		 0.369181
RW_ynty             		 0.630819
RW_yshare           		 0.464325
RW_ysn              		 2.6365
RW_yst              		 1.64299
RW_zcon             		 1
RW_zinv             		 1
RW_zn               		 1
RW_zt               		 1
USEAA_excy          		 0.00251028
USEAB_excy          		 0.00256136
USRW_excy           		 0.0609127
USEAA_exiy          		 0.00347167
USEAB_exiy          		 0.00129182
USRW_exiy           		 0.0514713
USEAA_fx            		 0.0838374
USEAB_fx            		 0.0540025
USRW_fx             		 1.57507
USEAA_gammaimc      		 0
USEAB_gammaimc      		 0
USRW_gammaimc       		 0
USEAA_gammaimcdag   		 1
USEAB_gammaimcdag   		 1
USRW_gammaimcdag    		 1
USEAA_gammaimi      		 0
USEAB_gammaimi      		 0
USRW_gammaimi       		 0
USEAA_gammaimidag   		 1
USEAB_gammaimidag   		 1
USRW_gammaimidag    		 1
USEAA_gx            		 0.100605
USEAB_gx            		 0.064803
USRW_gx             		 1.89008
USEAA_im            		 0.0421095
USEAB_im            		 0.0169533
USRW_im             		 0.434662
USEAA_imc           		 0.0285611
USEAB_imc           		 0.010511
USRW_imc            		 0.27338
USEAA_imcy          		 0.0078
USEAB_imcy          		 0.0031
USRW_imcy           		 0.0617
USEAA_imi           		 0.0135483
USEAB_imi           		 0.00644229
USRW_imi            		 0.161282
USEAA_imiy          		 0.00370004
USEAB_imiy          		 0.00190002
USRW_imiy           		 0.0364004
USEAA_piim          		 1.00496
USEAB_piim          		 1.00496
USRW_piim           		 1.00496
USEAA_pim           		 1.17361
USEAB_pim           		 1.26742
USRW_pim            		 0.969893
USEAA_pimtilde      		 1.17361
USEAB_pimtilde      		 1.26742
USRW_pimtilde       		 0.969893
USEAA_rer           		 1.26875
USEAB_rer           		 1.36557
USRW_rer            		 1.02664
USEAA_sx            		 1
USEAB_sx            		 1
USRW_sx             		 1
USEAA_tot           		 1.2305
USEAB_tot           		 1.32886
USRW_tot            		 1.01691
USEAA_weight        		 0.0961376
USEAB_weight        		 0.0430243
USRW_weight         		 0.860835
USEAA_weightex      		 0.0921894
USEAB_weightex      		 0.0424567
USRW_weightex       		 0.865354
USEAA_weightim      		 0.100348
USEAB_weightim      		 0.0436297
USRW_weightim       		 0.856016
US_b                		 10.3159
US_bf               		 -2.66943
US_by               		 2.40046
US_c                		 2.7173
US_ci               		 3.14715
US_cj               		 1.42772
US_cy               		 0.632314
US_d                		 0.415815
US_dn               		 0.415822
US_dt               		 -6.64169e-06
US_epsilonm         		 -0.750001
US_etot             		 1.04771
US_ex               		 0.550682
US_fh               		 3.54063
US_fi               		 955.593
US_fj               		 35.3923
US_fn               		 8.22821
US_g                		 0.677043
US_gammai           		 0
US_gammaider        		 0
US_gammau           		 0
US_gammauder        		 0.0338714
US_gammav           		 0.000274496
US_gammavi          		 0.000101018
US_gammavider       		 0.00216519
US_gammavj          		 0.000101018
US_gammavjder       		 0.00216519
US_gh               		 4.24876
US_gi               		 18.5526
US_gj               		 13.632
US_gn               		 10.5138
US_gy               		 0.16
US_ht               		 1.13827
US_htc              		 0.655762
US_hti              		 0.482513
US_i                		 0.877383
US_ii               		 1.16984
US_im               		 0.490039
US_imc              		 0.310072
US_imcy             		 0.0726
US_imi              		 0.179967
US_imiy             		 0.0420004
US_imy              		 0.1146
US_internalrer      		 1.04552
US_iy               		 0.2
US_k                		 35.0953
US_kd               		 35.0953
US_kdn              		 20.5305
US_kdt              		 14.5648
US_ki               		 46.7938
US_lambdai          		 0.978659
US_lambdaj          		 2.15728
US_lcy              		 0.632268
US_m                		 1.14172
US_mcn              		 0.794808
US_mct              		 0.794808
US_mi               		 1.32233
US_mj               		 0.599883
US_nd               		 2.09736
US_ndi              		 0.922653
US_ndj              		 1.244
US_ndn              		 1.22694
US_ndt              		 0.870419
US_ni               		 0.922653
US_nj               		 1.244
US_nt               		 2.64528
US_ntc              		 1.75281
US_nti              		 0.215424
US_pex              		 0.953768
US_pht              		 0.953769
US_phttilde         		 0.953769
US_pi               		 0.979594
US_pic              		 1.00496
US_pic4             		 1.02
US_piex4            		 1.02
US_piht             		 1.00496
US_piimc            		 1.00496
US_piimc4           		 1.02
US_piimi            		 1.00496
US_pim              		 1.00499
US_pimc             		 1.00619
US_pimi             		 1.00292
US_pint             		 1.00496
US_piw              		 1.00496
US_piw4             		 1.02
US_pnt              		 1.01559
US_pnttilde         		 1.01559
US_pttc             		 0.971372
US_ptti             		 0.96774
US_py               		 0.991498
US_q                		 0.979594
US_qc               		 2.71757
US_qi               		 0.877383
US_r                		 1.01242
US_reer             		 1.0607
US_rer              		 1
US_rk               		 0.0331802
US_rr               		 1.00742
US_rrstar           		 1.00742
US_sh               		 1
US_si               		 1
US_sj               		 1
US_snt              		 1
US_t                		 0.000196758
US_tauc             		 0.077
US_taud             		 0
US_tauk             		 0.163936
US_taun             		 0.154
US_tauwf            		 0.071
US_tauwh            		 0.071
US_tb               		 0.0327405
US_tby              		 0.00761869
US_ti               		 0.000236109
US_tj               		 7.87031e-05
US_tr               		 0.252835
US_tri              		 0.168556
US_trj              		 0.505669
US_try              		 0.0588333
US_ttc              		 0.965064
US_tti              		 0.662055
US_ty               		 4.57845e-05
US_u                		 1
US_utili            		 -43.3671
US_utilj            		 -202.324
US_vi               		 2.38
US_vj               		 2.38
US_w                		 1.20961
US_wcst             		 0
US_whty             		 0.653597
US_wi               		 1.30197
US_witilde          		 1.30197
US_wj               		 1.07372
US_wjtilde          		 1.07372
US_wnty             		 0.55243
US_wy               		 0.590353
US_y                		 4.33424
US_ygap             		 -2.18343e-05
US_ygrowth          		 1
US_ygrowth4         		 1
US_yhty             		 0.37485
US_ynty             		 0.62515
US_yshare           		 0.304909
US_ysn              		 2.64528
US_yst              		 1.68896
US_zcon             		 1
US_zinv             		 1
US_zn               		 1
US_zt               		 1
EAAEAB_nerdep       		 1
EAA_gammabh         		 0
EAA_bh              		 1.68744e-11
EAB_bh              		 -4.49985e-11
MODEL STEADY STATE: (method=ByteCode own solver)
-----------------------------------
      Simulate iteration no 1     
      max. error=2.5829725103e-01       
      sqr. error=1.3908951256e-01       
      abs. error=6.5338526365e-01       
-----------------------------------
Error: Simulation diverging, trying to correct it using slowc=0.100000
MODEL STEADY STATE: (method=ByteCode own solver)
-----------------------------------
      Simulate iteration no 2     
      max. error=2.3246373484e-01       
      sqr. error=1.1325010399e-01       
      abs. error=6.4461910000e-01       
-----------------------------------
Error: Simulation diverging, trying to correct it using slowc=0.100000
MODEL STEADY STATE: (method=ByteCode own solver)
-----------------------------------
      Simulate iteration no 3     
      max. error=2.0921439269e-01       
      sqr. error=9.3095356573e-02       
      abs. error=6.2869706093e-01       
-----------------------------------
Error: Simulation diverging, trying to correct it using slowc=0.100000
MODEL STEADY STATE: (method=ByteCode own solver)
-----------------------------------
      Simulate iteration no 4     
      max. error=1.8829062271e-01       
      sqr. error=7.7135838046e-02       
      abs. error=6.0727607025e-01       
-----------------------------------
Error: Simulation diverging, trying to correct it using slowc=0.100000
MODEL STEADY STATE: (method=ByteCode own solver)
-----------------------------------
      Simulate iteration no 5     
      max. error=1.6945972619e-01       
      sqr. error=6.4305982897e-02       
      abs. error=5.8177953636e-01       
-----------------------------------
Error: Simulation diverging, trying to correct it using slowc=0.100000
MODEL STEADY STATE: (method=ByteCode own solver)
-----------------------------------
      Simulate iteration no 6     
      max. error=1.5251230680e-01       
      sqr. error=5.3846356879e-02       
      abs. error=5.5341817883e-01       
-----------------------------------
Error: Simulation diverging, trying to correct it using slowc=0.100000
MODEL STEADY STATE: (method=ByteCode own solver)
-----------------------------------
      Simulate iteration no 7     
      max. error=1.3725993258e-01       
      sqr. error=4.5215171418e-02       
      abs. error=5.2320900620e-01       
-----------------------------------
Error: Simulation diverging, trying to correct it using slowc=0.100000
MODEL STEADY STATE: (method=ByteCode own solver)
-----------------------------------
      Simulate iteration no 8     
      max. error=1.2353303369e-01       
      sqr. error=3.8023246250e-02       
      abs. error=4.9199388090e-01       
-----------------------------------
Error: Simulation diverging, trying to correct it using slowc=0.100000
MODEL STEADY STATE: (method=ByteCode own solver)
-----------------------------------
      Simulate iteration no 9     
      max. error=1.1117901176e-01       
      sqr. error=3.1987251039e-02       
      abs. error=4.6045814748e-01       
-----------------------------------
Error: Simulation diverging, trying to correct it using slowc=0.100000
MODEL STEADY STATE: (method=ByteCode own solver)
-----------------------------------
      Simulate iteration no 10     
      max. error=1.0006053948e-01       
      sqr. error=2.6896792987e-02       
      abs. error=4.2914915175e-01       
-----------------------------------
Error: Simulation diverging, trying to correct it using slowc=0.100000
MODEL STEADY STATE: (method=ByteCode own solver)
-----------------------------------
      Simulate iteration no 11     
      max. error=9.0054030885e-02       
      sqr. error=2.2591704642e-02       
      abs. error=3.9849426205e-01       
-----------------------------------
MODEL STEADY STATE: (method=ByteCode own solver)
-----------------------------------
      Simulate iteration no 12     
      max. error=3.3761291834e-01       
      sqr. error=2.3566524267e-01       
      abs. error=1.0610758291e+00       
-----------------------------------
MODEL STEADY STATE: (method=ByteCode own solver)
-----------------------------------
      Simulate iteration no 13     
      max. error=4.9718056690e-04       
      sqr. error=3.3833760390e-07       
      abs. error=9.2547322755e-04       
-----------------------------------
 
STEADY-STATE RESULTS:
 
EA_bf               		 0.0561905
EA_m                		 0.999796
EA_pic4             		 1.02
EA_y                		 3.88954
EA_ygrowth          		 1
EA_ygrowth4         		 1
EA_z                		 1
EAAEAB_excy         		 0.0392648
EAARW_excy          		 0.104974
EAAUS_excy          		 0.015182
EAAEAB_exiy         		 0.0185572
EAARW_exiy          		 0.0649484
EAAUS_exiy          		 0.00720412
EAAEAB_fx           		 0.706405
EAARW_fx            		 2.07592
EAAUS_fx            		 0.273488
EAAEAB_gammaimc     		 0
EAARW_gammaimc      		 0
EAAUS_gammaimc      		 0
EAAEAB_gammaimcdag  		 1
EAARW_gammaimcdag   		 1
EAAUS_gammaimcdag   		 1
EAAEAB_gammaimi     		 0
EAARW_gammaimi      		 0
EAAUS_gammaimi      		 0
EAAEAB_gammaimidag  		 1
EAARW_gammaimidag   		 1
EAAUS_gammaimidag   		 1
EAAEAB_gx           		 0.847686
EAARW_gx            		 2.4911
EAAUS_gx            		 0.328186
EAAEAB_im           		 0.195725
EAARW_im            		 0.825986
EAAUS_im            		 0.052284
EAAEAB_imc          		 0.117274
EAARW_imc           		 0.790761
EAAUS_imc           		 0.0229639
EAAEAB_imcy         		 0.033043
EAARW_imcy          		 0.174093
EAAUS_imcy          		 0.00495696
EAAEAB_imi          		 0.0784509
EAARW_imi           		 0.0352253
EAAUS_imi           		 0.0293201
EAAEAB_imiy         		 0.0221043
EAARW_imiy          		 0.00775515
EAAUS_imiy          		 0.006329
EAAEAB_piim         		 1.00496
EAARW_piim          		 1.00496
EAAUS_piim          		 1.00496
EAAEAB_pim          		 1.05547
EAARW_pim           		 0.824718
EAAUS_pim           		 0.808612
EAAEAB_pimtilde     		 1.05547
EAARW_pimtilde      		 0.824718
EAAUS_pimtilde      		 0.808612
EAAEAB_rer          		 1.07541
EAARW_rer           		 0.871308
EAAUS_rer           		 0.847743
EAAEAB_sx           		 1
EAARW_sx            		 1
EAAUS_sx            		 1
EAAEAB_tot          		 1.08422
EAARW_tot           		 0.847176
EAAUS_tot           		 0.830632
EAAEAB_weight       		 0.217649
EAARW_weight        		 0.69425
EAAUS_weight        		 0.0881005
EAAEAB_weightex     		 0.213215
EAARW_weightex      		 0.656356
EAAUS_weightex      		 0.130429
EAAEAB_weightim     		 0.222116
EAARW_weightim      		 0.732427
EAAUS_weightim      		 0.0454564
EAA_b               		 7.47218
EAA_bf              		 -0.666111
EAA_by              		 2.13181
EAA_c               		 2.29755
EAA_ci              		 2.5714
EAA_cj              		 1.47599
EAA_cy              		 0.61333
EAA_d               		 0.374687
EAA_dn              		 0.361428
EAA_dt              		 0.0132587
EAA_epsilonm        		 -0.750001
EAA_etot            		 0.892357
EAA_ex              		 0.962507
EAA_fh              		 5.64707
EAA_fi              		 25.6644
EAA_fj              		 0.950533
EAA_fn              		 17.0636
EAA_g               		 0.636666
EAA_gammab          		 0
EAA_gammai          		 0
EAA_gammaider       		 0
EAA_gammau          		 4.1405e-18
EAA_gammauder       		 0.0341552
EAA_gammav          		 0.000232093
EAA_gammavi         		 0.000101018
EAA_gammavider      		 0.00216519
EAA_gammavj         		 0.000101018
EAA_gammavjder      		 0.00216519
EAA_gh              		 6.77648
EAA_gi              		 6.0735
EAA_gj              		 3.52697
EAA_gn              		 25.5955
EAA_gy              		 0.2
EAA_ht              		 0.604031
EAA_htc             		 0.18199
EAA_hti             		 0.422041
EAA_i               		 0.737855
EAA_ii              		 0.983807
EAA_im              		 1.06168
EAA_imc             		 0.9214
EAA_imcy            		 0.212093
EAA_imi             		 0.140278
EAA_imiy            		 0.0361884
EAA_imy             		 0.248281
EAA_internalrer     		 1.24687
EAA_iy              		 0.197622
EAA_k               		 29.5142
EAA_kd              		 29.5142
EAA_kdn             		 16.2796
EAA_kdt             		 13.2346
EAA_ki              		 39.3523
EAA_lambdai         		 1.09094
EAA_lambdaj         		 1.90057
EAA_lcy             		 0.629984
EAA_m               		 0.965355
EAA_mcn             		 0.73405
EAA_mct             		 0.811242
EAA_mi              		 1.08042
EAA_mj              		 0.620165
EAA_nd              		 1.7938
EAA_ndi             		 0.872136
EAA_ndj             		 0.998289
EAA_ndn             		 0.989435
EAA_ndt             		 0.804364
EAA_ni              		 0.872136
EAA_nj              		 0.998289
EAA_nt              		 2.01713
EAA_ntc             		 1.20438
EAA_nti             		 0.176084
EAA_pex             		 0.97349
EAA_pht             		 0.97349
EAA_phttilde        		 0.97349
EAA_pi              		 1.00331
EAA_pic             		 1.00496
EAA_pic4            		 1.02
EAA_piex4           		 1.02
EAA_piht            		 1.00496
EAA_piimc           		 1.00496
EAA_piimc4          		 1.02
EAA_piimi           		 1.00496
EAA_pim             		 0.876033
EAA_pimc            		 0.862278
EAA_pimi            		 0.966386
EAA_pint            		 1.00496
EAA_piw             		 1.00496
EAA_piw4            		 1.02
EAA_pnt             		 1.10108
EAA_pnttilde        		 1.10108
EAA_pttc            		 0.883071
EAA_ptti            		 0.97173
EAA_py              		 1.0453
EAA_q               		 1.00331
EAA_qc              		 2.29778
EAA_qi              		 0.737855
EAA_r               		 1.01242
EAA_reer            		 0.909947
EAA_rer             		 0.847743
EAA_rerdep          		 1
EAA_rk              		 0.0342682
EAA_rp              		 0
EAA_rr              		 1.00742
EAA_rrstar          		 1.00742
EAA_sh              		 1
EAA_si              		 1
EAA_sj              		 1
EAA_snt             		 1
EAA_t               		 -0.094002
EAA_tauc            		 0.183
EAA_taud            		 0
EAA_tauk            		 0.189851
EAA_taun            		 0.122
EAA_tauwf           		 0.219
EAA_tauwh           		 0.118
EAA_tb              		 0.00692591
EAA_tby             		 0.00184887
EAA_ti              		 -0.112802
EAA_tj              		 -0.0376008
EAA_tot             		 0.830632
EAA_tr              		 0.515528
EAA_tri             		 0.343685
EAA_trj             		 1.03106
EAA_try             		 0.14708
EAA_ttc             		 1.10033
EAA_tti             		 0.562312
EAA_ty              		 -0.0268188
EAA_u               		 1
EAA_utili           		 -65.2833
EAA_utilj           		 -155.691
EAA_vi              		 2.38
EAA_vj              		 2.38
EAA_w               		 1.07925
EAA_wcst            		 0
EAA_whty            		 0.569249
EAA_wi              		 1.19288
EAA_witilde         		 1.19288
EAA_wj              		 0.897136
EAA_wjtilde         		 0.897136
EAA_wnty            		 0.480794
EAA_wy              		 0.516804
EAA_y               		 3.58366
EAA_ygap            		 0.0767094
EAA_ygrowth         		 1
EAA_ygrowth4        		 1
EAA_yhty            		 0.407102
EAA_ynty            		 0.592898
EAA_yshare          		 0.161655
EAA_ysn             		 2.01713
EAA_yst             		 1.56654
EAA_zcon            		 1
EAA_zinv            		 1
EAA_zn              		 1.10516
EAA_zt              		 1
EABEAA_excy         		 0.0789565
EABRW_excy          		 0.0746645
EABUS_excy          		 0.0143327
EABEAA_exiy         		 0.0528183
EABRW_exiy          		 0.0514255
EABUS_exiy          		 0.00878749
EABEAA_fx           		 1.67063
EABRW_fx            		 1.59856
EABUS_fx            		 0.293116
EABEAA_gammaimc     		 0
EABRW_gammaimc      		 0
EABUS_gammaimc      		 0
EABEAA_gammaimcdag  		 1
EABRW_gammaimcdag   		 1
EABUS_gammaimcdag   		 1
EABEAA_gammaimi     		 0
EABRW_gammaimi      		 0
EABUS_gammaimi      		 0
EABEAA_gammaimidag  		 1
EABRW_gammaimidag   		 1
EABUS_gammaimidag   		 1
EABEAA_gx           		 2.00476
EABRW_gx            		 1.91827
EABUS_gx            		 0.351739
EABEAA_im           		 0.593335
EABRW_im            		 0.659309
EABUS_im            		 0.0914207
EABEAA_imc          		 0.402912
EABRW_imc           		 0.447712
EABUS_imc           		 0.0619076
EABEAA_imcy         		 0.0938235
EABRW_imcy          		 0.0883231
EABUS_imcy          		 0.0119744
EABEAA_imi          		 0.190423
EABRW_imi           		 0.211597
EABUS_imi           		 0.0295131
EABEAA_imiy         		 0.0443427
EABRW_imiy          		 0.0417431
EABUS_imiy          		 0.00570854
EABEAA_piim         		 1.00496
EABRW_piim          		 1.00496
EABUS_piim          		 1.00496
EABEAA_pim          		 0.905231
EABRW_pim           		 0.76689
EABUS_pim           		 0.751914
EABEAA_pimtilde     		 0.905231
EABRW_pimtilde      		 0.76689
EABUS_pimtilde      		 0.751914
EABEAA_rer          		 0.929882
EABRW_rer           		 0.810214
EABUS_rer           		 0.788301
EABEAA_sx           		 1
EABRW_sx            		 1
EABUS_sx            		 1
EABEAA_tot          		 0.922325
EABRW_tot           		 0.781371
EABUS_tot           		 0.766112
EABEAA_weight       		 0.450557
EABRW_weight        		 0.464865
EABUS_weight        		 0.084578
EABEAA_weightex     		 0.417298
EABRW_weightex      		 0.474994
EABUS_weightex      		 0.107708
EABEAA_weightim     		 0.483242
EABRW_weightim      		 0.454912
EABUS_weightim      		 0.0618468
EAB_b               		 7.64558
EAB_bf              		 1.98233
EAB_by              		 2.11122
EAB_c               		 2.41389
EAB_ci              		 2.70683
EAB_cj              		 1.53506
EAB_cy              		 0.620954
EAB_d               		 0.392991
EAB_dn              		 0.379594
EAB_dt              		 0.0133974
EAB_epsilonm        		 -0.750001
EAB_etot            		 0.840591
EAB_ex              		 1.11292
EAB_fh              		 4.45012
EAB_fi              		 42.255
EAB_fj              		 1.565
EAB_fn              		 17.9141
EAB_g               		 0.652449
EAB_gammab          		 0
EAB_gammai          		 0
EAB_gammaider       		 0
EAB_gammau          		 2.31369e-17
EAB_gammauder       		 0.0341188
EAB_gammav          		 0.000243846
EAB_gammavi         		 0.000101018
EAB_gammavider      		 0.00216519
EAB_gammavj         		 0.000101018
EAB_gammavjder      		 0.00216519
EAB_gh              		 5.34015
EAB_gi              		 6.81286
EAB_gj              		 4.00446
EAB_gn              		 26.8712
EAB_gy              		 0.2
EAB_ht              		 0.472133
EAB_htc             		 0.265473
EAB_hti             		 0.20666
EAB_i               		 0.815448
EAB_ii              		 1.08726
EAB_im              		 1.33223
EAB_imc             		 0.904494
EAB_imcy            		 0.194121
EAB_imi             		 0.427732
EAB_imiy            		 0.0917943
EAB_imy             		 0.285915
EAB_internalrer     		 1.27123
EAB_iy              		 0.197598
EAB_k               		 32.6179
EAB_kd              		 32.6179
EAB_kdn             		 18.2217
EAB_kdt             		 14.3962
EAB_ki              		 43.4906
EAB_lambdai         		 1.03635
EAB_lambdaj         		 1.82744
EAB_lcy             		 0.629234
EAB_m               		 1.01424
EAB_mcn             		 0.740065
EAB_mct             		 0.817889
EAB_mi              		 1.13732
EAB_mj              		 0.644984
EAB_nd              		 1.7879
EAB_ndi             		 0.86709
EAB_ndj             		 0.997907
EAB_ndn             		 0.998796
EAB_ndt             		 0.789107
EAB_ni              		 0.86709
EAB_nj              		 0.997907
EAB_nt              		 2.10045
EAB_ntc             		 1.26021
EAB_nti             		 0.187792
EAB_pex             		 0.981467
EAB_pht             		 0.981467
EAB_phttilde        		 0.981467
EAB_pi              		 0.941982
EAB_pic             		 1.00496
EAB_pic4            		 1.02
EAB_piex4           		 1.02
EAB_piht            		 1.00496
EAB_piimc           		 1.00496
EAB_piimc4          		 1.02
EAB_piimi           		 1.00496
EAB_pim             		 0.83429
EAB_pimc            		 0.834304
EAB_pimi            		 0.834261
EAB_pint            		 1.00496
EAB_piw             		 1.00496
EAB_piw4            		 1.02
EAB_pnt             		 1.1101
EAB_pnttilde        		 1.1101
EAB_pttc            		 0.873243
EAB_ptti            		 0.88901
EAB_py              		 1.05478
EAB_q               		 0.941982
EAB_qc              		 2.41413
EAB_qi              		 0.815448
EAB_r               		 1.01242
EAB_reer            		 0.860099
EAB_rer             		 0.788301
EAB_rerdep          		 1
EAB_rk              		 0.0321393
EAB_rp              		 0
EAB_rr              		 1.00742
EAB_rrstar          		 1.00742
EAB_sh              		 1
EAB_si              		 1
EAB_sj              		 1
EAB_snt             		 1
EAB_t               		 -0.10458
EAB_tauc            		 0.183
EAB_taud            		 0
EAB_tauk            		 0.186621
EAB_taun            		 0.122
EAB_tauwf           		 0.219
EAB_tauwh           		 0.118
EAB_tb              		 -0.0191661
EAB_tby             		 -0.00493033
EAB_ti              		 -0.125497
EAB_tj              		 -0.0418322
EAB_tot             		 0.766112
EAB_tr              		 0.535201
EAB_tri             		 0.356801
EAB_trj             		 1.0704
EAB_try             		 0.147788
EAB_ttc             		 1.16253
EAB_tti             		 0.629544
EAB_ty              		 -0.0288784
EAB_u               		 1
EAB_utili           		 -57.7932
EAB_utilj           		 -150.309
EAB_vi              		 2.38
EAB_vj              		 2.38
EAB_w               		 1.12233
EAB_wcst            		 0
EAB_whty            		 0.569296
EAB_wi              		 1.24122
EAB_witilde         		 1.24122
EAB_wj              		 0.932324
EAB_wjtilde         		 0.932324
EAB_wnty            		 0.480757
EAB_wy              		 0.516189
EAB_y               		 3.68551
EAB_ygap            		 0.0769708
EAB_ygrowth         		 1
EAB_ygrowth4        		 1
EAB_yhty            		 0.400187
EAB_ynty            		 0.599813
EAB_yshare          		 0.0676521
EAB_ysn             		 2.10045
EAB_yst             		 1.58506
EAB_zcon            		 1
EAB_zinv            		 1
EAB_zn              		 1.10516
EAB_zt              		 1
RWEAA_excy          		 0.0603848
RWEAB_excy          		 0.0128207
RWUS_excy           		 0.0401333
RWEAA_exiy          		 0.00268991
RWEAB_exiy          		 0.00605931
RWUS_exiy           		 0.0236847
RWEAA_fx            		 0.867999
RWEAB_fx            		 0.259816
RWUS_fx             		 0.878227
RWEAA_gammaimc      		 0
RWEAB_gammaimc      		 0
RWUS_gammaimc       		 0
RWEAA_gammaimcdag   		 1
RWEAB_gammaimcdag   		 1
RWUS_gammaimcdag    		 1
RWEAA_gammaimi      		 0
RWEAB_gammaimi      		 0
RWUS_gammaimi       		 0
RWEAA_gammaimidag   		 1
RWEAB_gammaimidag   		 1
RWUS_gammaimidag    		 1
RWEAA_gx            		 1.0416
RWEAB_gx            		 0.31178
RWUS_gx             		 1.05387
RWEAA_im            		 0.222592
RWEAB_im            		 0.0637553
RWUS_im             		 0.334016
RWEAA_imc           		 0.137512
RWEAB_imc           		 0.0377528
RWUS_imc            		 0.18103
RWEAA_imcy          		 0.0364105
RWEAB_imcy          		 0.0108381
RWUS_imcy           		 0.0398148
RWEAA_imi           		 0.0850802
RWEAB_imi           		 0.0260024
RWUS_imi            		 0.152987
RWEAA_imiy          		 0.0225276
RWEAB_imiy          		 0.00746478
RWUS_imiy           		 0.0336472
RWEAA_piim          		 1.00496
RWEAB_piim          		 1.00496
RWUS_piim           		 1.00496
RWEAA_pim           		 1.11727
RWEAB_pim           		 1.21137
RWUS_pim            		 0.928044
RWEAA_pimtilde      		 1.11727
RWEAB_pimtilde      		 1.21137
RWUS_pimtilde       		 0.928044
RWEAA_rer           		 1.1477
RWEAB_rer           		 1.23424
RWUS_rer            		 0.972955
RWEAA_sx            		 1
RWEAB_sx            		 1
RWUS_sx             		 1
RWEAA_tot           		 1.18039
RWEAB_tot           		 1.2798
RWUS_tot            		 0.980471
RWEAA_weight        		 0.408418
RWEAB_weight        		 0.128918
RWUS_weight         		 0.462664
RWEAA_weightex      		 0.426333
RWEAB_weightex      		 0.136639
RWUS_weightex       		 0.437028
RWEAA_weightim      		 0.391088
RWEAB_weightim      		 0.12145
RWUS_weightim       		 0.487462
RW_b                		 10.0511
RW_bf               		 1.74337
RW_by               		 2.39062
RW_c                		 2.7237
RW_ci               		 3.16225
RW_cj               		 1.40805
RW_cy               		 0.645485
RW_d                		 0.4128
RW_dn               		 0.41258
RW_dt               		 0.000219431
RW_epsilonm         		 -0.750001
RW_etot             		 1.09463
RW_ex               		 0.649854
RW_fh               		 3.07002
RW_fi               		 684.918
RW_fj               		 25.3674
RW_fn               		 8.1567
RW_g                		 0.667442
RW_gammab           		 0
RW_gammai           		 0
RW_gammaider        		 0
RW_gammau           		 2.54313e-16
RW_gammauder        		 0.0338385
RW_gammav           		 0.000275143
RW_gammavi          		 0.000101018
RW_gammavider       		 0.00216519
RW_gammavj          		 0.000101018
RW_gammavjder       		 0.00216519
RW_gh               		 3.68403
RW_gi               		 16.524
RW_gj               		 12.3701
RW_gn               		 10.4224
RW_gy               		 0.16
RW_ht               		 0.994529
RW_htc              		 0.611769
RW_hti              		 0.382759
RW_i                		 0.852964
RW_ii               		 1.13728
RW_im               		 0.611871
RW_imc              		 0.351455
RW_imcy             		 0.0870634
RW_imi              		 0.260416
RW_imiy             		 0.0636396
RW_imy              		 0.150703
RW_internalrer      		 1.02276
RW_iy               		 0.199958
RW_k                		 34.1185
RW_kd               		 34.1185
RW_kdn              		 20.1708
RW_kdt              		 13.9477
RW_ki               		 45.4914
RW_lambdai          		 0.973987
RW_lambdaj          		 2.18742
RW_lcy              		 0.63152
RW_m                		 1.14441
RW_mcn              		 0.788773
RW_mct              		 0.788773
RW_mi               		 1.32868
RW_mj               		 0.591616
RW_nd               		 2.08732
RW_ndi              		 0.91402
RW_ndj              		 1.24316
RW_ndn              		 1.23402
RW_ndt              		 0.853302
RW_ni               		 0.91402
RW_nj               		 1.24316
RW_nt               		 2.64235
RW_ntc              		 1.76365
RW_nti              		 0.211255
RW_pex              		 0.946528
RW_pht              		 0.946528
RW_phttilde         		 0.946528
RW_pi               		 0.989195
RW_pic              		 1.00496
RW_pic4             		 1.02
RW_piex4            		 1.02
RW_piht             		 1.00496
RW_piimc            		 1.00496
RW_piimc4           		 1.02
RW_piimi            		 1.00496
RW_pim              		 1.03929
RW_pimc             		 1.0453
RW_pimi             		 1.03117
RW_pint             		 1.00496
RW_piw              		 1.00496
RW_piw4             		 1.02
RW_pnt              		 1.00788
RW_pnttilde         		 1.00788
RW_pttc             		 0.985453
RW_ptti             		 0.983006
RW_py               		 0.984344
RW_q                		 0.989195
RW_qc               		 2.72398
RW_qi               		 0.852964
RW_r                		 1.01242
RW_reer             		 1.07327
RW_rer              		 0.972955
RW_rerdep           		 1
RW_rk               		 0.0334729
RW_rp               		 0
RW_rr               		 1.00742
RW_rrstar           		 1.00742
RW_sh               		 1
RW_si               		 1
RW_sj               		 1
RW_snt              		 1
RW_t                		 -0.00394383
RW_tauc             		 0.077
RW_taud             		 0
RW_tauk             		 0.160823
RW_taun             		 0.154
RW_tauwf            		 0.071
RW_tauwh            		 0.071
RW_tb               		 -0.0208041
RW_tby              		 -0.00493033
RW_ti               		 -0.0047326
RW_tj               		 -0.00157753
RW_tot              		 0.980471
RW_tr               		 0.24955
RW_tri              		 0.166366
RW_trj              		 0.499099
RW_try              		 0.0593548
RW_ttc              		 0.960402
RW_tti              		 0.641733
RW_ty               		 -0.000938032
RW_u                		 1
RW_utili            		 -41.7283
RW_utilj            		 -204.034
RW_vi               		 2.38
RW_vj               		 2.38
RW_w                		 1.19201
RW_wcst             		 0
RW_whty             		 0.653503
RW_wi               		 1.28385
RW_witilde          		 1.28385
RW_wj               		 1.0575
RW_wjtilde          		 1.0575
RW_wnty             		 0.552339
RW_wy               		 0.589654
RW_y                		 4.28673
RW_ygap             		 0.00169157
RW_ygrowth          		 1
RW_ygrowth4         		 1
RW_yhty             		 0.368862
RW_ynty             		 0.631138
RW_yshare           		 0.466061
RW_ysn              		 2.64235
RW_yst              		 1.64438
RW_zcon             		 1
RW_zinv             		 1
RW_zn               		 1
RW_zt               		 1
USEAA_excy          		 0.00263045
USEAB_excy          		 0.00265925
USRW_excy           		 0.0609133
USEAA_exiy          		 0.00335853
USEAB_exiy          		 0.00126774
USRW_exiy           		 0.0514774
USEAA_fx            		 0.0839447
USEAB_fx            		 0.0550428
USRW_fx             		 1.57533
USEAA_gammaimc      		 0
USEAB_gammaimc      		 0
USRW_gammaimc       		 0
USEAA_gammaimcdag   		 1
USEAB_gammaimcdag   		 1
USRW_gammaimcdag    		 1
USEAA_gammaimi      		 0
USEAB_gammaimi      		 0
USRW_gammaimi       		 0
USEAA_gammaimidag   		 1
USEAB_gammaimidag   		 1
USRW_gammaimidag    		 1
USEAA_gx            		 0.100734
USEAB_gx            		 0.0660514
USRW_gx             		 1.89039
USEAA_im            		 0.0444605
USEAB_im            		 0.017724
USRW_im             		 0.431339
USEAA_imc           		 0.0301526
USEAB_imc           		 0.0109875
USRW_imc            		 0.271257
USEAA_imcy          		 0.00805642
USEAB_imcy          		 0.00318297
USRW_imcy           		 0.0614005
USEAA_imi           		 0.014308
USEAB_imi           		 0.00673653
USRW_imi            		 0.160082
USEAA_imiy          		 0.00382292
USEAB_imiy          		 0.00195151
USRW_imiy           		 0.0362355
USEAA_piim          		 1.00496
USEAB_piim          		 1.00496
USRW_piim           		 1.00496
USEAA_pim           		 1.14833
USEAB_pim           		 1.24504
USRW_pim            		 0.972839
USEAA_pimtilde      		 1.14833
USEAB_pimtilde      		 1.24504
USRW_pimtilde       		 0.972839
USEAA_rer           		 1.1796
USEAB_rer           		 1.26855
USRW_rer            		 1.0278
USEAA_sx            		 1
USEAB_sx            		 1
USRW_sx             		 1
USEAA_tot           		 1.2039
USEAB_tot           		 1.30529
USRW_tot            		 1.01992
USEAA_weight        		 0.0983212
USEAB_weight        		 0.0439215
USRW_weight         		 0.857757
USEAA_weightex      		 0.0933597
USEAB_weightex      		 0.043113
USRW_weightex       		 0.863527
USEAA_weightim      		 0.103614
USEAB_weightim      		 0.0447839
USRW_weightim       		 0.851602
US_b                		 10.3149
US_bf               		 -2.68306
US_by               		 2.40021
US_c                		 2.71749
US_ci               		 3.14737
US_cj               		 1.42785
US_cy               		 0.632293
US_d                		 0.415869
US_dn               		 0.415857
US_dt               		 1.10992e-05
US_epsilonm         		 -0.750001
US_etot             		 1.04798
US_ex               		 0.551092
US_fh               		 3.53997
US_fi               		 957.583
US_fj               		 35.466
US_fn               		 8.22889
US_g                		 0.676992
US_gammai           		 0
US_gammaider        		 0
US_gammau           		 -1.38778e-18
US_gammauder        		 0.0338714
US_gammav           		 0.000274515
US_gammavi          		 0.000101018
US_gammavider       		 0.00216519
US_gammavj          		 0.000101018
US_gammavjder       		 0.00216519
US_gh               		 4.24796
US_gi               		 18.5642
US_gj               		 13.6402
US_gn               		 10.5147
US_gy               		 0.16
US_ht               		 1.13798
US_htc              		 0.655499
US_hti              		 0.482477
US_i                		 0.877447
US_ii               		 1.16993
US_im               		 0.490506
US_imc              		 0.310453
US_imcy             		 0.0726399
US_imi              		 0.180053
US_imiy             		 0.0420099
US_imy              		 0.11465
US_internalrer      		 1.04575
US_iy               		 0.2
US_k                		 35.0979
US_kd               		 35.0979
US_kdn              		 20.5316
US_kdt              		 14.5663
US_ki               		 46.7972
US_lambdai          		 0.978593
US_lambdaj          		 2.15708
US_lcy              		 0.632266
US_m                		 1.1418
US_mcn              		 0.794867
US_mct              		 0.794867
US_mi               		 1.32242
US_mj               		 0.599939
US_nd               		 2.09737
US_ndi              		 0.922665
US_ndj              		 1.244
US_ndn              		 1.22692
US_ndt              		 0.87045
US_ni               		 0.922665
US_nj               		 1.244
US_nt               		 2.6453
US_ntc              		 1.75287
US_nti              		 0.215435
US_pex              		 0.953841
US_pht              		 0.953841
US_phttilde         		 0.953841
US_pi               		 0.979622
US_pic              		 1.00496
US_pic4             		 1.02
US_piex4            		 1.02
US_piht             		 1.00496
US_piimc            		 1.00496
US_piimc4           		 1.02
US_piimi            		 1.00496
US_pim              		 1.00457
US_pimc             		 1.00561
US_pimi             		 1.00277
US_pint             		 1.00496
US_piw              		 1.00496
US_piw4             		 1.02
US_pnt              		 1.01566
US_pnttilde         		 1.01566
US_pttc             		 0.971233
US_ptti             		 0.967753
US_py               		 0.991572
US_q                		 0.979622
US_qc               		 2.71776
US_qi               		 0.877447
US_r                		 1.01242
US_reer             		 1.05149
US_rer              		 1
US_rk               		 0.0331812
US_rr               		 1.00742
US_rrstar           		 1.00742
US_sh               		 1
US_si               		 1
US_sj               		 1
US_snt              		 1
US_t                		 9.23879e-05
US_tauc             		 0.077
US_taud             		 0
US_tauk             		 0.163936
US_taun             		 0.154
US_tauwf            		 0.071
US_tauwh            		 0.071
US_tb               		 0.0329075
US_tby              		 0.00765677
US_ti               		 0.000110865
US_tj               		 3.69552e-05
US_tr               		 0.252835
US_tri              		 0.168556
US_trj              		 0.505669
US_try              		 0.0588333
US_ttc              		 0.965202
US_tti              		 0.662109
US_ty               		 2.14982e-05
US_u                		 1
US_utili            		 -43.3593
US_utilj            		 -202.312
US_vi               		 2.38
US_vj               		 2.38
US_w                		 1.20972
US_wcst             		 0
US_whty             		 0.65359
US_wi               		 1.30209
US_witilde          		 1.30209
US_wj               		 1.07382
US_wjtilde          		 1.07382
US_wnty             		 0.55243
US_wy               		 0.590351
US_y                		 4.33437
US_ygap             		 8.29748e-06
US_ygrowth          		 1
US_ygrowth4         		 1
US_yhty             		 0.374863
US_ynty             		 0.625137
US_yshare           		 0.304632
US_ysn              		 2.6453
US_yst              		 1.68907
US_zcon             		 1
US_zinv             		 1
US_zn               		 1
US_zt               		 1
EAAEAB_nerdep       		 1
EAA_gammabh         		 0
EAA_bh              		 2.06091e-13
EAB_bh              		 -5.49575e-13
MODEL SIMULATION: (method=ByteCode own solver)
-----------------------------------
      Simulate iteration no 1     
      max. error=7.9457237666e-01       
      sqr. error=2.1659596062e+00       
      abs. error=9.2147095478e+00       
-----------------------------------
(** 11204.000000 milliseconds **)
Sim : 446.000000 ms
-----------------------------------
      Simulate iteration no 2     
      max. error=2.0113443993e-01       
      sqr. error=3.5646631187e-01       
      abs. error=5.4877923030e+00       
-----------------------------------
(** 11275.000000 milliseconds **)
Sim : 460.000000 ms
-----------------------------------
      Simulate iteration no 3     
      max. error=1.1874816105e-02       
      sqr. error=5.7718721449e-04       
      abs. error=2.5159194060e-01       
-----------------------------------
(** 13181.000000 milliseconds **)
Sim : 601.000000 ms
-----------------------------------
      Simulate iteration no 4     
      max. error=2.2046185151e-04       
      sqr. error=6.7952841161e-08       
      abs. error=8.3002158711e-04       
-----------------------------------
(** 11864.000000 milliseconds **)
Sim : 529.000000 ms
-----------------------------------
      Simulate iteration no 5     
      max. error=3.3707746141e-08       
      sqr. error=2.5167992491e-15       
      abs. error=2.2716129215e-06       
-----------------------------------
Total computing time : 0h00m51s

Dynare Preprocessor Warning(s) Encountered:
     WARNING: Unknown symbol AUX_ENDO_LAG_162_1 in eagle_steady.txt
     WARNING: Unknown symbol AUX_ENDO_LAG_162_2 in eagle_steady.txt
     WARNING: Unknown symbol AUX_ENDO_LAG_162_3 in eagle_steady.txt
     WARNING: Unknown symbol AUX_ENDO_LAG_150_1 in eagle_steady.txt
     WARNING: Unknown symbol AUX_ENDO_LAG_150_2 in eagle_steady.txt
     WARNING: Unknown symbol AUX_ENDO_LAG_150_3 in eagle_steady.txt
     WARNING: Unknown symbol AUX_ENDO_LAG_135_1 in eagle_steady.txt
     WARNING: Unknown symbol AUX_ENDO_LAG_220_1 in eagle_steady.txt
     WARNING: Unknown symbol AUX_ENDO_LAG_220_2 in eagle_steady.txt
     WARNING: Unknown symbol AUX_ENDO_LAG_220_3 in eagle_steady.txt
     WARNING: Unknown symbol AUX_ENDO_LAG_483_1 in eagle_steady.txt
     WARNING: Unknown symbol AUX_ENDO_LAG_483_2 in eagle_steady.txt
     WARNING: Unknown symbol AUX_ENDO_LAG_483_3 in eagle_steady.txt
     WARNING: Unknown symbol AUX_ENDO_LAG_471_1 in eagle_steady.txt
     WARNING: Unknown symbol AUX_ENDO_LAG_471_2 in eagle_steady.txt
     WARNING: Unknown symbol AUX_ENDO_LAG_471_3 in eagle_steady.txt
     WARNING: Unknown symbol AUX_ENDO_LAG_456_1 in eagle_steady.txt
     WARNING: Unknown symbol AUX_ENDO_LAG_541_1 in eagle_steady.txt
     WARNING: Unknown symbol AUX_ENDO_LAG_541_2 in eagle_steady.txt
     WARNING: Unknown symbol AUX_ENDO_LAG_541_3 in eagle_steady.txt
     WARNING: Unknown symbol AUX_ENDO_LAG_804_1 in eagle_steady.txt
     WARNING: Unknown symbol AUX_ENDO_LAG_804_2 in eagle_steady.txt
     WARNING: Unknown symbol AUX_ENDO_LAG_804_3 in eagle_steady.txt
     WARNING: Unknown symbol AUX_ENDO_LAG_792_1 in eagle_steady.txt
     WARNING: Unknown symbol AUX_ENDO_LAG_792_2 in eagle_steady.txt
     WARNING: Unknown symbol AUX_ENDO_LAG_792_3 in eagle_steady.txt
     WARNING: Unknown symbol AUX_ENDO_LAG_777_1 in eagle_steady.txt
     WARNING: Unknown symbol AUX_ENDO_LAG_862_1 in eagle_steady.txt
     WARNING: Unknown symbol AUX_ENDO_LAG_862_2 in eagle_steady.txt
     WARNING: Unknown symbol AUX_ENDO_LAG_862_3 in eagle_steady.txt
     WARNING: Unknown symbol AUX_ENDO_LAG_1128_1 in eagle_steady.txt
     WARNING: Unknown symbol AUX_ENDO_LAG_1128_2 in eagle_steady.txt
     WARNING: Unknown symbol AUX_ENDO_LAG_1128_3 in eagle_steady.txt
     WARNING: Unknown symbol AUX_ENDO_LAG_1116_1 in eagle_steady.txt
     WARNING: Unknown symbol AUX_ENDO_LAG_1116_2 in eagle_steady.txt
     WARNING: Unknown symbol AUX_ENDO_LAG_1116_3 in eagle_steady.txt
     WARNING: Unknown symbol AUX_ENDO_LAG_1101_1 in eagle_steady.txt
     WARNING: Unknown symbol AUX_ENDO_LAG_1183_1 in eagle_steady.txt
     WARNING: Unknown symbol AUX_ENDO_LAG_1183_2 in eagle_steady.txt
     WARNING: Unknown symbol AUX_ENDO_LAG_1183_3 in eagle_steady.txt
     WARNING: Unknown symbol AUX_ENDO_LAG_63_1 in eagle_steady.txt
     WARNING: Unknown symbol AUX_ENDO_LAG_177_1 in eagle_steady.txt
     WARNING: Unknown symbol AUX_ENDO_LAG_498_1 in eagle_steady.txt
     WARNING: Unknown symbol AUX_ENDO_LAG_3_1 in eagle_steady.txt
     WARNING: Unknown symbol AUX_ENDO_LAG_3_2 in eagle_steady.txt
     WARNING: Unknown symbol AUX_ENDO_LAG_3_3 in eagle_steady.txt
