Starting Dynare (version 6.1).
Calling Dynare with arguments: -IC:\Users\fabio\Desktop\2024-01_eagle\/eagleParsingTemp/submodules savemacro
Starting preprocessing of the model file ... 
Reading eagle_steady_govInv_refined.txt. 
WARNING: Unknown symbol AUX_ENDO_LAG_258_1 in eagle_steady_govInv_refined.txt 
WARNING: Unknown symbol AUX_ENDO_LAG_258_2 in eagle_steady_govInv_refined.txt 
WARNING: Unknown symbol AUX_ENDO_LAG_258_3 in eagle_steady_govInv_refined.txt 
WARNING: Unknown symbol AUX_ENDO_LAG_242_1 in eagle_steady_govInv_refined.txt 
WARNING: Unknown symbol AUX_ENDO_LAG_242_2 in eagle_steady_govInv_refined.txt 
WARNING: Unknown symbol AUX_ENDO_LAG_242_3 in eagle_steady_govInv_refined.txt 
WARNING: Unknown symbol AUX_ENDO_LAG_225_1 in eagle_steady_govInv_refined.txt 
WARNING: Unknown symbol AUX_ENDO_LAG_324_1 in eagle_steady_govInv_refined.txt 
WARNING: Unknown symbol AUX_ENDO_LAG_324_2 in eagle_steady_govInv_refined.txt 
WARNING: Unknown symbol AUX_ENDO_LAG_324_3 in eagle_steady_govInv_refined.txt 
WARNING: Unknown symbol AUX_ENDO_LAG_700_1 in eagle_steady_govInv_refined.txt 
WARNING: Unknown symbol AUX_ENDO_LAG_700_2 in eagle_steady_govInv_refined.txt 
WARNING: Unknown symbol AUX_ENDO_LAG_700_3 in eagle_steady_govInv_refined.txt 
WARNING: Unknown symbol AUX_ENDO_LAG_684_1 in eagle_steady_govInv_refined.txt 
WARNING: Unknown symbol AUX_ENDO_LAG_684_2 in eagle_steady_govInv_refined.txt 
WARNING: Unknown symbol AUX_ENDO_LAG_684_3 in eagle_steady_govInv_refined.txt 
WARNING: Unknown symbol AUX_ENDO_LAG_667_1 in eagle_steady_govInv_refined.txt 
WARNING: Unknown symbol AUX_ENDO_LAG_766_1 in eagle_steady_govInv_refined.txt 
WARNING: Unknown symbol AUX_ENDO_LAG_766_2 in eagle_steady_govInv_refined.txt 
WARNING: Unknown symbol AUX_ENDO_LAG_766_3 in eagle_steady_govInv_refined.txt 
WARNING: Unknown symbol AUX_ENDO_LAG_1142_1 in eagle_steady_govInv_refined.txt 
WARNING: Unknown symbol AUX_ENDO_LAG_1142_2 in eagle_steady_govInv_refined.txt 
WARNING: Unknown symbol AUX_ENDO_LAG_1142_3 in eagle_steady_govInv_refined.txt 
WARNING: Unknown symbol AUX_ENDO_LAG_1126_1 in eagle_steady_govInv_refined.txt 
WARNING: Unknown symbol AUX_ENDO_LAG_1126_2 in eagle_steady_govInv_refined.txt 
WARNING: Unknown symbol AUX_ENDO_LAG_1126_3 in eagle_steady_govInv_refined.txt 
WARNING: Unknown symbol AUX_ENDO_LAG_1109_1 in eagle_steady_govInv_refined.txt 
WARNING: Unknown symbol AUX_ENDO_LAG_1208_1 in eagle_steady_govInv_refined.txt 
WARNING: Unknown symbol AUX_ENDO_LAG_1208_2 in eagle_steady_govInv_refined.txt 
WARNING: Unknown symbol AUX_ENDO_LAG_1208_3 in eagle_steady_govInv_refined.txt 
WARNING: Unknown symbol AUX_ENDO_LAG_1584_1 in eagle_steady_govInv_refined.txt 
WARNING: Unknown symbol AUX_ENDO_LAG_1584_2 in eagle_steady_govInv_refined.txt 
WARNING: Unknown symbol AUX_ENDO_LAG_1584_3 in eagle_steady_govInv_refined.txt 
WARNING: Unknown symbol AUX_ENDO_LAG_1568_1 in eagle_steady_govInv_refined.txt 
WARNING: Unknown symbol AUX_ENDO_LAG_1568_2 in eagle_steady_govInv_refined.txt 
WARNING: Unknown symbol AUX_ENDO_LAG_1568_3 in eagle_steady_govInv_refined.txt 
WARNING: Unknown symbol AUX_ENDO_LAG_1551_1 in eagle_steady_govInv_refined.txt 
WARNING: Unknown symbol AUX_ENDO_LAG_1650_1 in eagle_steady_govInv_refined.txt 
WARNING: Unknown symbol AUX_ENDO_LAG_1650_2 in eagle_steady_govInv_refined.txt 
WARNING: Unknown symbol AUX_ENDO_LAG_1650_3 in eagle_steady_govInv_refined.txt 
WARNING: Unknown symbol AUX_ENDO_LAG_2026_1 in eagle_steady_govInv_refined.txt 
WARNING: Unknown symbol AUX_ENDO_LAG_2026_2 in eagle_steady_govInv_refined.txt 
WARNING: Unknown symbol AUX_ENDO_LAG_2026_3 in eagle_steady_govInv_refined.txt 
WARNING: Unknown symbol AUX_ENDO_LAG_2010_1 in eagle_steady_govInv_refined.txt 
WARNING: Unknown symbol AUX_ENDO_LAG_2010_2 in eagle_steady_govInv_refined.txt 
WARNING: Unknown symbol AUX_ENDO_LAG_2010_3 in eagle_steady_govInv_refined.txt 
WARNING: Unknown symbol AUX_ENDO_LAG_1993_1 in eagle_steady_govInv_refined.txt 
WARNING: Unknown symbol AUX_ENDO_LAG_2092_1 in eagle_steady_govInv_refined.txt 
WARNING: Unknown symbol AUX_ENDO_LAG_2092_2 in eagle_steady_govInv_refined.txt 
WARNING: Unknown symbol AUX_ENDO_LAG_2092_3 in eagle_steady_govInv_refined.txt 
WARNING: Unknown symbol AUX_ENDO_LAG_2468_1 in eagle_steady_govInv_refined.txt 
WARNING: Unknown symbol AUX_ENDO_LAG_2468_2 in eagle_steady_govInv_refined.txt 
WARNING: Unknown symbol AUX_ENDO_LAG_2468_3 in eagle_steady_govInv_refined.txt 
WARNING: Unknown symbol AUX_ENDO_LAG_2452_1 in eagle_steady_govInv_refined.txt 
WARNING: Unknown symbol AUX_ENDO_LAG_2452_2 in eagle_steady_govInv_refined.txt 
WARNING: Unknown symbol AUX_ENDO_LAG_2452_3 in eagle_steady_govInv_refined.txt 
WARNING: Unknown symbol AUX_ENDO_LAG_2435_1 in eagle_steady_govInv_refined.txt 
WARNING: Unknown symbol AUX_ENDO_LAG_2534_1 in eagle_steady_govInv_refined.txt 
WARNING: Unknown symbol AUX_ENDO_LAG_2534_2 in eagle_steady_govInv_refined.txt 
WARNING: Unknown symbol AUX_ENDO_LAG_2534_3 in eagle_steady_govInv_refined.txt 
WARNING: Unknown symbol AUX_ENDO_LAG_2912_1 in eagle_steady_govInv_refined.txt 
WARNING: Unknown symbol AUX_ENDO_LAG_2912_2 in eagle_steady_govInv_refined.txt 
WARNING: Unknown symbol AUX_ENDO_LAG_2912_3 in eagle_steady_govInv_refined.txt 
WARNING: Unknown symbol AUX_ENDO_LAG_2896_1 in eagle_steady_govInv_refined.txt 
WARNING: Unknown symbol AUX_ENDO_LAG_2896_2 in eagle_steady_govInv_refined.txt 
WARNING: Unknown symbol AUX_ENDO_LAG_2896_3 in eagle_steady_govInv_refined.txt 
WARNING: Unknown symbol AUX_ENDO_LAG_2879_1 in eagle_steady_govInv_refined.txt 
WARNING: Unknown symbol AUX_ENDO_LAG_2975_1 in eagle_steady_govInv_refined.txt 
WARNING: Unknown symbol AUX_ENDO_LAG_2975_2 in eagle_steady_govInv_refined.txt 
WARNING: Unknown symbol AUX_ENDO_LAG_2975_3 in eagle_steady_govInv_refined.txt 
WARNING: Unknown symbol AUX_ENDO_LAG_135_1 in eagle_steady_govInv_refined.txt 
WARNING: Unknown symbol AUX_ENDO_LAG_279_1 in eagle_steady_govInv_refined.txt 
WARNING: Unknown symbol AUX_ENDO_LAG_577_1 in eagle_steady_govInv_refined.txt 
WARNING: Unknown symbol AUX_ENDO_LAG_721_1 in eagle_steady_govInv_refined.txt 
WARNING: Unknown symbol AUX_ENDO_LAG_1019_1 in eagle_steady_govInv_refined.txt 
WARNING: Unknown symbol AUX_ENDO_LAG_1163_1 in eagle_steady_govInv_refined.txt 
WARNING: Unknown symbol AUX_ENDO_LAG_1461_1 in eagle_steady_govInv_refined.txt 
WARNING: Unknown symbol AUX_ENDO_LAG_1605_1 in eagle_steady_govInv_refined.txt 
WARNING: Unknown symbol AUX_ENDO_LAG_2047_1 in eagle_steady_govInv_refined.txt 
WARNING: Unknown symbol AUX_ENDO_LAG_3_1 in eagle_steady_govInv_refined.txt 
WARNING: Unknown symbol AUX_ENDO_LAG_3_2 in eagle_steady_govInv_refined.txt 
WARNING: Unknown symbol AUX_ENDO_LAG_3_3 in eagle_steady_govInv_refined.txt 
Substitution of endo lags >= 2: added 110 auxiliary variables and equations. 
Found 2422 equation(s). 
Evaluating expressions... 
Computing static model derivatives (order 1). 
Normalizing the static model... 
Finding the optimal block decomposition of the static model... 
218 block(s) found: 
  214 recursive block(s) and 4 simultaneous block(s). 
  the largest simultaneous block has 1061 equation(s) 
                                 and 1061 feedback variable(s). 
Computing dynamic model derivatives (order 1). 
Normalizing the dynamic model... 
Finding the optimal block decomposition of the dynamic model... 
92 block(s) found: 
  91 recursive block(s) and 1 simultaneous block(s). 
  the largest simultaneous block has 1486 equation(s) 
                                 and 1304 feedback variable(s). 
Preprocessing completed. 
Preprocessing time: 0h00m09s.

STEADY-STATE RESULTS:

EA_bf               		 0.0430012
EA_m                		 1.26182
EA_pic4             		 1.02
EA_y                		 5.04295
EA_ygrowth          		 1
EA_ygrowth4         		 1
EA_z                		 1
EAAEAB_excy         		 0.00862048
EAAEAC_excy         		 0.00861942
EAAEAD_excy         		 0.00862044
EAAEAE_excy         		 0.0351558
EAARW_excy          		 0.0735103
EAAUS_excy          		 0.0144569
EAAEAB_exiy         		 0.00116615
EAAEAC_exiy         		 0.00116699
EAAEAD_exiy         		 0.00116614
EAAEAE_exiy         		 0.0119277
EAARW_exiy          		 0.0487687
EAAUS_exiy          		 0.00466843
EAA_fx              		 3.92421
EAAEAB_gammaimc     		 0
EAAEAC_gammaimc     		 0
EAAEAD_gammaimc     		 0
EAAEAE_gammaimc     		 0
EAARW_gammaimc      		 0
EAAUS_gammaimc      		 0
EAAEAB_gammaimcdag  		 1
EAAEAC_gammaimcdag  		 1
EAAEAD_gammaimcdag  		 1
EAAEAE_gammaimcdag  		 1
EAARW_gammaimcdag   		 1
EAAUS_gammaimcdag   		 1
EAAEAB_gammaimi     		 0
EAAEAC_gammaimi     		 0
EAAEAD_gammaimi     		 0
EAAEAE_gammaimi     		 0
EAARW_gammaimi      		 0
EAAUS_gammaimi      		 0
EAAEAB_gammaimidag  		 1
EAAEAC_gammaimidag  		 1
EAAEAD_gammaimidag  		 1
EAAEAE_gammaimidag  		 1
EAARW_gammaimidag   		 1
EAAUS_gammaimidag   		 1
EAAEAB_gammaimcg    		 0
EAAEAC_gammaimcg    		 0
EAAEAD_gammaimcg    		 0
EAAEAE_gammaimcg    		 0
EAARW_gammaimcg     		 0
EAAUS_gammaimcg     		 0
EAAEAB_gammaimcgdag 		 1
EAAEAC_gammaimcgdag 		 1
EAAEAD_gammaimcgdag 		 1
EAAEAE_gammaimcgdag 		 1
EAARW_gammaimcgdag  		 1
EAAUS_gammaimcgdag  		 1
EAAEAB_gammaimig    		 0
EAAEAC_gammaimig    		 0
EAAEAD_gammaimig    		 0
EAAEAE_gammaimig    		 0
EAARW_gammaimig     		 0
EAAUS_gammaimig     		 0
EAAEAB_gammaimigdag 		 1
EAAEAC_gammaimigdag 		 1
EAAEAD_gammaimigdag 		 1
EAAEAE_gammaimigdag 		 1
EAARW_gammaimigdag  		 1
EAAUS_gammaimigdag  		 1
EAA_gx              		 4.70905
EAAEAB_im           		 0.0575795
EAAEAC_im           		 0.0575793
EAAEAD_im           		 0.0575795
EAAEAE_im           		 0.274976
EAARW_im            		 1.00483
EAAUS_im            		 0.0749074
EAAEAB_imc          		 0.0460183
EAAEAC_imc          		 0.0460181
EAAEAD_imc          		 0.0460183
EAAEAE_imc          		 0.161066
EAARW_imc           		 0.882345
EAAUS_imc           		 0.0331357
EAAEAB_imcy         		 0.00862047
EAAEAC_imcy         		 0.00862045
EAAEAD_imcy         		 0.00862047
EAAEAE_imcy         		 0.0284556
EAARW_imcy          		 0.13131
EAAUS_imcy          		 0.004349
EAAEAB_imi          		 0.00622521
EAAEAC_imi          		 0.00622518
EAAEAD_imi          		 0.0062252
EAAEAE_imi          		 0.0867401
EAARW_imi           		 0.0316472
EAAUS_imi           		 0.0340627
EAAEAB_imiy         		 0.00116615
EAAEAC_imiy         		 0.00116615
EAAEAD_imiy         		 0.00116615
EAAEAE_imiy         		 0.0153244
EAARW_imiy          		 0.00470973
EAAUS_imiy          		 0.00447067
EAAEAB_imcg         		 0.00452461
EAAEAC_imcg         		 0.00452459
EAAEAD_imcg         		 0.00452461
EAAEAE_imcg         		 0.0158291
EAARW_imcg          		 0.0866994
EAAUS_imcg          		 0.00325447
EAAEAB_imcgy        		 0.000847582
EAAEAC_imcgy        		 0.00084758
EAAEAD_imcgy        		 0.000847582
EAAEAE_imcgy        		 0.00279654
EAARW_imcgy         		 0.0129026
EAAUS_imcgy         		 0.000427143
EAAEAB_imig         		 0.000811398
EAAEAC_imig         		 0.000811394
EAAEAD_imig         		 0.000811397
EAAEAE_imig         		 0.0113402
EAARW_imig          		 0.0041423
EAAUS_imig          		 0.00445449
EAAEAB_imigy        		 0.000151997
EAAEAC_imigy        		 0.000151996
EAAEAD_imigy        		 0.000151997
EAAEAE_imigy        		 0.00200347
EAARW_imigy         		 0.000616456
EAAUS_imigy         		 0.000584643
EAA_piex            		 1.00496
EAA_pextilde        		 0.930813
EAAEAB_rer          		 1
EAAEAC_rer          		 1
EAAEAD_rer          		 1
EAAEAE_rer          		 0.980592
EAARW_rer           		 0.778986
EAAUS_rer           		 0.692039
EAA_sx              		 1
EAAEAB_tot          		 1
EAAEAC_tot          		 1
EAAEAD_tot          		 1
EAAEAE_tot          		 0.94311
EAARW_tot           		 0.794439
EAAUS_tot           		 0.700636
EAAEAB_weight       		 0.0477481
EAAEAC_weight       		 0.0477477
EAAEAD_weight       		 0.047748
EAAEAE_weight       		 0.196389
EAARW_weight        		 0.577601
EAAUS_weight        		 0.0827665
EAAEAB_weightex     		 0.0505897
EAAEAC_weightex     		 0.050589
EAAEAD_weightex     		 0.0505895
EAAEAE_weightex     		 0.190665
EAARW_weightex      		 0.533265
EAAUS_weightex      		 0.124302
EAAEAB_weightim     		 0.0448847
EAAEAC_weightim     		 0.0448846
EAAEAD_weightim     		 0.0448846
EAAEAE_weightim     		 0.202156
EAARW_weightim      		 0.622278
EAAUS_weightim      		 0.0409117
EAA_b               		 11.9254
EAA_bf              		 -1.08236
EAA_by              		 2.4
EAA_c               		 2.92218
EAA_ci              		 3.52694
EAA_cj              		 1.10791
EAA_cy              		 0.588092
EAA_d               		 1.31788
EAA_dn              		 0.326698
EAA_dt              		 0.991177
EAA_epsilonm        		 -0.750004
EAA_etot            		 0.84041
EAA_ex              		 1.2927
EAA_fh              		 14.772
EAA_fi              		 112.377
EAA_fj              		 4.16212
EAA_fn              		 17.1135
EAA_cg              		 1.03348
EAA_gammab          		 0
EAA_gammai          		 0
EAA_gammaider       		 0
EAA_gammau          		 0
EAA_gammauder       		 0.0324166
EAA_gammav          		 0.000295175
EAA_gammavi         		 0.000101012
EAA_gammavider      		 0.00216513
EAA_gammavj         		 0.000101012
EAA_gammavjder      		 0.00216513
EAA_gh              		 17.7264
EAA_gi              		 4.99504
EAA_gj              		 7.46175
EAA_gn              		 25.6703
EAA_cgy             		 0.2
EAA_ht              		 1.6525
EAA_htc             		 0.262883
EAA_hti             		 0.509396
EAA_htcg            		 0.733109
EAA_htig            		 0.147111
EAA_i               		 0.871829
EAA_ig              		 0.20583
EAA_ii              		 1.16244
EAA_im              		 1.50881
EAA_imc             		 1.20077
EAA_imcy            		 0.189976
EAA_imi             		 0.168067
EAA_imiy            		 0.0280032
EAA_imcg            		 0.117998
EAA_imcgy           		 0.018669
EAA_imig            		 0.0219713
EAA_imigy           		 0.00366056
EAA_imy             		 0.240309
EAA_internalrer     		 1.42421
EAA_iy              		 0.17
EAA_igy             		 0.04
EAA_k               		 34.8731
EAA_kd              		 34.8731
EAA_kdn             		 18.1555
EAA_kdt             		 16.7177
EAA_ki              		 46.4975
EAA_lambdai         		 0.548426
EAA_lambdaj         		 2.45777
EAA_lcy             		 0.514343
EAA_m               		 1.22781
EAA_mcn             		 0.775678
EAA_mct             		 0.775678
EAA_mi              		 1.48191
EAA_mj              		 0.465509
EAA_nd              		 1.71627
EAA_ndi             		 0.674269
EAA_ndj             		 1.17879
EAA_ndn             		 0.893517
EAA_ndt             		 0.822754
EAA_ni              		 0.674269
EAA_nj              		 1.17879
EAA_nt              		 1.91444
EAA_ntc             		 1.49014
EAA_nti             		 0.198895
EAA_ntcg            		 0.187906
EAA_ntig            		 0.0375024
EAA_pex             		 0.930813
EAA_pht             		 0.930813
EAA_phttilde        		 0.930813
EAA_pi              		 0.968902
EAA_pcg             		 0.961594
EAA_pig             		 0.965634
EAA_pic             		 1.00496
EAA_pic4            		 1.02
EAA_piex4           		 1.02
EAA_piht            		 1.00496
EAA_piimc           		 1.00496
EAA_piimi           		 1.00496
EAA_piimcg          		 1.00496
EAA_piimig          		 1.00496
EAA_piimc4          		 1.02
EAA_pim             		 0.791404
EAA_pimc            		 0.786142
EAA_pimi            		 0.827919
EAA_pimcg           		 0.786158
EAA_pimig           		 0.827855
EAA_pint            		 1.00496
EAA_piw             		 1.00496
EAA_piw4            		 1.02
EAA_pnt             		 1.16352
EAA_pnttilde        		 1.16352
EAA_pttc            		 0.816954
EAA_ptti            		 0.907985
EAA_pttcg           		 0.914118
EAA_pttig           		 0.919044
EAA_py              		 1.02249
EAA_q               		 0.968902
EAA_qc              		 2.92248
EAA_qi              		 0.871829
EAA_qcg             		 1.03348
EAA_qig             		 0.20583
EAA_r               		 1.01242
EAA_reer            		 0.836458
EAA_rer             		 0.692039
EAA_rerdep          		 1
EAA_rk              		 0.0314085
EAA_rp              		 0
EAA_rr              		 1.00742
EAA_rrstar          		 1.00742
EAA_sh              		 1
EAA_si              		 1
EAA_sj              		 1
EAA_snt             		 1
EAA_t               		 0
EAA_tauc            		 0.183
EAA_taud            		 0
EAA_tauk            		 0
EAA_taun            		 0.122
EAA_tauwf           		 0.219
EAA_tauwh           		 0.118
EAA_tb              		 0.00918672
EAA_tby             		 0.00184884
EAA_ti              		 0
EAA_tj              		 0
EAA_tot             		 0.700636
EAA_tr              		 0.223244
EAA_tri             		 0.148829
EAA_trj             		 0.446488
EAA_try             		 0.0449281
EAA_ttc             		 1.45501
EAA_tti             		 0.675449
EAA_ttcg            		 0.847979
EAA_ttig            		 0.168786
EAA_ty              		 0
EAA_u               		 1
EAA_utili           		 27.9709
EAA_utilj           		 -169.691
EAA_vi              		 2.38
EAA_vj              		 2.38
EAA_w               		 1.22159
EAA_wcst            		 0
EAA_whty            		 0.366622
EAA_wi              		 1.41833
EAA_witilde         		 1.41833
EAA_wj              		 0.967299
EAA_wjtilde         		 0.967299
EAA_wnty            		 0.490019
EAA_wy              		 0.421939
EAA_y               		 4.85965
EAA_ygap            		 0
EAA_ygrowth         		 1
EAA_ygrowth4        		 1
EAA_yhty            		 0.551716
EAA_ynty            		 0.448284
EAA_yshare          		 0.0458231
EAA_ysn             		 1.91444
EAA_yst             		 2.9452
EAA_zcon            		 1
EAA_zinv            		 1
EAA_zn              		 1
EAA_zt              		 1
EABEAA_excy         		 0.00862047
EABEAC_excy         		 0.00862046
EABEAD_excy         		 0.00861942
EABEAE_excy         		 0.0351558
EABRW_excy          		 0.0735103
EABUS_excy          		 0.0144569
EABEAA_exiy         		 0.00116615
EABEAC_exiy         		 0.00116614
EABEAD_exiy         		 0.00116699
EABEAE_exiy         		 0.0119277
EABRW_exiy          		 0.0487687
EABUS_exiy          		 0.00466844
EAB_fx              		 3.92421
EABEAA_gammaimc     		 0
EABEAC_gammaimc     		 0
EABEAD_gammaimc     		 0
EABEAE_gammaimc     		 0
EABRW_gammaimc      		 0
EABUS_gammaimc      		 0
EABEAA_gammaimcdag  		 1
EABEAC_gammaimcdag  		 1
EABEAD_gammaimcdag  		 1
EABEAE_gammaimcdag  		 1
EABRW_gammaimcdag   		 1
EABUS_gammaimcdag   		 1
EABEAA_gammaimi     		 0
EABEAC_gammaimi     		 0
EABEAD_gammaimi     		 0
EABEAE_gammaimi     		 0
EABRW_gammaimi      		 0
EABUS_gammaimi      		 0
EABEAA_gammaimidag  		 1
EABEAC_gammaimidag  		 1
EABEAD_gammaimidag  		 1
EABEAE_gammaimidag  		 1
EABRW_gammaimidag   		 1
EABUS_gammaimidag   		 1
EABEAA_gammaimcg    		 0
EABEAC_gammaimcg    		 0
EABEAD_gammaimcg    		 0
EABEAE_gammaimcg    		 0
EABRW_gammaimcg     		 0
EABUS_gammaimcg     		 0
EABEAA_gammaimcgdag 		 1
EABEAC_gammaimcgdag 		 1
EABEAD_gammaimcgdag 		 1
EABEAE_gammaimcgdag 		 1
EABRW_gammaimcgdag  		 1
EABUS_gammaimcgdag  		 1
EABEAA_gammaimig    		 0
EABEAC_gammaimig    		 0
EABEAD_gammaimig    		 0
EABEAE_gammaimig    		 0
EABRW_gammaimig     		 0
EABUS_gammaimig     		 0
EABEAA_gammaimigdag 		 1
EABEAC_gammaimigdag 		 1
EABEAD_gammaimigdag 		 1
EABEAE_gammaimigdag 		 1
EABRW_gammaimigdag  		 1
EABUS_gammaimigdag  		 1
EAB_gx              		 4.70906
EABEAA_im           		 0.0575795
EABEAC_im           		 0.0575793
EABEAD_im           		 0.0575795
EABEAE_im           		 0.274976
EABRW_im            		 1.00484
EABUS_im            		 0.074904
EABEAA_imc          		 0.0460183
EABEAC_imc          		 0.0460182
EABEAD_imc          		 0.0460183
EABEAE_imc          		 0.161067
EABRW_imc           		 0.882353
EABUS_imc           		 0.0331262
EABEAA_imcy         		 0.00862048
EABEAC_imcy         		 0.00862046
EABEAD_imcy         		 0.00862048
EABEAE_imcy         		 0.0284556
EABRW_imcy          		 0.131312
EABUS_imcy          		 0.00434775
EABEAA_imi          		 0.00622519
EABEAC_imi          		 0.00622517
EABEAD_imi          		 0.00622519
EABEAE_imi          		 0.08674
EABRW_imi           		 0.0316425
EABUS_imi           		 0.0340691
EABEAA_imiy         		 0.00116615
EABEAC_imiy         		 0.00116614
EABEAD_imiy         		 0.00116615
EABEAE_imiy         		 0.0153244
EABRW_imiy          		 0.00470902
EABUS_imiy          		 0.0044715
EABEAA_imcg         		 0.00452461
EABEAC_imcg         		 0.0045246
EABEAD_imcg         		 0.00452461
EABEAE_imcg         		 0.0158292
EABRW_imcg          		 0.0867054
EABUS_imcg          		 0.00324638
EABEAA_imcgy        		 0.000847582
EABEAC_imcgy        		 0.000847581
EABEAD_imcgy        		 0.000847582
EABEAE_imcgy        		 0.00279654
EABRW_imcgy         		 0.0129035
EABUS_imcgy         		 0.000426081
EABEAA_imig         		 0.000811392
EABEAC_imig         		 0.000811389
EABEAD_imig         		 0.000811391
EABEAE_imig         		 0.0113402
EABRW_imig          		 0.00413639
EABUS_imig          		 0.00446236
EABEAA_imigy        		 0.000151996
EABEAC_imigy        		 0.000151995
EABEAD_imigy        		 0.000151996
EABEAE_imigy        		 0.00200347
EABRW_imigy         		 0.000615576
EABUS_imigy         		 0.000585676
EAB_piex            		 1.00496
EAB_pextilde        		 0.930813
EABEAA_rer          		 1
EABEAC_rer          		 1
EABEAD_rer          		 1
EABEAE_rer          		 0.980592
EABRW_rer           		 0.778986
EABUS_rer           		 0.692038
EAB_sx              		 1
EABEAA_tot          		 1
EABEAC_tot          		 1
EABEAD_tot          		 1
EABEAE_tot          		 0.943111
EABRW_tot           		 0.794439
EABUS_tot           		 0.700636
EABEAA_weight       		 0.0477481
EABEAC_weight       		 0.047748
EABEAD_weight       		 0.0477477
EABEAE_weight       		 0.196389
EABRW_weight        		 0.577602
EABUS_weight        		 0.0827655
EABEAA_weightex     		 0.0505897
EABEAC_weightex     		 0.0505896
EABEAD_weightex     		 0.0505889
EABEAE_weightex     		 0.190666
EABRW_weightex      		 0.533265
EABUS_weightex      		 0.124302
EABEAA_weightim     		 0.0448847
EABEAC_weightim     		 0.0448846
EABEAD_weightim     		 0.0448847
EABEAE_weightim     		 0.202156
EABRW_weightim      		 0.62228
EABUS_weightim      		 0.0409098
EAB_b               		 11.9254
EAB_bf              		 -1.08236
EAB_by              		 2.4
EAB_c               		 2.92218
EAB_ci              		 3.52694
EAB_cj              		 1.10791
EAB_cy              		 0.588092
EAB_d               		 1.31788
EAB_dn              		 0.326698
EAB_dt              		 0.991177
EAB_epsilonm        		 -0.750004
EAB_etot            		 0.84041
EAB_ex              		 1.2927
EAB_fh              		 14.772
EAB_fi              		 112.377
EAB_fj              		 4.16212
EAB_fn              		 17.1135
EAB_cg              		 1.03348
EAB_gammab          		 0
EAB_gammai          		 0
EAB_gammaider       		 0
EAB_gammau          		 0
EAB_gammauder       		 0.0324166
EAB_gammav          		 0.000295175
EAB_gammavi         		 0.000101012
EAB_gammavider      		 0.00216513
EAB_gammavj         		 0.000101012
EAB_gammavjder      		 0.00216513
EAB_gh              		 17.7264
EAB_gi              		 4.99504
EAB_gj              		 7.46175
EAB_gn              		 25.6703
EAB_cgy             		 0.2
EAB_ht              		 1.6525
EAB_htc             		 0.262883
EAB_hti             		 0.509396
EAB_htcg            		 0.733111
EAB_htig            		 0.14711
EAB_i               		 0.871829
EAB_ig              		 0.205831
EAB_ii              		 1.16244
EAB_im              		 1.50881
EAB_imc             		 1.20077
EAB_imcy            		 0.189976
EAB_imi             		 0.168068
EAB_imiy            		 0.0280033
EAB_imcg            		 0.117996
EAB_imcgy           		 0.0186688
EAB_imig            		 0.0219729
EAB_imigy           		 0.00366071
EAB_imy             		 0.240309
EAB_internalrer     		 1.42421
EAB_iy              		 0.17
EAB_igy             		 0.04
EAB_k               		 34.8732
EAB_kd              		 34.8732
EAB_kdn             		 18.1555
EAB_kdt             		 16.7177
EAB_ki              		 46.4976
EAB_lambdai         		 0.548426
EAB_lambdaj         		 2.45777
EAB_lcy             		 0.514343
EAB_m               		 1.22781
EAB_mcn             		 0.775677
EAB_mct             		 0.775677
EAB_mi              		 1.48191
EAB_mj              		 0.465509
EAB_nd              		 1.71627
EAB_ndi             		 0.674269
EAB_ndj             		 1.17879
EAB_ndn             		 0.893516
EAB_ndt             		 0.822754
EAB_ni              		 0.674269
EAB_nj              		 1.17879
EAB_nt              		 1.91444
EAB_ntc             		 1.49014
EAB_nti             		 0.198896
EAB_ntcg            		 0.187906
EAB_ntig            		 0.0375025
EAB_pex             		 0.930813
EAB_pht             		 0.930813
EAB_phttilde        		 0.930813
EAB_pi              		 0.968901
EAB_pcg             		 0.961594
EAB_pig             		 0.965631
EAB_pic             		 1.00496
EAB_pic4            		 1.02
EAB_piex4           		 1.02
EAB_piht            		 1.00496
EAB_piimc           		 1.00496
EAB_piimi           		 1.00496
EAB_piimcg          		 1.00496
EAB_piimig          		 1.00496
EAB_piimc4          		 1.02
EAB_pim             		 0.791404
EAB_pimc            		 0.786142
EAB_pimi            		 0.827916
EAB_pimcg           		 0.786163
EAB_pimig           		 0.827828
EAB_pint            		 1.00496
EAB_piw             		 1.00496
EAB_piw4            		 1.02
EAB_pnt             		 1.16352
EAB_pnttilde        		 1.16352
EAB_pttc            		 0.816954
EAB_ptti            		 0.907984
EAB_pttcg           		 0.914118
EAB_pttig           		 0.91904
EAB_py              		 1.02249
EAB_q               		 0.968901
EAB_qc              		 2.92248
EAB_qi              		 0.871829
EAB_qcg             		 1.03348
EAB_qig             		 0.205831
EAB_r               		 1.01242
EAB_reer            		 0.836458
EAB_rer             		 0.692038
EAB_rerdep          		 1
EAB_rk              		 0.0314085
EAB_rp              		 0
EAB_rr              		 1.00742
EAB_rrstar          		 1.00742
EAB_sh              		 1
EAB_si              		 1
EAB_sj              		 1
EAB_snt             		 1
EAB_t               		 0
EAB_tauc            		 0.183
EAB_taud            		 0
EAB_tauk            		 0
EAB_taun            		 0.122
EAB_tauwf           		 0.219
EAB_tauwh           		 0.118
EAB_tb              		 0.00918672
EAB_tby             		 0.00184884
EAB_ti              		 0
EAB_tj              		 0
EAB_tot             		 0.700636
EAB_tr              		 0.223244
EAB_tri             		 0.148829
EAB_trj             		 0.446488
EAB_try             		 0.0449281
EAB_ttc             		 1.45501
EAB_tti             		 0.67545
EAB_ttcg            		 0.847979
EAB_ttig            		 0.168787
EAB_ty              		 0
EAB_u               		 1
EAB_utili           		 27.9709
EAB_utilj           		 -169.691
EAB_vi              		 2.38
EAB_vj              		 2.38
EAB_w               		 1.22159
EAB_wcst            		 0
EAB_whty            		 0.366622
EAB_wi              		 1.41833
EAB_witilde         		 1.41833
EAB_wj              		 0.967299
EAB_wjtilde         		 0.967299
EAB_wnty            		 0.490019
EAB_wy              		 0.421939
EAB_y               		 4.85965
EAB_ygap            		 0
EAB_ygrowth         		 1
EAB_ygrowth4        		 1
EAB_yhty            		 0.551716
EAB_ynty            		 0.448284
EAB_yshare          		 0.0458231
EAB_ysn             		 1.91444
EAB_yst             		 2.9452
EAB_zcon            		 1
EAB_zinv            		 1
EAB_zn              		 1
EAB_zt              		 1
EACEAA_excy         		 0.00862045
EACEAB_excy         		 0.00862046
EACEAD_excy         		 0.00862042
EACEAE_excy         		 0.035156
EACRW_excy          		 0.0735101
EACUS_excy          		 0.0144573
EACEAA_exiy         		 0.00116615
EACEAB_exiy         		 0.00116614
EACEAD_exiy         		 0.00116614
EACEAE_exiy         		 0.0119276
EACRW_exiy          		 0.0487686
EACUS_exiy          		 0.00466842
EAC_fx              		 3.92422
EACEAA_gammaimc     		 0
EACEAB_gammaimc     		 0
EACEAD_gammaimc     		 0
EACEAE_gammaimc     		 0
EACRW_gammaimc      		 0
EACUS_gammaimc      		 0
EACEAA_gammaimcdag  		 1
EACEAB_gammaimcdag  		 1
EACEAD_gammaimcdag  		 1
EACEAE_gammaimcdag  		 1
EACRW_gammaimcdag   		 1
EACUS_gammaimcdag   		 1
EACEAA_gammaimi     		 0
EACEAB_gammaimi     		 0
EACEAD_gammaimi     		 0
EACEAE_gammaimi     		 0
EACRW_gammaimi      		 0
EACUS_gammaimi      		 0
EACEAA_gammaimidag  		 1
EACEAB_gammaimidag  		 1
EACEAD_gammaimidag  		 1
EACEAE_gammaimidag  		 1
EACRW_gammaimidag   		 1
EACUS_gammaimidag   		 1
EACEAA_gammaimcg    		 0
EACEAB_gammaimcg    		 0
EACEAD_gammaimcg    		 0
EACEAE_gammaimcg    		 0
EACRW_gammaimcg     		 0
EACUS_gammaimcg     		 0
EACEAA_gammaimcgdag 		 1
EACEAB_gammaimcgdag 		 1
EACEAD_gammaimcgdag 		 1
EACEAE_gammaimcgdag 		 1
EACRW_gammaimcgdag  		 1
EACUS_gammaimcgdag  		 1
EACEAA_gammaimig    		 0
EACEAB_gammaimig    		 0
EACEAD_gammaimig    		 0
EACEAE_gammaimig    		 0
EACRW_gammaimig     		 0
EACUS_gammaimig     		 0
EACEAA_gammaimigdag 		 1
EACEAB_gammaimigdag 		 1
EACEAD_gammaimigdag 		 1
EACEAE_gammaimigdag 		 1
EACRW_gammaimigdag  		 1
EACUS_gammaimigdag  		 1
EAC_gx              		 4.70906
EACEAA_im           		 0.0575783
EACEAB_im           		 0.0575794
EACEAD_im           		 0.0575793
EACEAE_im           		 0.274976
EACRW_im            		 1.00484
EACUS_im            		 0.0749071
EACEAA_imc          		 0.0460127
EACEAB_imc          		 0.0460182
EACEAD_imc          		 0.0460182
EACEAE_imc          		 0.161066
EACRW_imc           		 0.882353
EACUS_imc           		 0.0331357
EACEAA_imcy         		 0.00861942
EACEAB_imcy         		 0.00862045
EACEAD_imcy         		 0.00862045
EACEAE_imcy         		 0.0284556
EACRW_imcy          		 0.131312
EACUS_imcy          		 0.00434899
EACEAA_imi          		 0.00622968
EACEAB_imi          		 0.00622517
EACEAD_imi          		 0.00622516
EACEAE_imi          		 0.0867401
EACRW_imi           		 0.0316425
EACUS_imi           		 0.0340626
EACEAA_imiy         		 0.00116699
EACEAB_imiy         		 0.00116614
EACEAD_imiy         		 0.00116614
EACEAE_imiy         		 0.0153244
EACRW_imiy          		 0.00470903
EACUS_imiy          		 0.00447065
EACEAA_imcg         		 0.00451925
EACEAB_imcg         		 0.0045246
EACEAD_imcg         		 0.00452459
EACEAE_imcg         		 0.0158293
EACRW_imcg          		 0.0867059
EACUS_imcg          		 0.0032544
EACEAA_imcgy        		 0.000846578
EACEAB_imcgy        		 0.000847578
EACEAD_imcgy        		 0.000847578
EACEAE_imcgy        		 0.00279656
EACRW_imcgy         		 0.0129036
EACUS_imcgy         		 0.000427134
EACEAA_imig         		 0.000816724
EACEAB_imig         		 0.000811397
EACEAD_imig         		 0.000811396
EACEAE_imig         		 0.0113402
EACRW_imig          		 0.00413639
EACUS_imig          		 0.00445447
EACEAA_imigy        		 0.000152994
EACEAB_imigy        		 0.000151997
EACEAD_imigy        		 0.000151996
EACEAE_imigy        		 0.00200347
EACRW_imigy         		 0.000615576
EACUS_imigy         		 0.00058464
EAC_piex            		 1.00496
EAC_pextilde        		 0.930814
EACEAA_rer          		 1
EACEAB_rer          		 1
EACEAD_rer          		 0.999999
EACEAE_rer          		 0.980592
EACRW_rer           		 0.778986
EACUS_rer           		 0.692038
EAC_sx              		 1
EACEAA_tot          		 0.999999
EACEAB_tot          		 0.999998
EACEAD_tot          		 0.999999
EACEAE_tot          		 0.943109
EACRW_tot           		 0.794438
EACUS_tot           		 0.700635
EACEAA_weight       		 0.0477476
EACEAB_weight       		 0.047748
EACEAD_weight       		 0.0477479
EACEAE_weight       		 0.196389
EACRW_weight        		 0.577601
EACUS_weight        		 0.0827669
EACEAA_weightex     		 0.0505896
EACEAB_weightex     		 0.0505896
EACEAD_weightex     		 0.0505894
EACEAE_weightex     		 0.190665
EACRW_weightex      		 0.533263
EACUS_weightex      		 0.124303
EACEAA_weightim     		 0.0448837
EACEAB_weightim     		 0.0448845
EACEAD_weightim     		 0.0448845
EACEAE_weightim     		 0.202156
EACRW_weightim      		 0.62228
EACUS_weightim      		 0.0409114
EAC_b               		 11.9254
EAC_bf              		 -1.08236
EAC_by              		 2.4
EAC_c               		 2.92218
EAC_ci              		 3.52694
EAC_cj              		 1.10791
EAC_cy              		 0.588092
EAC_d               		 1.31788
EAC_dn              		 0.326698
EAC_dt              		 0.991177
EAC_epsilonm        		 -0.750004
EAC_etot            		 0.840409
EAC_ex              		 1.2927
EAC_fh              		 14.772
EAC_fi              		 112.378
EAC_fj              		 4.16213
EAC_fn              		 17.1135
EAC_cg              		 1.03348
EAC_gammab          		 0
EAC_gammai          		 0
EAC_gammaider       		 0
EAC_gammau          		 0
EAC_gammauder       		 0.0324166
EAC_gammav          		 0.000295175
EAC_gammavi         		 0.000101012
EAC_gammavider      		 0.00216513
EAC_gammavj         		 0.000101012
EAC_gammavjder      		 0.00216513
EAC_gh              		 17.7263
EAC_gi              		 4.99505
EAC_gj              		 7.46176
EAC_gn              		 25.6703
EAC_cgy             		 0.2
EAC_ht              		 1.6525
EAC_htc             		 0.262881
EAC_hti             		 0.509395
EAC_htcg            		 0.733109
EAC_htig            		 0.147111
EAC_i               		 0.871828
EAC_ig              		 0.205829
EAC_ii              		 1.16244
EAC_im              		 1.50881
EAC_imc             		 1.20078
EAC_imcy            		 0.189977
EAC_imi             		 0.168066
EAC_imiy            		 0.0280033
EAC_imcg            		 0.117999
EAC_imcgy           		 0.018669
EAC_imig            		 0.0219706
EAC_imigy           		 0.00366067
EAC_imy             		 0.240309
EAC_internalrer     		 1.42422
EAC_iy              		 0.17
EAC_igy             		 0.04
EAC_k               		 34.8731
EAC_kd              		 34.8731
EAC_kdn             		 18.1555
EAC_kdt             		 16.7176
EAC_ki              		 46.4975
EAC_lambdai         		 0.548426
EAC_lambdaj         		 2.45777
EAC_lcy             		 0.514343
EAC_m               		 1.22781
EAC_mcn             		 0.775678
EAC_mct             		 0.775678
EAC_mi              		 1.48191
EAC_mj              		 0.465509
EAC_nd              		 1.71627
EAC_ndi             		 0.674269
EAC_ndj             		 1.17879
EAC_ndn             		 0.893517
EAC_ndt             		 0.822754
EAC_ni              		 0.674269
EAC_nj              		 1.17879
EAC_nt              		 1.91444
EAC_ntc             		 1.49014
EAC_nti             		 0.198895
EAC_ntcg            		 0.187906
EAC_ntig            		 0.0375023
EAC_pex             		 0.930814
EAC_pht             		 0.930814
EAC_phttilde        		 0.930814
EAC_pi              		 0.968903
EAC_pcg             		 0.961594
EAC_pig             		 0.965639
EAC_pic             		 1.00496
EAC_pic4            		 1.02
EAC_piex4           		 1.02
EAC_piht            		 1.00496
EAC_piimc           		 1.00496
EAC_piimi           		 1.00496
EAC_piimcg          		 1.00496
EAC_piimig          		 1.00496
EAC_piimc4          		 1.02
EAC_pim             		 0.791403
EAC_pimc            		 0.78614
EAC_pimi            		 0.827924
EAC_pimcg           		 0.786148
EAC_pimig           		 0.827904
EAC_pint            		 1.00496
EAC_piw             		 1.00496
EAC_piw4            		 1.02
EAC_pnt             		 1.16352
EAC_pnttilde        		 1.16352
EAC_pttc            		 0.816953
EAC_ptti            		 0.907987
EAC_pttcg           		 0.914117
EAC_pttig           		 0.919049
EAC_py              		 1.02249
EAC_q               		 0.968903
EAC_qc              		 2.92248
EAC_qi              		 0.871828
EAC_qcg             		 1.03348
EAC_qig             		 0.205829
EAC_r               		 1.01242
EAC_reer            		 0.836457
EAC_rer             		 0.692038
EAC_rerdep          		 1
EAC_rk              		 0.0314085
EAC_rp              		 0
EAC_rr              		 1.00742
EAC_rrstar          		 1.00742
EAC_sh              		 1
EAC_si              		 1
EAC_sj              		 1
EAC_snt             		 1
EAC_t               		 0
EAC_tauc            		 0.183
EAC_taud            		 0
EAC_tauk            		 0
EAC_taun            		 0.122
EAC_tauwf           		 0.219
EAC_tauwh           		 0.118
EAC_tb              		 0.00918672
EAC_tby             		 0.00184884
EAC_ti              		 0
EAC_tj              		 0
EAC_tot             		 0.700635
EAC_tr              		 0.223244
EAC_tri             		 0.148829
EAC_trj             		 0.446488
EAC_try             		 0.0449281
EAC_ttc             		 1.45501
EAC_tti             		 0.675448
EAC_ttcg            		 0.847979
EAC_ttig            		 0.168785
EAC_ty              		 0
EAC_u               		 1
EAC_utili           		 27.971
EAC_utilj           		 -169.691
EAC_vi              		 2.38
EAC_vj              		 2.38
EAC_w               		 1.22159
EAC_wcst            		 0
EAC_whty            		 0.366622
EAC_wi              		 1.41834
EAC_witilde         		 1.41834
EAC_wj              		 0.967299
EAC_wjtilde         		 0.967299
EAC_wnty            		 0.490019
EAC_wy              		 0.421939
EAC_y               		 4.85964
EAC_ygap            		 0
EAC_ygrowth         		 1
EAC_ygrowth4        		 1
EAC_yhty            		 0.551716
EAC_ynty            		 0.448284
EAC_yshare          		 0.0458231
EAC_ysn             		 1.91444
EAC_yst             		 2.9452
EAC_zcon            		 1
EAC_zinv            		 1
EAC_zn              		 1
EAC_zt              		 1
EADEAA_excy         		 0.00862047
EADEAB_excy         		 0.00862048
EADEAC_excy         		 0.00862046
EADEAE_excy         		 0.0351558
EADRW_excy          		 0.0735103
EADUS_excy          		 0.0144573
EADEAA_exiy         		 0.00116615
EADEAB_exiy         		 0.00116615
EADEAC_exiy         		 0.00116614
EADEAE_exiy         		 0.0119277
EADRW_exiy          		 0.0487876
EADUS_exiy          		 0.00466844
EAD_fx              		 3.92421
EADEAA_gammaimc     		 0
EADEAB_gammaimc     		 0
EADEAC_gammaimc     		 0
EADEAE_gammaimc     		 0
EADRW_gammaimc      		 0
EADUS_gammaimc      		 0
EADEAA_gammaimcdag  		 1
EADEAB_gammaimcdag  		 1
EADEAC_gammaimcdag  		 1
EADEAE_gammaimcdag  		 1
EADRW_gammaimcdag   		 1
EADUS_gammaimcdag   		 1
EADEAA_gammaimi     		 0
EADEAB_gammaimi     		 0
EADEAC_gammaimi     		 0
EADEAE_gammaimi     		 0
EADRW_gammaimi      		 0
EADUS_gammaimi      		 0
EADEAA_gammaimidag  		 1
EADEAB_gammaimidag  		 1
EADEAC_gammaimidag  		 1
EADEAE_gammaimidag  		 1
EADRW_gammaimidag   		 1
EADUS_gammaimidag   		 1
EADEAA_gammaimcg    		 0
EADEAB_gammaimcg    		 0
EADEAC_gammaimcg    		 0
EADEAE_gammaimcg    		 0
EADRW_gammaimcg     		 0
EADUS_gammaimcg     		 0
EADEAA_gammaimcgdag 		 1
EADEAB_gammaimcgdag 		 1
EADEAC_gammaimcgdag 		 1
EADEAE_gammaimcgdag 		 1
EADRW_gammaimcgdag  		 1
EADUS_gammaimcgdag  		 1
EADEAA_gammaimig    		 0
EADEAB_gammaimig    		 0
EADEAC_gammaimig    		 0
EADEAE_gammaimig    		 0
EADRW_gammaimig     		 0
EADUS_gammaimig     		 0
EADEAA_gammaimigdag 		 1
EADEAB_gammaimigdag 		 1
EADEAC_gammaimigdag 		 1
EADEAE_gammaimigdag 		 1
EADRW_gammaimigdag  		 1
EADUS_gammaimigdag  		 1
EAD_gx              		 4.70906
EADEAA_im           		 0.0575793
EADEAB_im           		 0.0575783
EADEAC_im           		 0.0575791
EADEAE_im           		 0.274975
EADRW_im            		 1.00484
EADUS_im            		 0.074907
EADEAA_imc          		 0.0460181
EADEAB_imc          		 0.0460127
EADEAC_imc          		 0.046018
EADEAE_imc          		 0.161066
EADRW_imc           		 0.882352
EADUS_imc           		 0.0331356
EADEAA_imcy         		 0.00862045
EADEAB_imcy         		 0.00861942
EADEAC_imcy         		 0.00862043
EADEAE_imcy         		 0.0284556
EADRW_imcy          		 0.131312
EADUS_imcy          		 0.00434899
EADEAA_imi          		 0.00622515
EADEAB_imi          		 0.00622967
EADEAC_imi          		 0.00622513
EADEAE_imi          		 0.0867399
EADRW_imi           		 0.0316424
EADUS_imi           		 0.0340625
EADEAA_imiy         		 0.00116614
EADEAB_imiy         		 0.00116699
EADEAC_imiy         		 0.00116614
EADEAE_imiy         		 0.0153244
EADRW_imiy          		 0.00470902
EADUS_imiy          		 0.00447064
EADEAA_imcg         		 0.00452458
EADEAB_imcg         		 0.00451925
EADEAC_imcg         		 0.00452457
EADEAE_imcg         		 0.0158292
EADRW_imcg          		 0.0867057
EADUS_imcg          		 0.0032544
EADEAA_imcgy        		 0.000847577
EADEAB_imcgy        		 0.000846577
EADEAC_imcgy        		 0.000847575
EADEAE_imcgy        		 0.00279655
EADRW_imcgy         		 0.0129035
EADUS_imcgy         		 0.000427134
EADEAA_imig         		 0.000811395
EADEAB_imig         		 0.000816723
EADEAC_imig         		 0.000811392
EADEAE_imig         		 0.0113401
EADRW_imig          		 0.00413638
EADUS_imig          		 0.00445445
EADEAA_imigy        		 0.000151996
EADEAB_imigy        		 0.000152994
EADEAC_imigy        		 0.000151996
EADEAE_imigy        		 0.00200346
EADRW_imigy         		 0.000615576
EADUS_imigy         		 0.000584639
EAD_piex            		 1.00496
EAD_pextilde        		 0.930814
EADEAA_rer          		 1
EADEAB_rer          		 1
EADEAC_rer          		 1
EADEAE_rer          		 0.980593
EADRW_rer           		 0.778986
EADUS_rer           		 0.692039
EAD_sx              		 1
EADEAA_tot          		 1
EADEAB_tot          		 1
EADEAC_tot          		 1
EADEAE_tot          		 0.94311
EADRW_tot           		 0.794438
EADUS_tot           		 0.700636
EADEAA_weight       		 0.047748
EADEAB_weight       		 0.0477476
EADEAC_weight       		 0.0477479
EADEAE_weight       		 0.196389
EADRW_weight        		 0.577601
EADUS_weight        		 0.082767
EADEAA_weightex     		 0.0505897
EADEAB_weightex     		 0.0505897
EADEAC_weightex     		 0.0505896
EADEAE_weightex     		 0.190665
EADRW_weightex      		 0.533263
EADUS_weightex      		 0.124303
EADEAA_weightim     		 0.0448845
EADEAB_weightim     		 0.0448837
EADEAC_weightim     		 0.0448844
EADEAE_weightim     		 0.202156
EADRW_weightim      		 0.62228
EADUS_weightim      		 0.0409114
EAD_b               		 11.9254
EAD_bf              		 -1.08236
EAD_by              		 2.4
EAD_c               		 2.92218
EAD_ci              		 3.52694
EAD_cj              		 1.10791
EAD_cy              		 0.588092
EAD_d               		 1.31787
EAD_dn              		 0.326698
EAD_dt              		 0.991177
EAD_epsilonm        		 -0.750004
EAD_etot            		 0.840409
EAD_ex              		 1.2927
EAD_fh              		 14.772
EAD_fi              		 112.377
EAD_fj              		 4.16211
EAD_fn              		 17.1135
EAD_cg              		 1.03348
EAD_gammab          		 0
EAD_gammai          		 0
EAD_gammaider       		 0
EAD_gammau          		 0
EAD_gammauder       		 0.0324166
EAD_gammav          		 0.000295175
EAD_gammavi         		 0.000101012
EAD_gammavider      		 0.00216513
EAD_gammavj         		 0.000101012
EAD_gammavjder      		 0.00216513
EAD_gh              		 17.7263
EAD_gi              		 4.99504
EAD_gj              		 7.46175
EAD_gn              		 25.6703
EAD_cgy             		 0.2
EAD_ht              		 1.6525
EAD_htc             		 0.262882
EAD_hti             		 0.509395
EAD_htcg            		 0.733109
EAD_htig            		 0.147111
EAD_i               		 0.871827
EAD_ig              		 0.205829
EAD_ii              		 1.16244
EAD_im              		 1.50881
EAD_imc             		 1.20077
EAD_imcy            		 0.189976
EAD_imi             		 0.168066
EAD_imiy            		 0.0280033
EAD_imcg            		 0.117999
EAD_imcgy           		 0.018669
EAD_imig            		 0.0219706
EAD_imigy           		 0.00366067
EAD_imy             		 0.240309
EAD_internalrer     		 1.42422
EAD_iy              		 0.17
EAD_igy             		 0.04
EAD_k               		 34.8731
EAD_kd              		 34.8731
EAD_kdn             		 18.1555
EAD_kdt             		 16.7176
EAD_ki              		 46.4975
EAD_lambdai         		 0.548426
EAD_lambdaj         		 2.45777
EAD_lcy             		 0.514343
EAD_m               		 1.22781
EAD_mcn             		 0.775678
EAD_mct             		 0.775678
EAD_mi              		 1.48191
EAD_mj              		 0.465509
EAD_nd              		 1.71627
EAD_ndi             		 0.674269
EAD_ndj             		 1.17879
EAD_ndn             		 0.893517
EAD_ndt             		 0.822754
EAD_ni              		 0.674269
EAD_nj              		 1.17879
EAD_nt              		 1.91444
EAD_ntc             		 1.49014
EAD_nti             		 0.198895
EAD_ntcg            		 0.187906
EAD_ntig            		 0.0375023
EAD_pex             		 0.930814
EAD_pht             		 0.930814
EAD_phttilde        		 0.930814
EAD_pi              		 0.968903
EAD_pcg             		 0.961593
EAD_pig             		 0.965639
EAD_pic             		 1.00496
EAD_pic4            		 1.02
EAD_piex4           		 1.02
EAD_piht            		 1.00496
EAD_piimc           		 1.00496
EAD_piimi           		 1.00496
EAD_piimcg          		 1.00496
EAD_piimig          		 1.00496
EAD_piimc4          		 1.02
EAD_pim             		 0.791404
EAD_pimc            		 0.786141
EAD_pimi            		 0.827925
EAD_pimcg           		 0.786148
EAD_pimig           		 0.827905
EAD_pint            		 1.00496
EAD_piw             		 1.00496
EAD_piw4            		 1.02
EAD_pnt             		 1.16352
EAD_pnttilde        		 1.16352
EAD_pttc            		 0.816953
EAD_ptti            		 0.907987
EAD_pttcg           		 0.914117
EAD_pttig           		 0.919049
EAD_py              		 1.02249
EAD_q               		 0.968903
EAD_qc              		 2.92248
EAD_qi              		 0.871827
EAD_qcg             		 1.03348
EAD_qig             		 0.205829
EAD_r               		 1.01242
EAD_reer            		 0.836458
EAD_rer             		 0.692039
EAD_rerdep          		 1
EAD_rk              		 0.0314085
EAD_rp              		 0
EAD_rr              		 1.00742
EAD_rrstar          		 1.00742
EAD_sh              		 1
EAD_si              		 1
EAD_sj              		 1
EAD_snt             		 1
EAD_t               		 0
EAD_tauc            		 0.183
EAD_taud            		 0
EAD_tauk            		 0
EAD_taun            		 0.122
EAD_tauwf           		 0.219
EAD_tauwh           		 0.118
EAD_tb              		 0.00918672
EAD_tby             		 0.00184884
EAD_ti              		 0
EAD_tj              		 0
EAD_tot             		 0.700636
EAD_tr              		 0.223244
EAD_tri             		 0.148829
EAD_trj             		 0.446488
EAD_try             		 0.0449281
EAD_ttc             		 1.45501
EAD_tti             		 0.675448
EAD_ttcg            		 0.847979
EAD_ttig            		 0.168785
EAD_ty              		 0
EAD_u               		 1
EAD_utili           		 27.9709
EAD_utilj           		 -169.691
EAD_vi              		 2.38
EAD_vj              		 2.38
EAD_w               		 1.22159
EAD_wcst            		 0
EAD_whty            		 0.366622
EAD_wi              		 1.41833
EAD_witilde         		 1.41833
EAD_wj              		 0.967299
EAD_wjtilde         		 0.967299
EAD_wnty            		 0.490019
EAD_wy              		 0.421939
EAD_y               		 4.85964
EAD_ygap            		 0
EAD_ygrowth         		 1
EAD_ygrowth4        		 1
EAD_yhty            		 0.551716
EAD_ynty            		 0.448284
EAD_yshare          		 0.045823
EAD_ysn             		 1.91444
EAD_yst             		 2.9452
EAD_zcon            		 1
EAD_zinv            		 1
EAD_zn              		 1
EAD_zt              		 1
EAEEAA_excy         		 0.0179878
EAEEAB_excy         		 0.0179878
EAEEAC_excy         		 0.0179878
EAEEAD_excy         		 0.0179877
EAERW_excy          		 0.0576575
EAEUS_excy          		 0.0150507
EAEEAA_exiy         		 0.00968707
EAEEAB_exiy         		 0.00968706
EAEEAC_exiy         		 0.00968708
EAEEAD_exiy         		 0.00968706
EAERW_exiy          		 0.0425862
EAEUS_exiy          		 0.00626835
EAE_fx              		 4.50209
EAEEAA_gammaimc     		 0
EAEEAB_gammaimc     		 0
EAEEAC_gammaimc     		 0
EAEEAD_gammaimc     		 0
EAERW_gammaimc      		 0
EAEUS_gammaimc      		 0
EAEEAA_gammaimcdag  		 1
EAEEAB_gammaimcdag  		 1
EAEEAC_gammaimcdag  		 1
EAEEAD_gammaimcdag  		 1
EAERW_gammaimcdag   		 1
EAEUS_gammaimcdag   		 1
EAEEAA_gammaimi     		 0
EAEEAB_gammaimi     		 0
EAEEAC_gammaimi     		 0
EAEEAD_gammaimi     		 0
EAERW_gammaimi      		 0
EAEUS_gammaimi      		 0
EAEEAA_gammaimidag  		 1
EAEEAB_gammaimidag  		 1
EAEEAC_gammaimidag  		 1
EAEEAD_gammaimidag  		 1
EAERW_gammaimidag   		 1
EAEUS_gammaimidag   		 1
EAEEAA_gammaimcg    		 0
EAEEAB_gammaimcg    		 0
EAEEAC_gammaimcg    		 0
EAEEAD_gammaimcg    		 0
EAERW_gammaimcg     		 0
EAEUS_gammaimcg     		 0
EAEEAA_gammaimcgdag 		 1
EAEEAB_gammaimcgdag 		 1
EAEEAC_gammaimcgdag 		 1
EAEEAD_gammaimcgdag 		 1
EAERW_gammaimcgdag  		 1
EAEUS_gammaimcgdag  		 1
EAEEAA_gammaimig    		 0
EAEEAB_gammaimig    		 0
EAEEAC_gammaimig    		 0
EAEEAD_gammaimig    		 0
EAERW_gammaimig     		 0
EAEUS_gammaimig     		 0
EAEEAA_gammaimigdag 		 1
EAEEAB_gammaimigdag 		 1
EAEEAC_gammaimigdag 		 1
EAEEAD_gammaimigdag 		 1
EAERW_gammaimigdag  		 1
EAEUS_gammaimigdag  		 1
EAE_gx              		 5.40251
EAEEAA_im           		 0.185713
EAEEAB_im           		 0.185713
EAEEAC_im           		 0.185713
EAEEAD_im           		 0.185713
EAERW_im            		 0.803452
EAEUS_im            		 0.144002
EAEEAA_imc          		 0.125114
EAEEAB_imc          		 0.125114
EAEEAC_imc          		 0.125114
EAEEAD_imc          		 0.125114
EAERW_imc           		 0.541282
EAEUS_imc           		 0.0967934
EAEEAA_imcy         		 0.0222232
EAEEAB_imcy         		 0.0222232
EAEEAC_imcy         		 0.0222233
EAEEAD_imcy         		 0.0222232
EAERW_imcy          		 0.076381
EAEUS_imcy          		 0.0120459
EAEEAA_imi          		 0.0424488
EAEEAB_imi          		 0.0424488
EAEEAC_imi          		 0.0424484
EAEEAD_imi          		 0.0424488
EAERW_imi           		 0.183646
EAEUS_imi           		 0.0331256
EAEEAA_imiy         		 0.00753992
EAEEAB_imiy         		 0.00753992
EAEEAC_imiy         		 0.00753985
EAEEAD_imiy         		 0.00753992
EAERW_imiy          		 0.0259145
EAEUS_imiy          		 0.00412247
EAEEAA_imcg         		 0.0119789
EAEEAB_imcg         		 0.0119789
EAEEAC_imcg         		 0.0119789
EAEEAD_imcg         		 0.0119789
EAERW_imcg          		 0.0518244
EAEUS_imcg          		 0.00926736
EAEEAA_imcgy        		 0.00212774
EAEEAB_imcgy        		 0.00212774
EAEEAC_imcgy        		 0.00212775
EAEEAD_imcgy        		 0.00212774
EAERW_imcgy         		 0.00731301
EAEUS_imcgy         		 0.00115332
EAEEAA_imig         		 0.00617162
EAEEAB_imig         		 0.00617162
EAEEAC_imig         		 0.00617156
EAEEAD_imig         		 0.00617162
EAERW_imig          		 0.0267002
EAEUS_imig          		 0.00481612
EAEEAA_imigy        		 0.00109623
EAEEAB_imigy        		 0.00109623
EAEEAC_imigy        		 0.00109622
EAEEAD_imigy        		 0.00109623
EAERW_imigy         		 0.0037677
EAEUS_imigy         		 0.000599365
EAE_piex            		 1.00496
EAE_pextilde        		 0.895234
EAEEAA_rer          		 1.01979
EAEEAB_rer          		 1.01979
EAEEAC_rer          		 1.01979
EAEEAD_rer          		 1.01979
EAERW_rer           		 0.794404
EAEUS_rer           		 0.705735
EAE_sx              		 1
EAEEAA_tot          		 1.06032
EAEEAB_tot          		 1.06032
EAEEAC_tot          		 1.06032
EAEEAD_tot          		 1.06032
EAERW_tot           		 0.84236
EAEUS_tot           		 0.742899
EAEEAA_weight       		 0.117265
EAEEAB_weight       		 0.117265
EAEEAC_weight       		 0.117265
EAEEAD_weight       		 0.117264
EAERW_weight        		 0.437792
EAEUS_weight        		 0.0931496
EAEEAA_weightex     		 0.109067
EAEEAB_weightex     		 0.109067
EAEEAC_weightex     		 0.109066
EAEEAD_weightex     		 0.109066
EAERW_weightex      		 0.445034
EAEUS_weightex      		 0.1187
EAEEAA_weightim     		 0.125309
EAEEAB_weightim     		 0.125309
EAEEAC_weightim     		 0.125309
EAEEAD_weightim     		 0.125309
EAERW_weightim      		 0.430686
EAEUS_weightim      		 0.0680773
EAE_b               		 12.8258
EAE_bf              		 3.04397
EAE_by              		 2.4
EAE_c               		 3.28269
EAE_ci              		 4.05058
EAE_cj              		 0.979031
EAE_cy              		 0.614268
EAE_d               		 1.86548
EAE_dn              		 0.360316
EAE_dt              		 1.50516
EAE_epsilonm        		 -0.750004
EAE_etot            		 0.927454
EAE_ex              		 1.54201
EAE_fh              		 14.4718
EAE_fi              		 69.9188
EAE_fj              		 2.58958
EAE_fn              		 18.8746
EAE_cg              		 1.1444
EAE_gammab          		 0
EAE_gammai          		 0
EAE_gammaider       		 0
EAE_gammau          		 0
EAE_gammauder       		 0.0324166
EAE_gammav          		 0.000331591
EAE_gammavi         		 0.000101012
EAE_gammavider      		 0.00216513
EAE_gammavj         		 0.000101012
EAE_gammavjder      		 0.00216513
EAE_gh              		 17.3662
EAE_gi              		 3.61333
EAE_gj              		 7.29623
EAE_gn              		 28.3118
EAE_cgy             		 0.2
EAE_ht              		 1.68326
EAE_htc             		 0.475068
EAE_hti             		 0.293031
EAE_htcg            		 0.831178
EAE_htig            		 0.0839848
EAE_i               		 0.866042
EAE_ig              		 0.220212
EAE_ii              		 1.15472
EAE_im              		 1.65667
EAE_imc             		 1.11588
EAE_imcy            		 0.17732
EAE_imi             		 0.378865
EAE_imiy            		 0.0601966
EAE_imcg            		 0.106839
EAE_imcgy           		 0.0169773
EAE_imig            		 0.0550832
EAE_imigy           		 0.00875196
EAE_imy             		 0.263246
EAE_internalrer     		 1.2958
EAE_iy              		 0.1506
EAE_igy             		 0.04
EAE_k               		 34.6417
EAE_kd              		 34.6417
EAE_kdn             		 20.8769
EAE_kdt             		 13.7647
EAE_ki              		 46.1889
EAE_lambdai         		 0.464709
EAE_lambdaj         		 2.81509
EAE_lcy             		 0.455648
EAE_m               		 1.37928
EAE_mcn             		 0.746028
EAE_mct             		 0.746028
EAE_mi              		 1.70193
EAE_mj              		 0.411358
EAE_nd              		 1.69002
EAE_ndi             		 0.615853
EAE_ndj             		 1.23239
EAE_ndn             		 1.01849
EAE_ndt             		 0.671522
EAE_ni              		 0.615853
EAE_nj              		 1.23239
EAE_nt              		 2.19536
EAE_ntc             		 1.70692
EAE_nti             		 0.197304
EAE_ntcg            		 0.209097
EAE_ntig            		 0.0820396
EAE_pex             		 0.895234
EAE_pht             		 0.895234
EAE_phttilde        		 0.895234
EAE_pi              		 0.929305
EAE_pcg             		 0.93395
EAE_pig             		 0.970714
EAE_pic             		 1.00496
EAE_pic4            		 1.02
EAE_piex4           		 1.02
EAE_piht            		 1.00496
EAE_piimc           		 1.00496
EAE_piimi           		 1.00496
EAE_piimcg          		 1.00496
EAE_piimig          		 1.00496
EAE_piimc4          		 1.02
EAE_pim             		 0.849176
EAE_pimc            		 0.849203
EAE_pimi            		 0.849101
EAE_pimcg           		 0.849203
EAE_pimig           		 0.849101
EAE_pint            		 1.00496
EAE_piw             		 1.00496
EAE_piw4            		 1.02
EAE_pnt             		 1.11904
EAE_pnttilde        		 1.11904
EAE_pttc            		 0.863593
EAE_ptti            		 0.869974
EAE_pttcg           		 0.890289
EAE_pttig           		 0.877685
EAE_py              		 0.985876
EAE_q               		 0.929305
EAE_qc              		 3.28303
EAE_qi              		 0.866042
EAE_qcg             		 1.1444
EAE_qig             		 0.220212
EAE_r               		 1.01242
EAE_reer            		 0.883349
EAE_rer             		 0.705735
EAE_rerdep          		 1
EAE_rk              		 0.0301249
EAE_rp              		 0
EAE_rr              		 1.00742
EAE_rrstar          		 1.00742
EAE_sh              		 1
EAE_si              		 1
EAE_sj              		 1
EAE_snt             		 1
EAE_t               		 0
EAE_tauc            		 0.183
EAE_taud            		 0
EAE_tauk            		 0
EAE_taun            		 0.122
EAE_tauwf           		 0.219
EAE_tauwh           		 0.118
EAE_tb              		 -0.0263475
EAE_tby             		 -0.00493023
EAE_ti              		 0
EAE_tj              		 0
EAE_tot             		 0.742899
EAE_tr              		 0.147879
EAE_tri             		 0.0985858
EAE_trj             		 0.295757
EAE_try             		 0.0276715
EAE_ttc             		 1.58976
EAE_tti             		 0.671315
EAE_ttcg            		 0.937703
EAE_ttig            		 0.138953
EAE_ty              		 0
EAE_u               		 1
EAE_utili           		 48.4944
EAE_utilj           		 -196.371
EAE_vi              		 2.38
EAE_vj              		 2.38
EAE_w               		 1.18197
EAE_wcst            		 0
EAE_whty            		 0.274894
EAE_wi              		 1.39638
EAE_witilde         		 1.39638
EAE_wj              		 0.923072
EAE_wjtilde         		 0.923072
EAE_wnty            		 0.490019
EAE_wy              		 0.373788
EAE_y               		 5.42063
EAE_ygap            		 0
EAE_ygrowth         		 1
EAE_ygrowth4        		 1
EAE_yhty            		 0.540294
EAE_ynty            		 0.459706
EAE_yshare          		 0.0724894
EAE_ysn             		 2.19536
EAE_yst             		 3.22527
EAE_zcon            		 1
EAE_zinv            		 1
EAE_zn              		 1
EAE_zt              		 1
RWEAA_excy          		 0.0148701
RWEAB_excy          		 0.0148703
RWEAC_excy          		 0.0148703
RWEAD_excy          		 0.0148703
RWEAE_excy          		 0.0136833
RWUS_excy           		 0.0455556
RWEAA_exiy          		 0.00053335
RWEAB_exiy          		 0.00053327
RWEAC_exiy          		 0.000533271
RWEAD_exiy          		 0.000533269
RWEAE_exiy          		 0.00464247
RWUS_exiy           		 0.0182842
RW_fx               		 2.48606
RWEAA_gammaimc      		 0
RWEAB_gammaimc      		 0
RWEAC_gammaimc      		 0
RWEAD_gammaimc      		 0
RWEAE_gammaimc      		 0
RWUS_gammaimc       		 0
RWEAA_gammaimcdag   		 1
RWEAB_gammaimcdag   		 1
RWEAC_gammaimcdag   		 1
RWEAD_gammaimcdag   		 1
RWEAE_gammaimcdag   		 1
RWUS_gammaimcdag    		 1
RWEAA_gammaimi      		 0
RWEAB_gammaimi      		 0
RWEAC_gammaimi      		 0
RWEAD_gammaimi      		 0
RWEAE_gammaimi      		 0
RWUS_gammaimi       		 0
RWEAA_gammaimidag   		 1
RWEAB_gammaimidag   		 1
RWEAC_gammaimidag   		 1
RWEAD_gammaimidag   		 1
RWEAE_gammaimidag   		 1
RWUS_gammaimidag    		 1
RWEAA_gammaimcg     		 0
RWEAB_gammaimcg     		 0
RWEAC_gammaimcg     		 0
RWEAD_gammaimcg     		 0
RWEAE_gammaimcg     		 0
RWUS_gammaimcg      		 0
RWEAA_gammaimcgdag  		 1
RWEAB_gammaimcgdag  		 1
RWEAC_gammaimcgdag  		 1
RWEAD_gammaimcgdag  		 1
RWEAE_gammaimcgdag  		 1
RWUS_gammaimcgdag   		 1
RWEAA_gammaimig     		 0
RWEAB_gammaimig     		 0
RWEAC_gammaimig     		 0
RWEAD_gammaimig     		 0
RWEAE_gammaimig     		 0
RWUS_gammaimig      		 0
RWEAA_gammaimigdag  		 1
RWEAB_gammaimigdag  		 1
RWEAC_gammaimigdag  		 1
RWEAD_gammaimigdag  		 1
RWEAE_gammaimigdag  		 1
RWUS_gammaimigdag   		 1
RW_gx               		 2.98327
RWEAA_im            		 0.0619649
RWEAB_im            		 0.061965
RWEAC_im            		 0.0619648
RWEAD_im            		 0.0619647
RWEAE_im            		 0.0851836
RWUS_im             		 0.470335
RWEAA_imc           		 0.0333972
RWEAB_imc           		 0.0333972
RWEAC_imc           		 0.0333971
RWEAD_imc           		 0.0333972
RWEAE_imc           		 0.0439385
RWUS_imc            		 0.221372
RWEAA_imcy          		 0.00832461
RWEAB_imcy          		 0.00832462
RWEAC_imcy          		 0.0083246
RWEAD_imcy          		 0.00832461
RWEAE_imcy          		 0.0103291
RWUS_imcy           		 0.0386607
RWEAA_imi           		 0.0221566
RWEAB_imi           		 0.0221566
RWEAC_imi           		 0.0221565
RWEAD_imi           		 0.0221651
RWEAE_imi           		 0.0324532
RWUS_imi            		 0.20062
RWEAA_imiy          		 0.00552277
RWEAB_imiy          		 0.00552278
RWEAC_imiy          		 0.00552276
RWEAD_imiy          		 0.00552491
RWEAE_imiy          		 0.00762913
RWUS_imiy           		 0.0350365
RWEAA_imcg          		 0.00399223
RWEAB_imcg          		 0.00399223
RWEAC_imcg          		 0.00399221
RWEAD_imcg          		 0.00399222
RWEAE_imcg          		 0.00525231
RWUS_imcg           		 0.0264623
RWEAA_imcgy         		 0.000995106
RWEAB_imcgy         		 0.000995107
RWEAC_imcgy         		 0.000995104
RWEAD_imcgy         		 0.000995106
RWEAE_imcgy         		 0.00123472
RWUS_imcgy          		 0.00462141
RWEAA_imig          		 0.00241895
RWEAB_imig          		 0.00241895
RWEAC_imig          		 0.00241897
RWEAD_imig          		 0.00241013
RWEAE_imig          		 0.00353953
RWUS_imig           		 0.0218807
RWEAA_imigy         		 0.00060295
RWEAB_imigy         		 0.000602951
RWEAC_imigy         		 0.000602955
RWEAD_imigy         		 0.000600753
RWEAE_imigy         		 0.000832075
RWUS_imigy          		 0.00382127
RW_piex             		 1.00496
RW_pextilde         		 0.949277
RWEAA_rer           		 1.28372
RWEAB_rer           		 1.28372
RWEAC_rer           		 1.28372
RWEAD_rer           		 1.28372
RWEAE_rer           		 1.25881
RWUS_rer            		 0.888384
RW_sx               		 1
RWEAA_tot           		 1.25875
RWEAB_tot           		 1.25875
RWEAC_tot           		 1.25875
RWEAD_tot           		 1.25875
RWEAE_tot           		 1.18714
RWUS_tot            		 0.881926
RWEAA_weight        		 0.0998743
RWEAB_weight        		 0.0998745
RWEAC_weight        		 0.0998744
RWEAD_weight        		 0.0998742
RWEAE_weight        		 0.127131
RWUS_weight         		 0.473371
RWEAA_weightex      		 0.105714
RWEAB_weightex      		 0.105714
RWEAC_weightex      		 0.105714
RWEAD_weightex      		 0.105714
RWEAE_weightex      		 0.132274
RWUS_weightex       		 0.44487
RWEAA_weightim      		 0.0942103
RWEAB_weightim      		 0.0942103
RWEAC_weightim      		 0.0942101
RWEAD_weightim      		 0.0942099
RWEAE_weightim      		 0.122144
RWUS_weightim       		 0.501016
RW_b                		 11.5051
RW_bf               		 2.16914
RW_by               		 2.4
RW_c                		 2.85168
RW_ci               		 3.38241
RW_cj               		 1.25948
RW_cy               		 0.59487
RW_d                		 0.442635
RW_dn               		 0.35837
RW_dt               		 0.0842645
RW_epsilonm         		 -0.750004
RW_etot             		 1.05576
RW_ex               		 0.803021
RW_fh               		 5.59699
RW_fi               		 26665.9
RW_fj               		 987.627
RW_fn               		 7.09132
RW_cg               		 0.793787
RW_gammab           		 0
RW_gammai           		 0
RW_gammaider        		 0
RW_gammau           		 0
RW_gammauder        		 0.0324166
RW_gammav           		 0.000288053
RW_gammavi          		 0.000101012
RW_gammavider       		 0.00216513
RW_gammavj          		 0.000101012
RW_gammavjder       		 0.00216513
RW_gh               		 6.71638
RW_gi               		 29.8184
RW_gj               		 43.5847
RW_gn               		 9.06113
RW_cgy              		 0.16
RW_ht               		 1.80788
RW_htc              		 0.625454
RW_hti              		 0.464289
RW_htcg             		 0.593034
RW_htig             		 0.125104
RW_i                		 1.02658
RW_ig               		 0.19754
RW_ii               		 1.36877
RW_im               		 0.774686
RW_imc              		 0.384635
RW_imcy             		 0.0822882
RW_imi              		 0.310236
RW_imiy             		 0.0647588
RW_imcg             		 0.0459785
RW_imcgy            		 0.00983655
RW_imig             		 0.033836
RW_imigy            		 0.00706296
RW_imy              		 0.163947
RW_internalrer      		 1.03134
RW_iy               		 0.21
RW_igy              		 0.04
RW_k                		 41.0631
RW_kd               		 41.0631
RW_kdn              		 18.4683
RW_kdt              		 22.5948
RW_ki               		 54.7508
RW_lambdai          		 0.51858
RW_lambdaj          		 2.27398
RW_lcy              		 0.635365
RW_m                		 1.19818
RW_mcn              		 0.791064
RW_mct              		 0.791064
RW_mi               		 1.42118
RW_mj               		 0.529193
RW_nd               		 2.00494
RW_ndi              		 0.736407
RW_ndj              		 1.36966
RW_ndn              		 0.901728
RW_ndt              		 1.10321
RW_ni               		 0.736407
RW_nj               		 1.36966
RW_nt               		 2.29057
RW_ntc              		 1.84384
RW_nti              		 0.252785
RW_ntcg             		 0.15522
RW_ntig             		 0.0387163
RW_pex              		 0.949277
RW_pht              		 0.949277
RW_phttilde         		 0.949277
RW_pi               		 0.980632
RW_pcg              		 0.966261
RW_pig              		 0.970695
RW_pic              		 1.00496
RW_pic4             		 1.02
RW_piex4            		 1.02
RW_piht             		 1.00496
RW_piimc            		 1.00496
RW_piimi            		 1.00496
RW_piimcg           		 1.00496
RW_piimig           		 1.00496
RW_piimc4           		 1.02
RW_pim              		 1.01451
RW_pimc             		 1.02557
RW_pimi             		 1.00066
RW_pimcg            		 1.02557
RW_pimig            		 1.00066
RW_pint             		 1.00496
RW_piw              		 1.00496
RW_piw4             		 1.02
RW_pnt              		 1.0108
RW_pnttilde         		 1.0108
RW_pttc             		 0.980089
RW_ptti             		 0.970676
RW_pttcg            		 0.955282
RW_pttig            		 0.960794
RW_py               		 0.97803
RW_q                		 0.980632
RW_qc               		 2.85197
RW_qi               		 1.02658
RW_qcg              		 0.793787
RW_qig              		 0.19754
RW_r                		 1.01242
RW_reer             		 1.07575
RW_rer              		 0.888384
RW_rerdep           		 1
RW_rk               		 0.0317888
RW_rp               		 0
RW_rr               		 1.00742
RW_rrstar           		 1.00742
RW_sh               		 1
RW_si               		 1
RW_sj               		 1
RW_snt              		 1
RW_t                		 0
RW_tauc             		 0.077
RW_taud             		 0
RW_tauk             		 0
RW_taun             		 0.154
RW_tauwf            		 0.071
RW_tauwh            		 0.071
RW_tb               		 -0.0236345
RW_tby              		 -0.00493023
RW_ti               		 0
RW_tj               		 0
RW_tot              		 0.881926
RW_tr               		 0.0242419
RW_tri              		 0.0161613
RW_trj              		 0.0484838
RW_try              		 0.00505695
RW_ttc              		 1.00828
RW_tti              		 0.773871
RW_ttcg             		 0.638669
RW_ttig             		 0.158844
RW_ty               		 0
RW_u                		 1
RW_utili            		 6.95311
RW_utilj            		 -196.948
RW_vi               		 2.38
RW_vj               		 2.38
RW_w                		 1.41844
RW_wcst             		 0
RW_whty             		 0.631373
RW_wi               		 1.56522
RW_witilde          		 1.56522
RW_wj               		 1.23479
RW_wjtilde          		 1.23479
RW_wnty             		 0.55243
RW_wy               		 0.593245
RW_y                		 4.90147
RW_ygap             		 0
RW_ygrowth          		 1
RW_ygrowth4         		 1
RW_yhty             		 0.517017
RW_ynty             		 0.482983
RW_yshare           		 0.404639
RW_ysn              		 2.29057
RW_yst              		 2.6109
RW_zcon             		 1
RW_zinv             		 1
RW_zn               		 1
RW_zt               		 1
USEAA_excy          		 0.000586858
USEAB_excy          		 0.000586689
USEAC_excy          		 0.000586857
USEAD_excy          		 0.000586856
USEAE_excy          		 0.00257142
USRW_excy           		 0.0460677
USEAA_exiy          		 0.000603276
USEAB_exiy          		 0.000603388
USEAC_exiy          		 0.000603273
USEAD_exiy          		 0.000603272
USEAE_exiy          		 0.000880018
USRW_exiy           		 0.0417492
US_fx               		 2.39607
USEAA_gammaimc      		 0
USEAB_gammaimc      		 0
USEAC_gammaimc      		 0
USEAD_gammaimc      		 0
USEAE_gammaimc      		 0
USRW_gammaimc       		 0
USEAA_gammaimcdag   		 1
USEAB_gammaimcdag   		 1
USEAC_gammaimcdag   		 1
USEAD_gammaimcdag   		 1
USEAE_gammaimcdag   		 1
USRW_gammaimcdag    		 1
USEAA_gammaimi      		 0
USEAB_gammaimi      		 0
USEAC_gammaimi      		 0
USEAD_gammaimi      		 0
USEAE_gammaimi      		 0
USRW_gammaimi       		 0
USEAA_gammaimidag   		 1
USEAB_gammaimidag   		 1
USEAC_gammaimidag   		 1
USEAD_gammaimidag   		 1
USEAE_gammaimidag   		 1
USRW_gammaimidag    		 1
USEAA_gammaimcg     		 0
USEAB_gammaimcg     		 0
USEAC_gammaimcg     		 0
USEAD_gammaimcg     		 0
USEAE_gammaimcg     		 0
USRW_gammaimcg      		 0
USEAA_gammaimcgdag  		 1
USEAB_gammaimcgdag  		 1
USEAC_gammaimcgdag  		 1
USEAD_gammaimcgdag  		 1
USEAE_gammaimcgdag  		 1
USRW_gammaimcgdag   		 1
USEAA_gammaimig     		 0
USEAB_gammaimig     		 0
USEAC_gammaimig     		 0
USEAD_gammaimig     		 0
USEAE_gammaimig     		 0
USRW_gammaimig      		 0
USEAA_gammaimigdag  		 1
USEAB_gammaimigdag  		 1
USEAC_gammaimigdag  		 1
USEAD_gammaimigdag  		 1
USEAE_gammaimigdag  		 1
USRW_gammaimigdag   		 1
US_gx               		 2.87528
USEAA_im            		 0.0146203
USEAB_im            		 0.0146203
USEAC_im            		 0.0146205
USEAD_im            		 0.0146205
USEAE_im            		 0.0273809
USRW_im             		 0.543351
USEAA_imc           		 0.00995804
USEAB_imc           		 0.00995805
USEAC_imc           		 0.00995826
USEAD_imc           		 0.00995829
USEAE_imc           		 0.0173893
USRW_imc            		 0.348789
USEAA_imcy          		 0.00195083
USEAB_imcy          		 0.00195083
USEAC_imcy          		 0.00195088
USEAD_imcy          		 0.00195088
USEAE_imcy          		 0.00321286
USRW_imcy           		 0.0542837
USEAA_imi           		 0.00321565
USEAB_imi           		 0.00321565
USEAC_imi           		 0.00321564
USEAD_imi           		 0.00321565
USEAE_imi           		 0.00724233
USRW_imi            		 0.13999
USEAA_imiy          		 0.000629963
USEAB_imiy          		 0.000629963
USEAC_imiy          		 0.000629962
USEAD_imiy          		 0.000629963
USEAE_imiy          		 0.00133809
USRW_imiy           		 0.0217873
USEAA_imcg          		 0.000976174
USEAB_imcg          		 0.00097615
USEAC_imcg          		 0.000976171
USEAD_imcg          		 0.000976174
USEAE_imcg          		 0.00170458
USRW_imcg           		 0.0341905
USEAA_imcgy         		 0.000191237
USEAB_imcgy         		 0.000191233
USEAC_imcgy         		 0.000191237
USEAD_imcgy         		 0.000191237
USEAE_imcgy         		 0.000314939
USRW_imcgy          		 0.00532122
USEAA_imig          		 0.00047041
USEAB_imig          		 0.00047041
USEAC_imig          		 0.000470408
USEAD_imig          		 0.00047041
USEAE_imig          		 0.00104459
USRW_imig           		 0.0203814
USEAA_imigy         		 9.21557e-05
USEAB_imigy         		 9.21557e-05
USEAC_imigy         		 9.21555e-05
USEAD_imigy         		 9.21557e-05
USEAE_imigy         		 0.000192999
USRW_imigy          		 0.00317205
US_piex             		 1.00496
US_pextilde         		 0.942377
USEAA_rer           		 1.44501
USEAB_rer           		 1.44501
USEAC_rer           		 1.44501
USEAD_rer           		 1.44501
USEAE_rer           		 1.41696
USRW_rer            		 1.12564
US_sx               		 1
USEAA_tot           		 1.42727
USEAB_tot           		 1.42727
USEAC_tot           		 1.42728
USEAD_tot           		 1.42727
USEAE_tot           		 1.34608
USRW_tot            		 1.13388
USEAA_weight        		 0.0263157
USEAB_weight        		 0.0263155
USEAC_weight        		 0.0263159
USEAD_weight        		 0.0263159
USEAE_weight        		 0.0487874
USRW_weight         		 0.84595
USEAA_weightex      		 0.0244075
USEAB_weightex      		 0.024407
USEAC_weightex      		 0.0244074
USEAD_weightex      		 0.0244074
USEAE_weightex      		 0.0475962
USRW_weightex       		 0.854774
USEAA_weightim      		 0.0283359
USEAB_weightim      		 0.0283358
USEAC_weightim      		 0.0283363
USEAD_weightim      		 0.0283363
USEAE_weightim      		 0.0500484
USRW_weightim       		 0.836607
US_b                		 16.4777
US_bf               		 -3.31922
US_by               		 2.4
US_c                		 4.42157
US_ci               		 5.58997
US_cj               		 0.916364
US_cy               		 0.644006
US_d                		 2.41446
US_dn               		 0.529226
US_dt               		 1.88523
US_epsilonm         		 -0.750004
US_etot             		 1.17145
US_ex               		 0.779621
US_fh               		 8.84423
US_fi               		 36090.9
US_fj               		 1336.7
US_fn               		 10.4722
US_cg               		 1.14232
US_gammai           		 0
US_gammaider        		 0
US_gammau           		 0
US_gammauder        		 0.0324166
US_gammav           		 0.000446631
US_gammavi          		 0.000101012
US_gammavider       		 0.00216513
US_gammavj          		 0.000101012
US_gammavjder       		 0.00216513
US_gh               		 10.6131
US_gi               		 17.145
US_gj               		 70.1819
US_gn               		 13.3811
US_cgy              		 0.16
US_ht               		 2.87769
US_htc              		 1.16133
US_hti              		 0.630504
US_htcg             		 0.8809
US_htig             		 0.204958
US_i                		 1.04351
US_ig               		 0.28294
US_ii               		 1.39134
US_im               		 0.624174
US_imc              		 0.402649
US_imcy             		 0.0652999
US_imi              		 0.158919
US_imiy             		 0.0256453
US_imcg             		 0.0394701
US_imcgy            		 0.0064011
US_imig             		 0.0231361
US_imigy            		 0.00373367
US_imy              		 0.10108
US_internalrer      		 1.00992
US_iy               		 0.15
US_igy              		 0.04
US_k                		 41.7403
US_kd               		 41.7403
US_kdn              		 27.0994
US_kdt              		 14.6409
US_ki               		 55.6537
US_lambdai          		 0.26956
US_lambdaj          		 3.31027
US_lcy              		 0.453832
US_m                		 1.8578
US_mcn              		 0.785314
US_mct              		 0.785314
US_mi               		 2.34873
US_mj               		 0.385027
US_nd               		 2.02559
US_ndi              		 0.545797
US_ndj              		 1.6433
US_ndn              		 1.31509
US_ndt              		 0.7105
US_ni               		 0.545797
US_nj               		 1.6433
US_nt               		 3.40738
US_ntc              		 2.86935
US_nti              		 0.258718
US_ntcg             		 0.223655
US_ntig             		 0.0556546
US_pex              		 0.942377
US_pht              		 0.942377
US_phttilde         		 0.942377
US_pi               		 0.986921
US_pcg              		 0.961649
US_pig              		 0.970625
US_pic              		 1.00496
US_pic4             		 1.02
US_piex4            		 1.02
US_piht             		 1.00496
US_piimc            		 1.00496
US_piimi            		 1.00496
US_piimcg           		 1.00496
US_piimig           		 1.00496
US_piimc4           		 1.02
US_pim              		 1.11185
US_pimc             		 1.11345
US_pimi             		 1.10795
US_pimcg            		 1.11345
US_pimig            		 1.10798
US_pint             		 1.00496
US_piw              		 1.00496
US_piw4             		 1.02
US_pnt              		 1.00346
US_pnttilde         		 1.00346
US_pttc             		 0.993596
US_ptti             		 0.98144
US_pttcg            		 0.951337
US_pttig            		 0.962503
US_py               		 0.971836
US_q                		 0.986921
US_qc               		 4.42201
US_qi               		 1.04351
US_qcg              		 1.14232
US_qig              		 0.28294
US_r                		 1.01242
US_reer             		 1.16868
US_rer              		 1
US_rk               		 0.0319926
US_rr               		 1.00742
US_rrstar           		 1.00742
US_sh               		 1
US_si               		 1
US_sj               		 1
US_snt              		 1
US_t                		 0
US_tauc             		 0.077
US_taud             		 0
US_tauk             		 0
US_taun             		 0.154
US_tauwf            		 0.071
US_tauwh            		 0.071
US_tb               		 0.0407092
US_tby              		 0.00592934
US_ti               		 0
US_tj               		 0
US_tr               		 -0.283069
US_tri              		 -0.188713
US_trj              		 -0.566137
US_try              		 -0.0412292
US_ttc              		 1.55268
US_tti              		 0.784813
US_ttcg             		 0.9188
US_ttig             		 0.227305
US_ty               		 0
US_u                		 1
US_utili            		 77.0694
US_utilj            		 -321.391
US_vi               		 2.38
US_vj               		 2.38
US_w                		 1.43629
US_wcst             		 0
US_whty             		 0.296086
US_wi               		 1.6541
US_witilde          		 1.6541
US_wj               		 1.22103
US_wjtilde          		 1.22103
US_wnty             		 0.55243
US_wy               		 0.423746
US_y                		 7.06469
US_ygap             		 0
US_ygrowth          		 1
US_ygrowth4         		 1
US_yhty             		 0.501996
US_ynty             		 0.498004
US_yshare           		 0.339579
US_ysn              		 3.40738
US_yst              		 3.65731
US_zcon             		 1
US_zinv             		 1
US_zn               		 1
US_zt               		 1
EAAEAE_nerdep       		 1
EAA_gammabh         		 0
EABEAE_nerdep       		 1
EAB_gammabh         		 0
EACEAE_nerdep       		 1
EAC_gammabh         		 0
EADEAE_nerdep       		 1
EAD_gammabh         		 0
EAA_bh              		 0
EAB_bh              		 0
EAC_bh              		 -1.61279e-16
EAD_bh              		 0
EAE_bh              		 1.0752e-16
EAA_ccesi           		 4.53615
EAA_ccesj           		 1.64987
EAA_dcci            		 0.88682
EAA_dccj            		 1.44551
EAB_ccesi           		 4.53615
EAB_ccesj           		 1.64987
EAB_dcci            		 0.886819
EAB_dccj            		 1.44551
EAC_ccesi           		 4.53615
EAC_ccesj           		 1.64987
EAC_dcci            		 0.88682
EAC_dccj            		 1.44551
EAD_ccesi           		 4.53615
EAD_ccesj           		 1.64987
EAD_dcci            		 0.88682
EAD_dccj            		 1.44551
EAE_ccesi           		 5.14923
EAE_ccesj           		 1.46551
EAE_dcci            		 0.853011
EAE_dccj            		 1.47066
RW_ccesi            		 4.00794
RW_ccesj            		 1.84138
RW_dcci             		 0.67482
RW_dccj             		 1.35951
US_ccesi            		 6.20623
US_ccesj            		 1.37314
US_dcci             		 0.543168
US_dccj             		 1.47581
EAA_kg              		 8.23321
EAB_kg              		 8.23324
EAC_kg              		 8.23317
EAD_kg              		 8.23317
EAE_kg              		 8.80848
RW_kg               		 7.90161
US_kg               		 11.3176
MODEL SIMULATION: (method=Sparse LU solver with optimal path length on stacked system)
------------------------------------
      Iteration no. 1
      Inf-norm error = 1.709e-01
      2-norm error   = 4.394e-01
      1-norm error   = 2.187e+00
------------------------------------
(** 11.84 seconds **)
(** 14.11 seconds **)
------------------------------------
      Iteration no. 2
      Inf-norm error = 1.123e+00
      2-norm error   = 2.102e+00
      1-norm error   = 2.013e+01
------------------------------------
(** 8.76 seconds **)
(** 11.60 seconds **)
------------------------------------
      Iteration no. 3
      Inf-norm error = 1.991e-03
      2-norm error   = 6.435e-03
      1-norm error   = 8.899e-02
------------------------------------
(** 8.46 seconds **)
(** 5.41 seconds **)
------------------------------------
      Iteration no. 4
      Inf-norm error = 5.591e-04
      2-norm error   = 8.239e-04
      1-norm error   = 2.466e-03
------------------------------------
(** 8.14 seconds **)
(** 5.54 seconds **)
------------------------------------
      Iteration no. 5
      Inf-norm error = 6.155e-08
      2-norm error   = 1.208e-07
      1-norm error   = 4.439e-07
------------------------------------

Perfect foresight solution found.

Total computing time : 0h01m46s
Note: 82 warning(s) encountered in the preprocessor
