Starting Dynare (version 6.1).
Calling Dynare with arguments: -ID:\2024-01_eagle/eagleParsingTemp_sim_BIG1/submodules savemacro json=compute
Starting preprocessing of the model file ... 
Reading eagle_steady_govInv_refined.txt. 
WARNING: Unknown symbol AUX_ENDO_LAG_186_1 in eagle_steady_govInv_refined.txt 
WARNING: Unknown symbol AUX_ENDO_LAG_186_2 in eagle_steady_govInv_refined.txt 
WARNING: Unknown symbol AUX_ENDO_LAG_186_3 in eagle_steady_govInv_refined.txt 
WARNING: Unknown symbol AUX_ENDO_LAG_170_1 in eagle_steady_govInv_refined.txt 
WARNING: Unknown symbol AUX_ENDO_LAG_170_2 in eagle_steady_govInv_refined.txt 
WARNING: Unknown symbol AUX_ENDO_LAG_170_3 in eagle_steady_govInv_refined.txt 
WARNING: Unknown symbol AUX_ENDO_LAG_153_1 in eagle_steady_govInv_refined.txt 
WARNING: Unknown symbol AUX_ENDO_LAG_252_1 in eagle_steady_govInv_refined.txt 
WARNING: Unknown symbol AUX_ENDO_LAG_252_2 in eagle_steady_govInv_refined.txt 
WARNING: Unknown symbol AUX_ENDO_LAG_252_3 in eagle_steady_govInv_refined.txt 
WARNING: Unknown symbol AUX_ENDO_LAG_553_1 in eagle_steady_govInv_refined.txt 
WARNING: Unknown symbol AUX_ENDO_LAG_553_2 in eagle_steady_govInv_refined.txt 
WARNING: Unknown symbol AUX_ENDO_LAG_553_3 in eagle_steady_govInv_refined.txt 
WARNING: Unknown symbol AUX_ENDO_LAG_537_1 in eagle_steady_govInv_refined.txt 
WARNING: Unknown symbol AUX_ENDO_LAG_537_2 in eagle_steady_govInv_refined.txt 
WARNING: Unknown symbol AUX_ENDO_LAG_537_3 in eagle_steady_govInv_refined.txt 
WARNING: Unknown symbol AUX_ENDO_LAG_520_1 in eagle_steady_govInv_refined.txt 
WARNING: Unknown symbol AUX_ENDO_LAG_619_1 in eagle_steady_govInv_refined.txt 
WARNING: Unknown symbol AUX_ENDO_LAG_619_2 in eagle_steady_govInv_refined.txt 
WARNING: Unknown symbol AUX_ENDO_LAG_619_3 in eagle_steady_govInv_refined.txt 
WARNING: Unknown symbol AUX_ENDO_LAG_920_1 in eagle_steady_govInv_refined.txt 
WARNING: Unknown symbol AUX_ENDO_LAG_920_2 in eagle_steady_govInv_refined.txt 
WARNING: Unknown symbol AUX_ENDO_LAG_920_3 in eagle_steady_govInv_refined.txt 
WARNING: Unknown symbol AUX_ENDO_LAG_904_1 in eagle_steady_govInv_refined.txt 
WARNING: Unknown symbol AUX_ENDO_LAG_904_2 in eagle_steady_govInv_refined.txt 
WARNING: Unknown symbol AUX_ENDO_LAG_904_3 in eagle_steady_govInv_refined.txt 
WARNING: Unknown symbol AUX_ENDO_LAG_887_1 in eagle_steady_govInv_refined.txt 
WARNING: Unknown symbol AUX_ENDO_LAG_986_1 in eagle_steady_govInv_refined.txt 
WARNING: Unknown symbol AUX_ENDO_LAG_986_2 in eagle_steady_govInv_refined.txt 
WARNING: Unknown symbol AUX_ENDO_LAG_986_3 in eagle_steady_govInv_refined.txt 
WARNING: Unknown symbol AUX_ENDO_LAG_1289_1 in eagle_steady_govInv_refined.txt 
WARNING: Unknown symbol AUX_ENDO_LAG_1289_2 in eagle_steady_govInv_refined.txt 
WARNING: Unknown symbol AUX_ENDO_LAG_1289_3 in eagle_steady_govInv_refined.txt 
WARNING: Unknown symbol AUX_ENDO_LAG_1273_1 in eagle_steady_govInv_refined.txt 
WARNING: Unknown symbol AUX_ENDO_LAG_1273_2 in eagle_steady_govInv_refined.txt 
WARNING: Unknown symbol AUX_ENDO_LAG_1273_3 in eagle_steady_govInv_refined.txt 
WARNING: Unknown symbol AUX_ENDO_LAG_1256_1 in eagle_steady_govInv_refined.txt 
WARNING: Unknown symbol AUX_ENDO_LAG_1352_1 in eagle_steady_govInv_refined.txt 
WARNING: Unknown symbol AUX_ENDO_LAG_1352_2 in eagle_steady_govInv_refined.txt 
WARNING: Unknown symbol AUX_ENDO_LAG_1352_3 in eagle_steady_govInv_refined.txt 
WARNING: Unknown symbol AUX_ENDO_LAG_75_1 in eagle_steady_govInv_refined.txt 
WARNING: Unknown symbol AUX_ENDO_LAG_207_1 in eagle_steady_govInv_refined.txt 
WARNING: Unknown symbol AUX_ENDO_LAG_574_1 in eagle_steady_govInv_refined.txt 
WARNING: Unknown symbol AUX_ENDO_LAG_3_1 in eagle_steady_govInv_refined.txt 
WARNING: Unknown symbol AUX_ENDO_LAG_3_2 in eagle_steady_govInv_refined.txt 
WARNING: Unknown symbol AUX_ENDO_LAG_3_3 in eagle_steady_govInv_refined.txt 
Substitution of endo lags >= 2: added 62 auxiliary variables and equations. 
Found 1093 equation(s). 
Evaluating expressions... 
Computing static model derivatives (order 1). 
Normalizing the static model... 
Finding the optimal block decomposition of the static model... 
125 block(s) found: 
  121 recursive block(s) and 4 simultaneous block(s). 
  the largest simultaneous block has 530 equation(s) 
                                 and 530 feedback variable(s). 
Computing dynamic model derivatives (order 1). 
Normalizing the dynamic model... 
Finding the optimal block decomposition of the dynamic model... 
56 block(s) found: 
  55 recursive block(s) and 1 simultaneous block(s). 
  the largest simultaneous block has 676 equation(s) 
                                 and 587 feedback variable(s). 
JSON written after Computing step. 
Preprocessing completed. 
Preprocessing time: 0h00m03s.

STEADY-STATE RESULTS:

EA_bf               		 0.143081
EA_m                		 1.27095
EA_pic4             		 1.02
EA_y                		 5.07316
EA_ygrowth          		 1
EA_ygrowth4         		 1
EA_z                		 1
EAAEAB_excy         		 0.0404038
EAARW_excy          		 0.0844869
EAAUS_excy          		 0.0166037
EAAEAB_exiy         		 0.0137037
EAARW_exiy          		 0.0560912
EAAUS_exiy          		 0.00535768
EAA_fx              		 3.77696
EAAEAB_gammaimc     		 0
EAARW_gammaimc      		 0
EAAUS_gammaimc      		 0
EAAEAB_gammaimcdag  		 1
EAARW_gammaimcdag   		 1
EAAUS_gammaimcdag   		 1
EAAEAB_gammaimi     		 0
EAARW_gammaimi      		 0
EAAUS_gammaimi      		 0
EAAEAB_gammaimidag  		 1
EAARW_gammaimidag   		 1
EAAUS_gammaimidag   		 1
EAAEAB_gammaimcg    		 0
EAARW_gammaimcg     		 0
EAAUS_gammaimcg     		 0
EAAEAB_gammaimcgdag 		 1
EAARW_gammaimcgdag  		 1
EAAUS_gammaimcgdag  		 1
EAAEAB_gammaimig    		 0
EAARW_gammaimig     		 0
EAAUS_gammaimig     		 0
EAAEAB_gammaimigdag 		 1
EAARW_gammaimigdag  		 1
EAAUS_gammaimigdag  		 1
EAA_gx              		 4.53235
EAAEAB_im           		 0.278863
EAARW_im            		 1.01842
EAAUS_im            		 0.0752498
EAAEAB_imc          		 0.164297
EAARW_imc           		 0.895734
EAAUS_imc           		 0.0335517
EAAEAB_imcy         		 0.0328618
EAARW_imcy          		 0.151514
EAAUS_imcy          		 0.00502198
EAAEAB_imi          		 0.0872346
EAARW_imi           		 0.0316702
EAAUS_imi           		 0.0340019
EAAEAB_imiy         		 0.0174482
EAARW_imiy          		 0.00535703
EAAUS_imiy          		 0.00508937
EAAEAB_imcg         		 0.0159353
EAARW_imcg          		 0.0868777
EAAUS_imcg          		 0.00325419
EAAEAB_imcgy        		 0.00318729
EAARW_imcgy         		 0.0146954
EAAUS_imcgy         		 0.000487085
EAAEAB_imig         		 0.0113964
EAARW_imig          		 0.0041374
EAAUS_imig          		 0.00444202
EAAEAB_imigy        		 0.00227944
EAARW_imigy         		 0.000699845
EAAUS_imigy         		 0.000664877
EAA_piex            		 1.00496
EAA_pextilde        		 0.903953
EAAEAB_rer          		 1.05312
EAARW_rer           		 0.848517
EAAUS_rer           		 0.76084
EAA_sx              		 1
EAAEAB_tot          		 1.0626
EAARW_tot           		 0.898633
EAAUS_tot           		 0.795187
EAAEAB_weight       		 0.232602
EAARW_weight        		 0.671123
EAAUS_weight        		 0.096275
EAAEAB_weightex     		 0.232132
EAARW_weightex      		 0.622762
EAAUS_weightex      		 0.145106
EAAEAB_weightim     		 0.233077
EAARW_weightim      		 0.719857
EAAUS_weightim      		 0.0470665
EAA_b               		 11.5256
EAA_bf              		 -0.951486
EAA_by              		 2.4
EAA_c               		 2.82422
EAA_ci              		 3.40917
EAA_cj              		 1.06938
EAA_cy              		 0.588092
EAA_d               		 1.2737
EAA_dn              		 0.311778
EAA_dt              		 0.96192
EAA_epsilonm        		 -0.750004
EAA_etot            		 0.92342
EAA_ex              		 1.28117
EAA_fh              		 14.5829
EAA_fi              		 70.1358
EAA_fj              		 2.59762
EAA_fn              		 16.332
EAA_cg              		 1.02096
EAA_gammab          		 0
EAA_gammai          		 0
EAA_gammaider       		 0
EAA_gammau          		 0
EAA_gammauder       		 0.0324166
EAA_gammav          		 0.00028528
EAA_gammavi         		 0.000101012
EAA_gammavider      		 0.00216513
EAA_gammavj         		 0.000101012
EAA_gammavjder      		 0.00216513
EAA_gh              		 17.4995
EAA_gi              		 4.48512
EAA_gj              		 6.61666
EAA_gn              		 24.498
EAA_cgy             		 0.2
EAA_ht              		 1.67982
EAA_htc             		 0.291636
EAA_hti             		 0.509456
EAA_htcg            		 0.732037
EAA_htig            		 0.146692
EAA_i               		 0.854161
EAA_ig              		 0.203086
EAA_ii              		 1.13888
EAA_im              		 1.36271
EAA_imc             		 1.08722
EAA_imcy            		 0.189398
EAA_imi             		 0.150395
EAA_imiy            		 0.0278946
EAA_imcg            		 0.10545
EAA_imcgy           		 0.0183698
EAA_imig            		 0.0196476
EAA_imigy           		 0.00364416
EAA_imy             		 0.239306
EAA_internalrer     		 1.32629
EAA_iy              		 0.17
EAA_igy             		 0.04
EAA_k               		 34.1664
EAA_kd              		 34.1664
EAA_kdn             		 17.564
EAA_kdt             		 16.6024
EAA_ki              		 45.5552
EAA_lambdai         		 0.576234
EAA_lambdaj         		 2.55026
EAA_lcy             		 0.514343
EAA_m               		 1.18665
EAA_mcn             		 0.753294
EAA_mct             		 0.753294
EAA_mi              		 1.43243
EAA_mj              		 0.44932
EAA_nd              		 1.72118
EAA_ndi             		 0.678261
EAA_ndj             		 1.17913
EAA_ndn             		 0.884809
EAA_ndt             		 0.836368
EAA_ni              		 0.678261
EAA_nj              		 1.17913
EAA_nt              		 1.8813
EAA_ntc             		 1.46143
EAA_nti             		 0.196396
EAA_ntcg            		 0.186315
EAA_ntig            		 0.037162
EAA_pex             		 0.903953
EAA_pht             		 0.903953
EAA_phttilde        		 0.903953
EAA_pi              		 0.955792
EAA_pcg             		 0.940752
EAA_pig             		 0.945876
EAA_pic             		 1.00496
EAA_pic4            		 1.02
EAA_piex4           		 1.02
EAA_piht            		 1.00496
EAA_piimc           		 1.00496
EAA_piimi           		 1.00496
EAA_piimcg          		 1.00496
EAA_piimig          		 1.00496
EAA_piimc4          		 1.02
EAA_pim             		 0.843346
EAA_pimc            		 0.836591
EAA_pimi            		 0.89072
EAA_pimcg           		 0.836591
EAA_pimig           		 0.89072
EAA_pint            		 1.00496
EAA_piw             		 1.00496
EAA_piw4            		 1.02
EAA_pnt             		 1.12994
EAA_pnttilde        		 1.12994
EAA_pttc            		 0.851959
EAA_ptti            		 0.90098
EAA_pttcg           		 0.896162
EAA_pttig           		 0.902415
EAA_py              		 0.991753
EAA_q               		 0.955792
EAA_qc              		 2.82451
EAA_qi              		 0.854161
EAA_qcg             		 1.02096
EAA_qig             		 0.203086
EAA_r               		 1.01242
EAA_reer            		 0.882922
EAA_rer             		 0.76084
EAA_rerdep          		 1
EAA_rk              		 0.0309835
EAA_rp              		 0
EAA_rr              		 1.00742
EAA_rrstar          		 1.00742
EAA_sh              		 1
EAA_si              		 1
EAA_sj              		 1
EAA_snt             		 1
EAA_t               		 0
EAA_tauc            		 0.183
EAA_taud            		 0
EAA_tauk            		 0
EAA_taun            		 0.122
EAA_tauwf           		 0.219
EAA_tauwh           		 0.118
EAA_tb              		 0.00887877
EAA_tby             		 0.00184884
EAA_ti              		 0
EAA_tj              		 0
EAA_tot             		 0.795187
EAA_tr              		 0.21576
EAA_tri             		 0.14384
EAA_trj             		 0.431521
EAA_try             		 0.0449281
EAA_ttc             		 1.37704
EAA_tti             		 0.659819
EAA_ttcg            		 0.836842
EAA_ttig            		 0.166335
EAA_ty              		 0
EAA_u               		 1
EAA_utili           		 24.0124
EAA_utilj           		 -174.474
EAA_vi              		 2.38
EAA_vj              		 2.38
EAA_w               		 1.17728
EAA_wcst            		 0
EAA_whty            		 0.367869
EAA_wi              		 1.36592
EAA_witilde         		 1.36592
EAA_wj              		 0.932761
EAA_wjtilde         		 0.932761
EAA_wnty            		 0.490019
EAA_wy              		 0.421939
EAA_y               		 4.84229
EAA_ygap            		 0
EAA_ygrowth         		 1
EAA_ygrowth4        		 1
EAA_yhty            		 0.55735
EAA_ynty            		 0.44265
EAA_yshare          		 0.164033
EAA_ysn             		 1.8813
EAA_yst             		 2.96099
EAA_zcon            		 1
EAA_zinv            		 1
EAA_zn              		 1
EAA_zt              		 1
EABEAA_excy         		 0.0726167
EABRW_excy          		 0.0576241
EABUS_excy          		 0.0150309
EABEAA_exiy         		 0.0385563
EABRW_exiy          		 0.0425878
EABUS_exiy          		 0.00626672
EAB_fx              		 4.64282
EABEAA_gammaimc     		 0
EABRW_gammaimc      		 0
EABUS_gammaimc      		 0
EABEAA_gammaimcdag  		 1
EABRW_gammaimcdag   		 1
EABUS_gammaimcdag   		 1
EABEAA_gammaimi     		 0
EABRW_gammaimi      		 0
EABUS_gammaimi      		 0
EABEAA_gammaimidag  		 1
EABRW_gammaimidag   		 1
EABUS_gammaimidag   		 1
EABEAA_gammaimcg    		 0
EABRW_gammaimcg     		 0
EABUS_gammaimcg     		 0
EABEAA_gammaimcgdag 		 1
EABRW_gammaimcgdag  		 1
EABUS_gammaimcgdag  		 1
EABEAA_gammaimig    		 0
EABRW_gammaimig     		 0
EABUS_gammaimig     		 0
EABEAA_gammaimigdag 		 1
EABRW_gammaimigdag  		 1
EABUS_gammaimigdag  		 1
EAB_gx              		 5.57138
EABEAA_im           		 0.849597
EABRW_im            		 0.807601
EABUS_im            		 0.144369
EABEAA_imc          		 0.572399
EABRW_imc           		 0.544106
EABUS_imc           		 0.0970453
EABEAA_imcy         		 0.0892826
EABRW_imcy          		 0.0762664
EABUS_imcy          		 0.0120368
EABEAA_imi          		 0.19414
EABRW_imi           		 0.184543
EABUS_imi           		 0.0332003
EABEAA_imiy         		 0.0302818
EABRW_imiy          		 0.0258671
EABUS_imiy          		 0.00411794
EABEAA_imcg         		 0.0548246
EABRW_imcg          		 0.0521147
EABUS_imcg          		 0.00929504
EABEAA_imcgy        		 0.00855153
EABRW_imcgy         		 0.00730483
EABUS_imcgy         		 0.00115289
EABEAA_imig         		 0.0282333
EABRW_imig          		 0.0268377
EABUS_imig          		 0.00482825
EABEAA_imigy        		 0.00440382
EABRW_imigy         		 0.00376179
EABUS_imigy         		 0.000598862
EAB_piex            		 1.00496
EAB_pextilde        		 0.912091
EABEAA_rer          		 0.949559
EABRW_rer           		 0.805717
EABUS_rer           		 0.722462
EAB_sx              		 1
EABEAA_tot          		 0.941087
EABRW_tot           		 0.845692
EABUS_tot           		 0.74834
EABEAA_weight       		 0.465172
EABRW_weight        		 0.441581
EABUS_weight        		 0.0932468
EABEAA_weightex     		 0.426949
EABRW_weightex      		 0.453998
EABUS_weightex      		 0.119052
EABEAA_weightim     		 0.50268
EABRW_weightim      		 0.429396
EABUS_weightim      		 0.0679238
EAB_b               		 13.2072
EAB_bf              		 3.06193
EAB_by              		 2.4
EAB_c               		 3.38032
EAB_ci              		 4.17072
EAB_cj              		 1.00913
EAB_cy              		 0.614268
EAB_d               		 1.92096
EAB_dn              		 0.374338
EAB_dt              		 1.54662
EAB_epsilonm        		 -0.750004
EAB_etot            		 0.878722
EAB_ex              		 1.56082
EAB_fh              		 14.6656
EAB_fi              		 104.167
EAB_fj              		 3.85804
EAB_fn              		 19.6091
EAB_cg              		 1.16247
EAB_gammab          		 0
EAB_gammai          		 0
EAB_gammaider       		 0
EAB_gammau          		 0
EAB_gammauder       		 0.0324166
EAB_gammav          		 0.000341453
EAB_gammavi         		 0.000101012
EAB_gammavider      		 0.00216513
EAB_gammavj         		 0.000101012
EAB_gammavjder      		 0.00216513
EAB_gh              		 17.5988
EAB_gi              		 3.96604
EAB_gj              		 8.07967
EAB_gn              		 29.4136
EAB_cgy             		 0.2
EAB_ht              		 1.67428
EAB_htc             		 0.458342
EAB_hti             		 0.292605
EAB_htcg            		 0.839223
EAB_htig            		 0.0841105
EAB_i               		 0.897508
EAB_ig              		 0.225579
EAB_ii              		 1.19668
EAB_im              		 1.79112
EAB_imc             		 1.20652
EAB_imcy            		 0.177586
EAB_imi             		 0.409489
EAB_imiy            		 0.0602669
EAB_imcg            		 0.115561
EAB_imcgy           		 0.0170092
EAB_imig            		 0.059551
EAB_imigy           		 0.00876447
EAB_imy             		 0.263626
EAB_internalrer     		 1.35531
EAB_iy              		 0.1506
EAB_igy             		 0.04
EAB_k               		 35.9003
EAB_kd              		 35.9003
EAB_kdn             		 21.8282
EAB_kdt             		 14.0721
EAB_ki              		 47.8671
EAB_lambdai         		 0.446599
EAB_lambdaj         		 2.72946
EAB_lcy             		 0.455648
EAB_m               		 1.4203
EAB_mcn             		 0.760076
EAB_mct             		 0.760076
EAB_mi              		 1.7524
EAB_mj              		 0.424006
EAB_nd              		 1.68698
EAB_ndi             		 0.613357
EAB_ndj             		 1.23228
EAB_ndn             		 1.02572
EAB_ndt             		 0.661257
EAB_ni              		 0.613357
EAB_nj              		 1.23228
EAB_nt              		 2.23864
EAB_ntc             		 1.74137
EAB_nti             		 0.201929
EAB_ntcg            		 0.211866
EAB_ntig            		 0.0834767
EAB_pex             		 0.912091
EAB_pht             		 0.912091
EAB_phttilde        		 0.912091
EAB_pi              		 0.923393
EAB_pcg             		 0.946779
EAB_pig             		 0.975802
EAB_pic             		 1.00496
EAB_pic4            		 1.02
EAB_piex4           		 1.02
EAB_piht            		 1.00496
EAB_piimc           		 1.00496
EAB_piimi           		 1.00496
EAB_piimcg          		 1.00496
EAB_piimig          		 1.00496
EAB_piimc4          		 1.02
EAB_pim             		 0.809963
EAB_pimc            		 0.809982
EAB_pimi            		 0.80991
EAB_pimcg           		 0.809982
EAB_pimig           		 0.80991
EAB_pint            		 1.00496
EAB_piw             		 1.00496
EAB_piw4            		 1.02
EAB_pnt             		 1.14011
EAB_pnttilde        		 1.14011
EAB_pttc            		 0.841221
EAB_ptti            		 0.856224
EAB_pttcg           		 0.90125
EAB_pttig           		 0.87336
EAB_py              		 1.00535
EAB_q               		 0.923393
EAB_qc              		 3.38066
EAB_qi              		 0.897508
EAB_qcg             		 1.16247
EAB_qig             		 0.225579
EAB_r               		 1.01242
EAB_reer            		 0.860896
EAB_rer             		 0.722462
EAB_rerdep          		 1
EAB_rk              		 0.0299333
EAB_rp              		 0
EAB_rr              		 1.00742
EAB_rrstar          		 1.00742
EAB_sh              		 1
EAB_si              		 1
EAB_sj              		 1
EAB_snt             		 1
EAB_t               		 0
EAB_tauc            		 0.183
EAB_taud            		 0
EAB_tauk            		 0
EAB_taun            		 0.122
EAB_tauwf           		 0.219
EAB_tauwh           		 0.118
EAB_tb              		 -0.0271311
EAB_tby             		 -0.00493023
EAB_ti              		 0
EAB_tj              		 0
EAB_tot             		 0.74834
EAB_tr              		 0.152277
EAB_tri             		 0.101518
EAB_trj             		 0.304553
EAB_try             		 0.0276715
EAB_ttc             		 1.65867
EAB_tti             		 0.699035
EAB_ttcg            		 0.953175
EAB_ttig            		 0.143065
EAB_ty              		 0
EAB_u               		 1
EAB_utili           		 51.9799
EAB_utilj           		 -192.27
EAB_vi              		 2.38
EAB_vj              		 2.38
EAB_w               		 1.21931
EAB_wcst            		 0
EAB_whty            		 0.27325
EAB_wi              		 1.44125
EAB_witilde         		 1.44125
EAB_wj              		 0.95186
EAB_wjtilde         		 0.95186
EAB_wnty            		 0.490019
EAB_wy              		 0.373788
EAB_y               		 5.47374
EAB_ygap            		 0
EAB_ygrowth         		 1
EAB_ygrowth4        		 1
EAB_yhty            		 0.536198
EAB_ynty            		 0.463802
EAB_yshare          		 0.0742312
EAB_ysn             		 2.23864
EAB_yst             		 3.2351
EAB_zcon            		 1
EAB_zinv            		 1
EAB_zn              		 1
EAB_zt              		 1
RWEAA_excy          		 0.0599505
RWEAB_excy          		 0.0136561
RWUS_excy           		 0.0454336
RWEAA_exiy          		 0.00211965
RWEAB_exiy          		 0.00463172
RWUS_exiy           		 0.018233
RW_fx               		 2.52828
RWEAA_gammaimc      		 0
RWEAB_gammaimc      		 0
RWUS_gammaimc       		 0
RWEAA_gammaimcdag   		 1
RWEAB_gammaimcdag   		 1
RWUS_gammaimcdag    		 1
RWEAA_gammaimi      		 0
RWEAB_gammaimi      		 0
RWUS_gammaimi       		 0
RWEAA_gammaimidag   		 1
RWEAB_gammaimidag   		 1
RWUS_gammaimidag    		 1
RWEAA_gammaimcg     		 0
RWEAB_gammaimcg     		 0
RWUS_gammaimcg      		 0
RWEAA_gammaimcgdag  		 1
RWEAB_gammaimcgdag  		 1
RWUS_gammaimcgdag   		 1
RWEAA_gammaimig     		 0
RWEAB_gammaimig     		 0
RWUS_gammaimig      		 0
RWEAA_gammaimigdag  		 1
RWEAB_gammaimigdag  		 1
RWUS_gammaimigdag   		 1
RW_gx               		 3.03393
RWEAA_im            		 0.28361
RWEAB_im            		 0.0860798
RWUS_im             		 0.471774
RWEAA_imc           		 0.152799
RWEAB_imc           		 0.0443832
RWUS_imc            		 0.221956
RWEAA_imcy          		 0.0334294
RWEAB_imcy          		 0.0103181
RWUS_imcy           		 0.038614
RWEAA_imi           		 0.101444
RWEAB_imi           		 0.032802
RWUS_imi            		 0.201274
RWEAA_imiy          		 0.0221939
RWEAB_imiy          		 0.00762571
RWUS_imiy           		 0.035016
RWEAA_imcg          		 0.0182963
RWEAB_imcg          		 0.0053145
RWUS_imcg           		 0.0265773
RWEAA_imcgy         		 0.00400288
RWEAB_imcgy         		 0.0012355
RWUS_imcgy          		 0.00462369
RWEAA_imig          		 0.0110715
RWEAB_imig          		 0.00358001
RWUS_imig           		 0.021967
RWEAA_imigy         		 0.00242224
RWEAB_imigy         		 0.000832268
RWUS_imigy          		 0.00382163
RW_piex             		 1.00496
RW_pextilde         		 0.957343
RWEAA_rer           		 1.17853
RWEAB_rer           		 1.24113
RWUS_rer            		 0.89667
RW_sx               		 1
RWEAA_tot           		 1.1128
RWEAB_tot           		 1.18246
RWUS_tot            		 0.884886
RWEAA_weight        		 0.399159
RWEAB_weight        		 0.12849
RWUS_weight         		 0.472351
RWEAA_weightex      		 0.420939
RWEAB_weightex      		 0.135263
RWUS_weightex       		 0.443798
RWEAA_weightim      		 0.378032
RWEAB_weightim      		 0.121921
RWUS_weightim       		 0.500047
RW_b                		 11.6866
RW_bf               		 2.183
RW_by               		 2.4
RW_c                		 2.89667
RW_ci               		 3.43556
RW_cj               		 1.27999
RW_cy               		 0.59487
RW_d                		 0.449618
RW_dn               		 0.365667
RW_dt               		 0.083951
RW_epsilonm         		 -0.750004
RW_etot             		 1.00645
RW_ex               		 0.809777
RW_fh               		 5.64767
RW_fi               		 38099.2
RW_fj               		 1411.08
RW_fn               		 7.2357
RW_cg               		 0.802619
RW_gammab           		 0
RW_gammai           		 0
RW_gammaider        		 0
RW_gammau           		 0
RW_gammauder        		 0.0324166
RW_gammav           		 0.000292598
RW_gammavi          		 0.000101012
RW_gammavider       		 0.00216513
RW_gammavj          		 0.000101012
RW_gammavjder       		 0.00216513
RW_gh               		 6.77721
RW_gi               		 32.9144
RW_gj               		 48.2624
RW_gn               		 9.24562
RW_cgy              		 0.16
RW_ht               		 1.80888
RW_htc              		 0.621211
RW_hti              		 0.465062
RW_htcg             		 0.596862
RW_htig             		 0.125747
RW_i                		 1.05074
RW_ig               		 0.200822
RW_ii               		 1.40098
RW_im               		 0.825716
RW_imc              		 0.411331
RW_imcy             		 0.0823615
RW_imi              		 0.329203
RW_imiy             		 0.0648356
RW_imcg             		 0.0492533
RW_imcgy            		 0.00986207
RW_imig             		 0.0359291
RW_imigy            		 0.00707614
RW_imy              		 0.164135
RW_internalrer      		 1.05694
RW_iy               		 0.21
RW_igy              		 0.04
RW_k                		 42.0295
RW_kd               		 42.0295
RW_kdn              		 18.9882
RW_kdt              		 23.0413
RW_ki               		 56.0393
RW_lambdai          		 0.508235
RW_lambdaj          		 2.23567
RW_lcy              		 0.635365
RW_m                		 1.21709
RW_mcn              		 0.797786
RW_mct              		 0.797786
RW_mi               		 1.44351
RW_mj               		 0.53781
RW_nd               		 2.00319
RW_ndi              		 0.735118
RW_ndj              		 1.36929
RW_ndn              		 0.905007
RW_ndt              		 1.09818
RW_ni               		 0.735118
RW_nj               		 1.36929
RW_nt               		 2.31751
RW_ntc              		 1.86503
RW_nti              		 0.256663
RW_ntcg             		 0.156643
RW_ntig             		 0.0391771
RW_pex              		 0.957343
RW_pht              		 0.957343
RW_phttilde         		 0.957343
RW_pi               		 0.973198
RW_pcg              		 0.970705
RW_pig              		 0.969897
RW_pic              		 1.00496
RW_pic4             		 1.02
RW_piex4            		 1.02
RW_piht             		 1.00496
RW_piimc            		 1.00496
RW_piimi            		 1.00496
RW_piimcg           		 1.00496
RW_piimig           		 1.00496
RW_piimc4           		 1.02
RW_pim              		 0.967938
RW_pimc             		 0.97501
RW_pimi             		 0.959017
RW_pimcg            		 0.97501
RW_pimig            		 0.959017
RW_pint             		 1.00496
RW_piw              		 1.00496
RW_piw4             		 1.02
RW_pnt              		 1.01939
RW_pnttilde         		 1.01939
RW_pttc             		 0.964478
RW_ptti             		 0.958038
RW_pttcg            		 0.958719
RW_pttig            		 0.957716
RW_py               		 0.986475
RW_q                		 0.973198
RW_qc               		 2.89696
RW_qi               		 1.05074
RW_qcg              		 0.802619
RW_qig              		 0.200822
RW_r                		 1.01242
RW_reer             		 1.04269
RW_rer              		 0.89667
RW_rerdep           		 1
RW_rk               		 0.0315478
RW_rp               		 0
RW_rr               		 1.00742
RW_rrstar           		 1.00742
RW_sh               		 1
RW_si               		 1
RW_sj               		 1
RW_snt              		 1
RW_t                		 0
RW_tauc             		 0.077
RW_taud             		 0
RW_tauk             		 0
RW_taun             		 0.154
RW_tauwf            		 0.071
RW_tauwh            		 0.071
RW_tb               		 -0.0240073
RW_tby              		 -0.00493023
RW_ti               		 0
RW_tj               		 0
RW_tot              		 0.884886
RW_tr               		 0.0246243
RW_tri              		 0.0164162
RW_trj              		 0.0492487
RW_try              		 0.00505695
RW_ttc              		 1.03244
RW_tti              		 0.794264
RW_ttcg             		 0.646096
RW_ttig             		 0.161676
RW_ty               		 0
RW_u                		 1
RW_utili            		 8.90018
RW_utilj            		 -194.708
RW_vi               		 2.38
RW_vj               		 2.38
RW_w                		 1.44208
RW_wcst             		 0
RW_whty             		 0.631708
RW_wi               		 1.5915
RW_witilde          		 1.5915
RW_wj               		 1.25527
RW_wjtilde          		 1.25527
RW_wnty             		 0.55243
RW_wy               		 0.593245
RW_y                		 4.93617
RW_ygap             		 0
RW_ygrowth          		 1
RW_ygrowth4         		 1
RW_yhty             		 0.514838
RW_ynty             		 0.485162
RW_yshare           		 0.414564
RW_ysn              		 2.31751
RW_yst              		 2.61866
RW_zcon             		 1
RW_zinv             		 1
RW_zn               		 1
RW_zt               		 1
USEAA_excy          		 0.00237281
USEAB_excy          		 0.00257368
USRW_excy           		 0.0461098
USEAA_exiy          		 0.00240465
USEAB_exiy          		 0.000880486
USRW_exiy           		 0.0418132
US_fx               		 2.40962
USEAA_gammaimc      		 0
USEAB_gammaimc      		 0
USRW_gammaimc       		 0
USEAA_gammaimcdag   		 1
USEAB_gammaimcdag   		 1
USRW_gammaimcdag    		 1
USEAA_gammaimi      		 0
USEAB_gammaimi      		 0
USRW_gammaimi       		 0
USEAA_gammaimidag   		 1
USEAB_gammaimidag   		 1
USRW_gammaimidag    		 1
USEAA_gammaimcg     		 0
USEAB_gammaimcg     		 0
USRW_gammaimcg      		 0
USEAA_gammaimcgdag  		 1
USEAB_gammaimcgdag  		 1
USRW_gammaimcgdag   		 1
USEAA_gammaimig     		 0
USEAB_gammaimig     		 0
USRW_gammaimig      		 0
USEAA_gammaimigdag  		 1
USEAB_gammaimigdag  		 1
USRW_gammaimigdag   		 1
US_gx               		 2.89155
USEAA_im            		 0.0668187
USEAB_im            		 0.0276561
USRW_im             		 0.545781
USEAA_imc           		 0.0455271
USEAB_imc           		 0.0175524
USRW_imc            		 0.350366
USEAA_imcy          		 0.00784497
USEAB_imcy          		 0.00321387
USRW_imcy           		 0.0542532
USEAA_imi           		 0.0146907
USEAB_imi           		 0.00731799
USRW_imi            		 0.140606
USEAA_imiy          		 0.00253142
USEAB_imiy          		 0.00133993
USRW_imiy           		 0.0217724
USEAA_imcg          		 0.00446205
USEAB_imcg          		 0.00172029
USRW_imcg           		 0.0343389
USEAA_imcgy         		 0.000768875
USEAB_imcgy         		 0.000314987
USRW_imcgy          		 0.00531728
USEAA_imig          		 0.00213877
USEAB_imig          		 0.0010654
USRW_imig           		 0.0204703
USEAA_imigy         		 0.00036854
USEAB_imigy         		 0.000195076
USRW_imigy          		 0.00316977
US_piex             		 1.00496
US_pextilde         		 0.944761
USEAA_rer           		 1.31434
USEAB_rer           		 1.38416
USRW_rer            		 1.11524
US_sx               		 1
USEAA_tot           		 1.25757
USEAB_tot           		 1.33629
USRW_tot            		 1.13009
USEAA_weight        		 0.105041
USEAB_weight        		 0.0489397
USRW_weight         		 0.846019
USEAA_weightex      		 0.0966875
USEAB_weightex      		 0.0478522
USRW_weightex       		 0.85546
USEAA_weightim      		 0.113896
USEAB_weightim      		 0.0500925
USRW_weightim       		 0.836011
US_b                		 16.5479
US_bf               		 -3.41125
US_by               		 2.4
US_c                		 4.43944
US_ci               		 5.61248
US_cj               		 0.920326
US_cy               		 0.643867
US_d                		 2.42474
US_dn               		 0.532053
US_dt               		 1.89268
US_epsilonm         		 -0.750004
US_etot             		 1.15226
US_ex               		 0.782051
US_fh               		 8.86648
US_fi               		 39699.9
US_fj               		 1470.37
US_fn               		 10.5281
US_cg               		 1.14553
US_gammai           		 0
US_gammaider        		 0
US_gammau           		 0
US_gammauder        		 0.0324166
US_gammav           		 0.000448436
US_gammavi          		 0.000101012
US_gammavider       		 0.00216513
US_gammavj          		 0.000101012
US_gammavjder       		 0.00216513
US_gh               		 10.6398
US_gi               		 17.6019
US_gj               		 72.1315
US_gn               		 13.4526
US_cgy              		 0.16
US_ht               		 2.87765
US_htc              		 1.15902
US_hti              		 0.631086
US_htcg             		 0.882289
US_htig             		 0.205251
US_i                		 1.04922
US_ig               		 0.284026
US_ii               		 1.39896
US_im               		 0.638399
US_imc              		 0.412234
US_imcy             		 0.065312
US_imi              		 0.162155
US_imiy             		 0.0256438
US_imcg             		 0.0404025
US_imcgy            		 0.00640115
US_imig             		 0.0236076
US_imigy            		 0.00373338
US_imy              		 0.10109
US_internalrer      		 1.01728
US_iy               		 0.15
US_igy              		 0.04
US_k                		 41.9689
US_kd               		 41.9689
US_kdn              		 27.2771
US_kdt              		 14.6917
US_ki               		 55.9585
US_lambdai          		 0.268089
US_lambdaj          		 3.29584
US_lcy              		 0.453832
US_m                		 1.86531
US_mcn              		 0.787301
US_mct              		 0.787301
US_mi               		 2.35818
US_mj               		 0.386692
US_nd               		 2.02528
US_ndi              		 0.545518
US_ndj              		 1.64331
US_ndn              		 1.31631
US_ndt              		 0.708974
US_ni               		 0.545518
US_nj               		 1.64331
US_nt               		 3.41693
US_ntc              		 2.87731
US_nti              		 0.259649
US_ntcg             		 0.224161
US_ntig             		 0.0558093
US_pex              		 0.944761
US_pht              		 0.944761
US_phttilde         		 0.944761
US_pi               		 0.985726
US_pcg              		 0.963044
US_pig              		 0.971032
US_pic              		 1.00496
US_pic4             		 1.02
US_piex4            		 1.02
US_piht             		 1.00496
US_piimc            		 1.00496
US_piimi            		 1.00496
US_piimcg           		 1.00496
US_piimig           		 1.00496
US_piimc4           		 1.02
US_pim              		 1.09182
US_pimc             		 1.0924
US_pimi             		 1.09039
US_pimcg            		 1.0924
US_pimig            		 1.09039
US_pint             		 1.00496
US_piw              		 1.00496
US_piw4             		 1.02
US_pnt              		 1.006
US_pnttilde         		 1.006
US_pttc             		 0.988912
US_ptti             		 0.979015
US_pttcg            		 0.952453
US_pttig            		 0.962388
US_py               		 0.974328
US_q                		 0.985726
US_qc               		 4.43989
US_qi               		 1.04922
US_qcg              		 1.14553
US_qig              		 0.284026
US_r                		 1.01242
US_reer             		 1.14671
US_rer              		 1
US_rk               		 0.0319539
US_rr               		 1.00742
US_rrstar           		 1.00742
US_sh               		 1
US_si               		 1
US_sj               		 1
US_snt              		 1
US_t                		 0
US_tauc             		 0.077
US_taud             		 0
US_tauk             		 0
US_taun             		 0.154
US_tauwf            		 0.071
US_tauwh            		 0.071
US_tb               		 0.041838
US_tby              		 0.00606791
US_ti               		 0
US_tj               		 0
US_tr               		 -0.28435
US_tri              		 -0.189566
US_trj              		 -0.568699
US_try              		 -0.0412402
US_ttc              		 1.56265
US_tti              		 0.789608
US_ttcg             		 0.921503
US_ttig             		 0.228239
US_ty               		 0
US_u                		 1
US_utili            		 77.5419
US_utilj            		 -320.812
US_vi               		 2.38
US_vj               		 2.38
US_w                		 1.44262
US_wcst             		 0
US_whty             		 0.295812
US_wi               		 1.66148
US_witilde          		 1.66148
US_wj               		 1.22639
US_wjtilde          		 1.22639
US_wnty             		 0.55243
US_wy               		 0.423746
US_y                		 7.07663
US_ygap             		 0
US_ygrowth          		 1
US_ygrowth4         		 1
US_yhty             		 0.501459
US_ynty             		 0.498541
US_yshare           		 0.347171
US_ysn              		 3.41693
US_yst              		 3.6597
US_zcon             		 1
US_zinv             		 1
US_zn               		 1
US_zt               		 1
EAAEAB_nerdep       		 1
EAA_gammabh         		 0
EAA_bh              		 0
EAB_bh              		 0
EAA_ccesi           		 4.41391
EAA_ccesj           		 1.59355
EAA_dcci            		 0.906677
EAA_dccj            		 1.44871
EAB_ccesi           		 5.27809
EAB_ccesj           		 1.51018
EAB_dcci            		 0.840283
EAB_dccj            		 1.46938
RW_ccesi            		 4.06297
RW_ccesj            		 1.87069
RW_dcci             		 0.670438
RW_dccj             		 1.35788
US_ccesi            		 6.22734
US_ccesj            		 1.37905
US_dcci             		 0.542041
US_dccj             		 1.4757
EAA_kg              		 8.12344
EAB_kg              		 9.02315
RW_kg               		 8.03287
US_kg               		 11.361
MODEL SIMULATION: (method=Sparse LU solver on stacked system)
------------------------------------
      Iteration no. 1
      Inf-norm error = 5.503e-02
      2-norm error   = 1.461e-01
      1-norm error   = 4.128e-01
------------------------------------
(** 1.42 seconds **)
------------------------------------
      Iteration no. 2
      Inf-norm error = 1.474e-01
      2-norm error   = 3.604e-01
      1-norm error   = 2.854e+00
------------------------------------
(** 1.29 seconds **)
------------------------------------
      Iteration no. 3
      Inf-norm error = 2.096e-04
      2-norm error   = 2.591e-04
      1-norm error   = 1.552e-03
------------------------------------
(** 1.15 seconds **)
------------------------------------
      Iteration no. 4
      Inf-norm error = 3.638e-10
      2-norm error   = 1.943e-09
      1-norm error   = 2.294e-08
------------------------------------

Perfect foresight solution found.

Total computing time : 0h00m08s
Note: 46 warning(s) encountered in the preprocessor
