Starting Dynare (version 6.0).
Calling Dynare with arguments: none
Starting preprocessing of the model file ... 
Reading eagle_steady.txt. 
WARNING: Unknown symbol AUX_ENDO_LAG_161_1 in eagle_steady.txt 
WARNING: Unknown symbol AUX_ENDO_LAG_161_2 in eagle_steady.txt 
WARNING: Unknown symbol AUX_ENDO_LAG_161_3 in eagle_steady.txt 
WARNING: Unknown symbol AUX_ENDO_LAG_149_1 in eagle_steady.txt 
WARNING: Unknown symbol AUX_ENDO_LAG_149_2 in eagle_steady.txt 
WARNING: Unknown symbol AUX_ENDO_LAG_149_3 in eagle_steady.txt 
WARNING: Unknown symbol AUX_ENDO_LAG_134_1 in eagle_steady.txt 
WARNING: Unknown symbol AUX_ENDO_LAG_219_1 in eagle_steady.txt 
WARNING: Unknown symbol AUX_ENDO_LAG_219_2 in eagle_steady.txt 
WARNING: Unknown symbol AUX_ENDO_LAG_219_3 in eagle_steady.txt 
WARNING: Unknown symbol AUX_ENDO_LAG_481_1 in eagle_steady.txt 
WARNING: Unknown symbol AUX_ENDO_LAG_481_2 in eagle_steady.txt 
WARNING: Unknown symbol AUX_ENDO_LAG_481_3 in eagle_steady.txt 
WARNING: Unknown symbol AUX_ENDO_LAG_469_1 in eagle_steady.txt 
WARNING: Unknown symbol AUX_ENDO_LAG_469_2 in eagle_steady.txt 
WARNING: Unknown symbol AUX_ENDO_LAG_469_3 in eagle_steady.txt 
WARNING: Unknown symbol AUX_ENDO_LAG_454_1 in eagle_steady.txt 
WARNING: Unknown symbol AUX_ENDO_LAG_539_1 in eagle_steady.txt 
WARNING: Unknown symbol AUX_ENDO_LAG_539_2 in eagle_steady.txt 
WARNING: Unknown symbol AUX_ENDO_LAG_539_3 in eagle_steady.txt 
WARNING: Unknown symbol AUX_ENDO_LAG_801_1 in eagle_steady.txt 
WARNING: Unknown symbol AUX_ENDO_LAG_801_2 in eagle_steady.txt 
WARNING: Unknown symbol AUX_ENDO_LAG_801_3 in eagle_steady.txt 
WARNING: Unknown symbol AUX_ENDO_LAG_789_1 in eagle_steady.txt 
WARNING: Unknown symbol AUX_ENDO_LAG_789_2 in eagle_steady.txt 
WARNING: Unknown symbol AUX_ENDO_LAG_789_3 in eagle_steady.txt 
WARNING: Unknown symbol AUX_ENDO_LAG_774_1 in eagle_steady.txt 
WARNING: Unknown symbol AUX_ENDO_LAG_859_1 in eagle_steady.txt 
WARNING: Unknown symbol AUX_ENDO_LAG_859_2 in eagle_steady.txt 
WARNING: Unknown symbol AUX_ENDO_LAG_859_3 in eagle_steady.txt 
WARNING: Unknown symbol AUX_ENDO_LAG_1123_1 in eagle_steady.txt 
WARNING: Unknown symbol AUX_ENDO_LAG_1123_2 in eagle_steady.txt 
WARNING: Unknown symbol AUX_ENDO_LAG_1123_3 in eagle_steady.txt 
WARNING: Unknown symbol AUX_ENDO_LAG_1111_1 in eagle_steady.txt 
WARNING: Unknown symbol AUX_ENDO_LAG_1111_2 in eagle_steady.txt 
WARNING: Unknown symbol AUX_ENDO_LAG_1111_3 in eagle_steady.txt 
WARNING: Unknown symbol AUX_ENDO_LAG_1096_1 in eagle_steady.txt 
WARNING: Unknown symbol AUX_ENDO_LAG_1178_1 in eagle_steady.txt 
WARNING: Unknown symbol AUX_ENDO_LAG_1178_2 in eagle_steady.txt 
WARNING: Unknown symbol AUX_ENDO_LAG_1178_3 in eagle_steady.txt 
WARNING: Unknown symbol AUX_ENDO_LAG_62_1 in eagle_steady.txt 
WARNING: Unknown symbol AUX_ENDO_LAG_176_1 in eagle_steady.txt 
WARNING: Unknown symbol AUX_ENDO_LAG_496_1 in eagle_steady.txt 
WARNING: Unknown symbol AUX_ENDO_LAG_3_1 in eagle_steady.txt 
WARNING: Unknown symbol AUX_ENDO_LAG_3_2 in eagle_steady.txt 
WARNING: Unknown symbol AUX_ENDO_LAG_3_3 in eagle_steady.txt 
WARNING: shock_eab_gy1.mod:21.1-58: The 'simul' statement is deprecated. Please use 'perfect_foresight_setup' and 'perfect_foresight_solver' instead. 
Substitution of endo lags >= 2: added 62 auxiliary variables and equations. 
Found 941 equation(s). 
Evaluating expressions... 
Computing static model derivatives (order 1). 
Normalizing the static model... 
Finding the optimal block decomposition of the static model... 
124 block(s) found: 
  120 recursive block(s) and 4 simultaneous block(s). 
  the largest simultaneous block has 454 equation(s) 
                                 and 454 feedback variable(s). 
Computing dynamic model derivatives (order 1). 
Normalizing the dynamic model... 
Finding the optimal block decomposition of the dynamic model... 
60 block(s) found: 
  59 recursive block(s) and 1 simultaneous block(s). 
  the largest simultaneous block has 560 equation(s) 
                                 and 506 feedback variable(s). 
Preprocessing completed. 
Preprocessing time: 0h00m03s.
MODEL STEADY STATE: (method=Sparse Gaussian Elimination)
------------------------------------
      Iteration no. 1
      Inf-norm error = 3.234e-04
      2-norm error   = 3.616e-04
      1-norm error   = 4.851e-04
------------------------------------

STEADY-STATE RESULTS:

EA_bf               		 0.0546201
EA_m                		 0.910763
EA_pic4             		 1.02
EA_y                		 3.61218
EA_ygrowth          		 1
EA_ygrowth4         		 1
EA_z                		 1
EAAEAB_excy         		 0.0363634
EAARW_excy          		 0.100932
EAAUS_excy          		 0.0146038
EAAEAB_exiy         		 0.0181817
EAARW_exiy          		 0.0624408
EAAUS_exiy          		 0.00692751
EAAEAB_fx           		 0.623513
EAARW_fx            		 1.86753
EAAUS_fx            		 0.246127
EAAEAB_gammaimc     		 0
EAARW_gammaimc      		 0
EAAUS_gammaimc      		 0
EAAEAB_gammaimcdag  		 1
EAARW_gammaimcdag   		 1
EAAUS_gammaimcdag   		 1
EAAEAB_gammaimi     		 0
EAARW_gammaimi      		 0
EAAUS_gammaimi      		 0
EAAEAB_gammaimidag  		 1
EAARW_gammaimidag   		 1
EAAUS_gammaimidag   		 1
EAAEAB_gx           		 0.748215
EAARW_gx            		 2.24104
EAAUS_gx            		 0.295352
EAAEAB_im           		 0.184561
EAARW_im            		 0.796895
EAAUS_im            		 0.052221
EAAEAB_imc          		 0.107017
EAARW_imc           		 0.760214
EAAUS_imc           		 0.0219142
EAAEAB_imcy         		 0.0305
EAARW_imcy          		 0.1658
EAAUS_imcy          		 0.00469995
EAAEAB_imi          		 0.0775435
EAARW_imi           		 0.036681
EAAUS_imi           		 0.0303068
EAAEAB_imiy         		 0.0221
EAARW_imiy          		 0.00800001
EAAUS_imiy          		 0.00649993
EAAEAB_piim         		 1.00496
EAARW_piim          		 1.00496
EAAUS_piim          		 1.00496
EAAEAB_pim          		 0.998954
EAARW_pim           		 0.764447
EAAUS_pim           		 0.751738
EAAEAB_pimtilde     		 0.998954
EAARW_pimtilde      		 0.764447
EAAUS_pimtilde      		 0.751738
EAAEAB_rer          		 1.07631
EAARW_rer           		 0.809176
EAAUS_rer           		 0.788176
EAAEAB_sx           		 1
EAARW_sx            		 1
EAAUS_sx            		 1
EAAEAB_tot          		 1.07994
EAARW_tot           		 0.826418
EAAUS_tot           		 0.812679
EAAEAB_weight       		 0.215932
EAARW_weight        		 0.694797
EAAUS_weight        		 0.0892715
EAAEAB_weightex     		 0.210525
EAARW_weightex      		 0.658395
EAAUS_weightex      		 0.13108
EAAEAB_weightim     		 0.221381
EAARW_weightim      		 0.731482
EAAUS_weightim      		 0.0471375
EAA_b               		 8.4122
EAA_bf              		 -0.670373
EAA_by              		 2.4
EAA_c               		 2.09636
EAA_ci              		 2.32568
EAA_cj              		 1.4084
EAA_cy              		 0.598091
EAA_d               		 0.312636
EAA_dn              		 0.312636
EAA_dt              		 -2.66174e-08
EAA_epsilonm        		 -0.750001
EAA_etot            		 0.87426
EAA_ex              		 0.907327
EAA_fh              		 5.1301
EAA_fi              		 11.7763
EAA_fj              		 0.436161
EAA_fn              		 16.3768
EAA_g               		 0.606277
EAA_gammab          		 0
EAA_gammai          		 0
EAA_gammaider       		 0
EAA_gammau          		 0
EAA_gammauder       		 0.0341552
EAA_gammav          		 0.00021177
EAA_gammavi         		 0.000101018
EAA_gammavider      		 0.00216519
EAA_gammavj         		 0.000101018
EAA_gammavjder      		 0.00216519
EAA_gh              		 6.15612
EAA_gi              		 5.17947
EAA_gj              		 2.85093
EAA_gn              		 24.5652
EAA_gy              		 0.2
EAA_ht              		 0.577493
EAA_htc             		 0.164439
EAA_hti             		 0.413054
EAA_i               		 0.717483
EAA_ii              		 0.956644
EAA_im              		 1.01992
EAA_imc             		 0.878583
EAA_imcy            		 0.201
EAA_imi             		 0.141339
EAA_imiy            		 0.0366
EAA_imy             		 0.2376
EAA_internalrer     		 1.40254
EAA_iy              		 0.2
EAA_k               		 28.6993
EAA_kd              		 28.6993
EAA_kdn             		 16.3521
EAA_kdt             		 12.3472
EAA_ki              		 38.2658
EAA_lambdai         		 1.2062
EAA_lambdaj         		 1.99179
EAA_lcy             		 0.637564
EAA_m               		 0.880823
EAA_mcn             		 0.770843
EAA_mct             		 0.770843
EAA_mi              		 0.977175
EAA_mj              		 0.591766
EAA_nd              		 1.80656
EAA_ndi             		 0.8881
EAA_ndj             		 0.992447
EAA_ndn             		 1.02933
EAA_ndt             		 0.777229
EAA_ni              		 0.8881
EAA_nj              		 0.992447
EAA_nt              		 1.84353
EAA_ntc             		 1.07237
EAA_nti             		 0.164885
EAA_pex             		 0.925012
EAA_pht             		 0.925012
EAA_phttilde        		 0.925012
EAA_pi              		 0.97705
EAA_pic             		 1.00496
EAA_pic4            		 1.02
EAA_piex4           		 1.02
EAA_piht            		 1.00496
EAA_piimc           		 1.00496
EAA_piimc4          		 1.02
EAA_piimi           		 1.00496
EAA_pim             		 0.816541
EAA_pimc            		 0.801884
EAA_pimi            		 0.90765
EAA_pint            		 1.00496
EAA_piw             		 1.00496
EAA_piw4            		 1.02
EAA_pnt             		 1.15626
EAA_pnttilde        		 1.15626
EAA_pttc            		 0.824409
EAA_ptti            		 0.920663
EAA_py              		 1.0531
EAA_q               		 0.97705
EAA_qc              		 2.09657
EAA_qi              		 0.717483
EAA_r               		 1.01242
EAA_reer            		 0.858571
EAA_rer             		 0.788176
EAA_rerdep          		 1
EAA_rk              		 0.0333713
EAA_rp              		 0
EAA_rr              		 1.00742
EAA_rrstar          		 1.00742
EAA_sh              		 1
EAA_si              		 1
EAA_sj              		 1
EAA_snt             		 1
EAA_t               		 4.99325e-08
EAA_tauc            		 0.183
EAA_taud            		 0
EAA_tauk            		 0.189851
EAA_taun            		 0.122
EAA_tauwf           		 0.219
EAA_tauwh           		 0.118
EAA_tb              		 0.00648045
EAA_tby             		 0.00184887
EAA_ti              		 5.9919e-08
EAA_tj              		 1.9973e-08
EAA_tot             		 0.812679
EAA_tr              		 0.515528
EAA_tri             		 0.343685
EAA_trj             		 1.03106
EAA_try             		 0.14708
EAA_ttc             		 1.03908
EAA_tti             		 0.554346
EAA_ty              		 1.42457e-08
EAA_u               		 1
EAA_utili           		 -80.6048
EAA_utilj           		 -161.271
EAA_vi              		 2.38
EAA_vj              		 2.38
EAA_w               		 1.01477
EAA_wcst            		 0
EAA_whty            		 0.574241
EAA_wi              		 1.11875
EAA_witilde         		 1.11875
EAA_wj              		 0.846062
EAA_wjtilde         		 0.846062
EAA_wnty            		 0.490019
EAA_wy              		 0.523022
EAA_y               		 3.32835
EAA_ygap            		 -1.008e-07
EAA_ygrowth         		 1
EAA_ygrowth4        		 1
EAA_yhty            		 0.391853
EAA_ynty            		 0.608147
EAA_yshare          		 0.162854
EAA_ysn             		 1.84353
EAA_yst             		 1.48482
EAA_zcon            		 1
EAA_zinv            		 1
EAA_zn              		 1
EAA_zt              		 1
EABEAA_excy         		 0.0731394
EABRW_excy          		 0.0724739
EABUS_excy          		 0.0139182
EABEAA_exiy         		 0.0529961
EABRW_exiy          		 0.0499113
EABUS_exiy          		 0.00853062
EABEAA_fx           		 1.48972
EABRW_fx            		 1.44543
EABUS_fx            		 0.265132
EABEAA_gammaimc     		 0
EABRW_gammaimc      		 0
EABUS_gammaimc      		 0
EABEAA_gammaimcdag  		 1
EABRW_gammaimcdag   		 1
EABUS_gammaimcdag   		 1
EABEAA_gammaimi     		 0
EABRW_gammaimi      		 0
EABUS_gammaimi      		 0
EABEAA_gammaimidag  		 1
EABRW_gammaimidag   		 1
EABUS_gammaimidag   		 1
EABEAA_gx           		 1.78767
EABRW_gx            		 1.73452
EABUS_gx            		 0.318159
EABEAA_im           		 0.551158
EABRW_im            		 0.651628
EABUS_im            		 0.0896996
EABEAA_imc          		 0.367438
EABRW_imc           		 0.434418
EABUS_imc           		 0.0596269
EABEAA_imcy         		 0.0872
EABRW_imcy          		 0.0852001
EABUS_imcy          		 0.0114999
EABEAA_imi          		 0.183719
EABRW_imi           		 0.217209
EABUS_imi           		 0.0300727
EABEAA_imiy         		 0.0436
EABRW_imiy          		 0.0426
EABUS_imiy          		 0.00579994
EABEAA_piim         		 1.00496
EABRW_piim          		 1.00496
EABUS_piim          		 1.00496
EABEAA_pim          		 0.859428
EABRW_pim           		 0.710247
EABUS_pim           		 0.698439
EABEAA_pimtilde     		 0.859428
EABRW_pimtilde      		 0.710247
EABUS_pimtilde      		 0.698439
EABEAA_rer          		 0.929099
EABRW_rer           		 0.751805
EABUS_rer           		 0.732294
EABEAA_sx           		 1
EABRW_sx            		 1
EABUS_sx            		 1
EABEAA_tot          		 0.925981
EABRW_tot           		 0.765247
EABUS_tot           		 0.752525
EABEAA_weight       		 0.445584
EABRW_weight        		 0.469006
EABUS_weight        		 0.0854108
EABEAA_weightex     		 0.416564
EABRW_weightex      		 0.474905
EABUS_weightex      		 0.108531
EABEAA_weightim     		 0.474085
EABRW_weightim      		 0.463212
EABUS_weightim      		 0.0627032
EAB_b               		 8.69139
EAB_bf              		 1.98793
EAB_by              		 2.4
EAB_c               		 2.19048
EAB_ci              		 2.43401
EAB_cj              		 1.45988
EAB_cy              		 0.604869
EAB_d               		 0.326523
EAB_dn              		 0.326523
EAB_dt              		 -1.1057e-08
EAB_epsilonm        		 -0.750001
EAB_etot            		 0.831906
EAB_ex              		 1.05728
EAB_fh              		 3.9742
EAB_fi              		 18.322
EAB_fj              		 0.678592
EAB_fn              		 17.1042
EAB_g               		 0.624295
EAB_gammab          		 0
EAB_gammai          		 0
EAB_gammaider       		 0
EAB_gammau          		 -6.93889e-18
EAB_gammauder       		 0.0341188
EAB_gammav          		 0.000221278
EAB_gammavi         		 0.000101018
EAB_gammavider      		 0.00216519
EAB_gammavj         		 0.000101018
EAB_gammavjder      		 0.00216519
EAB_gh              		 4.76905
EAB_gi              		 5.73455
EAB_gj              		 3.18701
EAB_gn              		 25.6564
EAB_gy              		 0.2
EAB_ht              		 0.445873
EAB_htc             		 0.244506
EAB_hti             		 0.201366
EAB_i               		 0.794118
EAB_ii              		 1.05882
EAB_im              		 1.27761
EAB_imc             		 0.851571
EAB_imcy            		 0.1839
EAB_imi             		 0.426041
EAB_imiy            		 0.092
EAB_imy             		 0.2759
EAB_internalrer     		 1.41414
EAB_iy              		 0.2
EAB_k               		 31.7647
EAB_kd              		 31.7647
EAB_kdn             		 18.3149
EAB_kdt             		 13.4498
EAB_ki              		 42.353
EAB_lambdai         		 1.15252
EAB_lambdaj         		 1.92155
EAB_lcy             		 0.636885
EAB_m               		 0.920369
EAB_mcn             		 0.77344
EAB_mct             		 0.77344
EAB_mi              		 1.02269
EAB_mj              		 0.613395
EAB_nd              		 1.80083
EAB_ndi             		 0.883533
EAB_ndj             		 0.991615
EAB_ndn             		 1.03832
EAB_ndt             		 0.762505
EAB_ni              		 0.883533
EAB_nj              		 0.991615
EAB_nt              		 1.91895
EAB_ntc             		 1.11863
EAB_nti             		 0.176026
EAB_pex             		 0.928128
EAB_pht             		 0.928128
EAB_phttilde        		 0.928128
EAB_pi              		 0.912058
EAB_pic             		 1.00496
EAB_pic4            		 1.02
EAB_piex4           		 1.02
EAB_piht            		 1.00496
EAB_piimc           		 1.00496
EAB_piimc4          		 1.02
EAB_piimi           		 1.00496
EAB_pim             		 0.782042
EAB_pimc            		 0.782057
EAB_pimi            		 0.782013
EAB_pint            		 1.00496
EAB_piw             		 1.00496
EAB_piw4            		 1.02
EAB_pnt             		 1.16016
EAB_pnttilde        		 1.16016
EAB_pttc            		 0.820398
EAB_ptti            		 0.835982
EAB_py              		 1.05824
EAB_q               		 0.912058
EAB_qc              		 2.1907
EAB_qi              		 0.794118
EAB_r               		 1.01242
EAB_reer            		 0.824336
EAB_rer             		 0.732294
EAB_rerdep          		 1
EAB_rk              		 0.0311184
EAB_rp              		 0
EAB_rr              		 1.00742
EAB_rrstar          		 1.00742
EAB_sh              		 1
EAB_si              		 1
EAB_sj              		 1
EAB_snt             		 1
EAB_t               		 2.7858e-07
EAB_tauc            		 0.183
EAB_taud            		 0
EAB_tauk            		 0.186621
EAB_taun            		 0.122
EAB_tauwf           		 0.219
EAB_tauwh           		 0.118
EAB_tb              		 -0.0178547
EAB_tby             		 -0.00493033
EAB_ti              		 3.34295e-07
EAB_tj              		 1.11432e-07
EAB_tot             		 0.752525
EAB_tr              		 0.535201
EAB_tri             		 0.356801
EAB_trj             		 1.0704
EAB_try             		 0.147788
EAB_ttc             		 1.08839
EAB_tti             		 0.622098
EAB_ty              		 7.69257e-08
EAB_u               		 1
EAB_utili           		 -73.9339
EAB_utilj           		 -156.284
EAB_vi              		 2.38
EAB_vj              		 2.38
EAB_w               		 1.05066
EAB_wcst            		 0
EAB_whty            		 0.574241
EAB_wi              		 1.15885
EAB_witilde         		 1.15885
EAB_wj              		 0.875516
EAB_wjtilde         		 0.875516
EAB_wnty            		 0.490019
EAB_wy              		 0.522465
EAB_y               		 3.42211
EAB_ygap            		 -7.2568e-08
EAB_ygrowth         		 1
EAB_ygrowth4        		 1
EAB_yhty            		 0.385242
EAB_ynty            		 0.614758
EAB_yshare          		 0.0679121
EAB_ysn             		 1.91895
EAB_yst             		 1.50315
EAB_zcon            		 1
EAB_zinv            		 1
EAB_zn              		 1
EAB_zt              		 1
RWEAA_excy          		 0.0581516
RWEAB_excy          		 0.0124613
RWUS_excy           		 0.0405166
RWEAA_exiy          		 0.00280587
RWEAB_exiy          		 0.00623067
RWUS_exiy           		 0.0239031
RWEAA_fx            		 0.83583
RWEAB_fx            		 0.256299
RWUS_fx             		 0.883304
RWEAA_gammaimc      		 0
RWEAB_gammaimc      		 0
RWUS_gammaimc       		 0
RWEAA_gammaimcdag   		 1
RWEAB_gammaimcdag   		 1
RWUS_gammaimcdag    		 1
RWEAA_gammaimi      		 0
RWEAB_gammaimi      		 0
RWUS_gammaimi       		 0
RWEAA_gammaimidag   		 1
RWEAB_gammaimidag   		 1
RWUS_gammaimidag    		 1
RWEAA_gx            		 1.003
RWEAB_gx            		 0.307559
RWUS_gx             		 1.05996
RWEAA_im            		 0.210742
RWEAB_im            		 0.060961
RWUS_im             		 0.333987
RWEAA_imc           		 0.130197
RWEAB_imc           		 0.0360998
RWUS_imc            		 0.181023
RWEAA_imcy          		 0.0354001
RWEAB_imcy          		 0.0106
RWUS_imcy           		 0.0399996
RWEAA_imi           		 0.0805455
RWEAB_imi           		 0.0248612
RWUS_imi            		 0.152964
RWEAA_imiy          		 0.0219001
RWEAB_imiy          		 0.00730002
RWUS_imiy           		 0.0337997
RWEAA_piim          		 1.00496
RWEAB_piim          		 1.00496
RWUS_piim           		 1.00496
RWEAA_pim           		 1.14315
RWEAB_pim           		 1.23453
RWUS_pim            		 0.929017
RWEAA_pimtilde      		 1.14315
RWEAB_pimtilde      		 1.23453
RWUS_pimtilde       		 0.929017
RWEAA_rer           		 1.23582
RWEAB_rer           		 1.33013
RWUS_rer            		 0.974048
RWEAA_sx            		 1
RWEAB_sx            		 1
RWUS_sx             		 1
RWEAA_tot           		 1.21004
RWEAB_tot           		 1.30677
RWUS_tot            		 0.983375
RWEAA_weight        		 0.400794
RWEAB_weight        		 0.127997
RWUS_weight         		 0.47121
RWEAA_weightex      		 0.417577
RWEAB_weightex      		 0.136127
RWUS_weightex       		 0.446296
RWEAA_weightim      		 0.384567
RWEAB_weightim      		 0.120135
RWUS_weightim       		 0.495301
RW_b                		 10.0905
RW_bf               		 1.73512
RW_by               		 2.4
RW_c                		 2.71125
RW_ci               		 3.14728
RW_cj               		 1.40314
RW_cy               		 0.644865
RW_d                		 0.410514
RW_dn               		 0.410514
RW_dt               		 -8.98177e-08
RW_epsilonm         		 -0.750001
RW_etot             		 1.10823
RW_ex               		 0.641162
RW_fh               		 3.08666
RW_fi               		 633.287
RW_fj               		 23.4551
RW_fn               		 8.12311
RW_g                		 0.668718
RW_gammab           		 0
RW_gammai           		 0
RW_gammaider        		 0
RW_gammau           		 3.33067e-16
RW_gammauder        		 0.0338385
RW_gammav           		 0.000273885
RW_gammavi          		 0.000101018
RW_gammavider       		 0.00216519
RW_gammavj          		 0.000101018
RW_gammavjder       		 0.00216519
RW_gh               		 3.70399
RW_gi               		 16.1745
RW_gj               		 12.0932
RW_gn               		 10.3795
RW_gy               		 0.16
RW_ht               		 1.00183
RW_htc              		 0.616286
RW_hti              		 0.385544
RW_i                		 0.848263
RW_ii               		 1.13102
RW_im               		 0.595774
RW_imc              		 0.341667
RW_imcy             		 0.0859997
RW_imi              		 0.254107
RW_imiy             		 0.0629998
RW_imy              		 0.149
RW_internalrer      		 1.01715
RW_iy               		 0.2
RW_k                		 33.9305
RW_kd               		 33.9305
RW_kdn              		 20.0486
RW_kdt              		 13.8819
RW_ki               		 45.2407
RW_lambdai          		 0.978619
RW_lambdaj          		 2.19506
RW_lcy              		 0.631652
RW_m                		 1.13918
RW_mcn              		 0.787269
RW_mct              		 0.787269
RW_mi               		 1.32239
RW_mj               		 0.589556
RW_nd               		 2.08779
RW_ndi              		 0.914508
RW_ndj              		 1.2431
RW_ndn              		 1.23362
RW_ndt              		 0.854172
RW_ni               		 0.914508
RW_nj               		 1.2431
RW_nt               		 2.6365
RW_ntc              		 1.75727
RW_nti              		 0.210514
RW_pex              		 0.944723
RW_pht              		 0.944722
RW_phttilde         		 0.944722
RW_pi               		 0.991288
RW_pic              		 1.00496
RW_pic4             		 1.02
RW_piex4            		 1.02
RW_piht             		 1.00496
RW_piimc            		 1.00496
RW_piimc4           		 1.02
RW_piimi            		 1.00496
RW_pim              		 1.05148
RW_pimc             		 1.05827
RW_pimi             		 1.04237
RW_pint             		 1.00496
RW_piw              		 1.00496
RW_piw4             		 1.02
RW_pnt              		 1.00595
RW_pnttilde         		 1.00595
RW_pttc             		 0.988989
RW_ptti             		 0.986424
RW_py               		 0.982446
RW_q                		 0.991288
RW_qc               		 2.71152
RW_qi               		 0.848263
RW_r                		 1.01242
RW_reer             		 1.11515
RW_rer              		 0.974048
RW_rerdep           		 1
RW_rk               		 0.0335437
RW_rp               		 0
RW_rr               		 1.00742
RW_rrstar           		 1.00742
RW_sh               		 1
RW_si               		 1
RW_sj               		 1
RW_snt              		 1
RW_t                		 1.16308e-06
RW_tauc             		 0.077
RW_taud             		 0
RW_tauk             		 0.160823
RW_taun             		 0.154
RW_tauwf            		 0.071
RW_tauwh            		 0.071
RW_tb               		 -0.0207289
RW_tby              		 -0.00493033
RW_ti               		 1.3957e-06
RW_tj               		 4.65232e-07
RW_tot              		 0.983375
RW_tr               		 0.24955
RW_tri              		 0.166366
RW_trj              		 0.499099
RW_try              		 0.0593548
RW_ttc              		 0.954302
RW_tti              		 0.637764
RW_ty               		 2.76636e-07
RW_u                		 1
RW_utili            		 -42.4278
RW_utilj            		 -204.493
RW_vi               		 2.38
RW_vj               		 2.38
RW_w                		 1.18769
RW_wcst             		 0
RW_whty             		 0.653595
RW_wi               		 1.27914
RW_witilde          		 1.27914
RW_wj               		 1.05371
RW_wjtilde          		 1.05371
RW_wnty             		 0.55243
RW_wy               		 0.589778
RW_y                		 4.27949
RW_ygap             		 -5.70228e-07
RW_ygrowth          		 1
RW_ygrowth4         		 1
RW_yhty             		 0.369181
RW_ynty             		 0.630819
RW_yshare           		 0.464325
RW_ysn              		 2.6365
RW_yst              		 1.64299
RW_zcon             		 1
RW_zinv             		 1
RW_zn               		 1
RW_zt               		 1
USEAA_excy          		 0.00251028
USEAB_excy          		 0.00256136
USRW_excy           		 0.0609127
USEAA_exiy          		 0.00347167
USEAB_exiy          		 0.00129182
USRW_exiy           		 0.0514713
USEAA_fx            		 0.0838374
USEAB_fx            		 0.0540025
USRW_fx             		 1.57507
USEAA_gammaimc      		 0
USEAB_gammaimc      		 0
USRW_gammaimc       		 0
USEAA_gammaimcdag   		 1
USEAB_gammaimcdag   		 1
USRW_gammaimcdag    		 1
USEAA_gammaimi      		 0
USEAB_gammaimi      		 0
USRW_gammaimi       		 0
USEAA_gammaimidag   		 1
USEAB_gammaimidag   		 1
USRW_gammaimidag    		 1
USEAA_gx            		 0.100605
USEAB_gx            		 0.064803
USRW_gx             		 1.89008
USEAA_im            		 0.0421095
USEAB_im            		 0.0169533
USRW_im             		 0.434662
USEAA_imc           		 0.0285611
USEAB_imc           		 0.010511
USRW_imc            		 0.27338
USEAA_imcy          		 0.0078
USEAB_imcy          		 0.0031
USRW_imcy           		 0.0617
USEAA_imi           		 0.0135483
USEAB_imi           		 0.00644229
USRW_imi            		 0.161282
USEAA_imiy          		 0.00370004
USEAB_imiy          		 0.00190002
USRW_imiy           		 0.0364004
USEAA_piim          		 1.00496
USEAB_piim          		 1.00496
USRW_piim           		 1.00496
USEAA_pim           		 1.17361
USEAB_pim           		 1.26742
USRW_pim            		 0.969893
USEAA_pimtilde      		 1.17361
USEAB_pimtilde      		 1.26742
USRW_pimtilde       		 0.969893
USEAA_rer           		 1.26875
USEAB_rer           		 1.36557
USRW_rer            		 1.02664
USEAA_sx            		 1
USEAB_sx            		 1
USRW_sx             		 1
USEAA_tot           		 1.2305
USEAB_tot           		 1.32886
USRW_tot            		 1.01691
USEAA_weight        		 0.0961376
USEAB_weight        		 0.0430243
USRW_weight         		 0.860835
USEAA_weightex      		 0.0921894
USEAB_weightex      		 0.0424567
USRW_weightex       		 0.865354
USEAA_weightim      		 0.100348
USEAB_weightim      		 0.0436297
USRW_weightim       		 0.856016
US_b                		 10.3159
US_bf               		 -2.66943
US_by               		 2.40046
US_c                		 2.7173
US_ci               		 3.14715
US_cj               		 1.42772
US_cy               		 0.632314
US_d                		 0.415815
US_dn               		 0.415822
US_dt               		 -6.64169e-06
US_epsilonm         		 -0.750001
US_etot             		 1.04771
US_ex               		 0.550682
US_fh               		 3.54063
US_fi               		 955.593
US_fj               		 35.3923
US_fn               		 8.22821
US_g                		 0.677043
US_gammai           		 0
US_gammaider        		 0
US_gammau           		 -6.93889e-18
US_gammauder        		 0.0338714
US_gammav           		 0.000274496
US_gammavi          		 0.000101018
US_gammavider       		 0.00216519
US_gammavj          		 0.000101018
US_gammavjder       		 0.00216519
US_gh               		 4.24876
US_gi               		 18.5526
US_gj               		 13.632
US_gn               		 10.5138
US_gy               		 0.16
US_ht               		 1.13827
US_htc              		 0.655762
US_hti              		 0.482513
US_i                		 0.877383
US_ii               		 1.16984
US_im               		 0.490039
US_imc              		 0.310072
US_imcy             		 0.0726
US_imi              		 0.179967
US_imiy             		 0.0420004
US_imy              		 0.1146
US_internalrer      		 1.04552
US_iy               		 0.2
US_k                		 35.0953
US_kd               		 35.0953
US_kdn              		 20.5305
US_kdt              		 14.5648
US_ki               		 46.7938
US_lambdai          		 0.978659
US_lambdaj          		 2.15728
US_lcy              		 0.632268
US_m                		 1.14172
US_mcn              		 0.794808
US_mct              		 0.794808
US_mi               		 1.32233
US_mj               		 0.599883
US_nd               		 2.09736
US_ndi              		 0.922653
US_ndj              		 1.244
US_ndn              		 1.22694
US_ndt              		 0.870419
US_ni               		 0.922653
US_nj               		 1.244
US_nt               		 2.64528
US_ntc              		 1.75281
US_nti              		 0.215424
US_pex              		 0.953768
US_pht              		 0.953769
US_phttilde         		 0.953769
US_pi               		 0.979594
US_pic              		 1.00496
US_pic4             		 1.02
US_piex4            		 1.02
US_piht             		 1.00496
US_piimc            		 1.00496
US_piimc4           		 1.02
US_piimi            		 1.00496
US_pim              		 1.00499
US_pimc             		 1.00619
US_pimi             		 1.00292
US_pint             		 1.00496
US_piw              		 1.00496
US_piw4             		 1.02
US_pnt              		 1.01559
US_pnttilde         		 1.01559
US_pttc             		 0.971372
US_ptti             		 0.96774
US_py               		 0.991498
US_q                		 0.979594
US_qc               		 2.71757
US_qi               		 0.877383
US_r                		 1.01242
US_reer             		 1.0607
US_rer              		 1
US_rk               		 0.0331802
US_rr               		 1.00742
US_rrstar           		 1.00742
US_sh               		 1
US_si               		 1
US_sj               		 1
US_snt              		 1
US_t                		 0.000196758
US_tauc             		 0.077
US_taud             		 0
US_tauk             		 0.163936
US_taun             		 0.154
US_tauwf            		 0.071
US_tauwh            		 0.071
US_tb               		 0.0327405
US_tby              		 0.00761869
US_ti               		 0.000236109
US_tj               		 7.87031e-05
US_tr               		 0.252835
US_tri              		 0.168556
US_trj              		 0.505669
US_try              		 0.0588333
US_ttc              		 0.965064
US_tti              		 0.662055
US_ty               		 4.57845e-05
US_u                		 1
US_utili            		 -43.3671
US_utilj            		 -202.324
US_vi               		 2.38
US_vj               		 2.38
US_w                		 1.20961
US_wcst             		 0
US_whty             		 0.653597
US_wi               		 1.30197
US_witilde          		 1.30197
US_wj               		 1.07372
US_wjtilde          		 1.07372
US_wnty             		 0.55243
US_wy               		 0.590353
US_y                		 4.33424
US_ygap             		 -2.18343e-05
US_ygrowth          		 1
US_ygrowth4         		 1
US_yhty             		 0.37485
US_ynty             		 0.62515
US_yshare           		 0.304909
US_ysn              		 2.64528
US_yst              		 1.68896
US_zcon             		 1
US_zinv             		 1
US_zn               		 1
US_zt               		 1
EAAEAB_nerdep       		 1
EAA_gammabh         		 0
EAA_bh              		 2.45359e-13
EAB_bh              		 -6.54291e-13
MODEL SIMULATION: (method=LBJ with Sparse Gaussian Elimination)
------------------------------------
      Iteration no. 1
      Inf-norm error = 3.621e-02
      2-norm error   = 7.260e-02
      1-norm error   = 2.382e-01
------------------------------------
(** 8.60 seconds **)
------------------------------------
      Iteration no. 2
      Inf-norm error = 3.049e-03
      2-norm error   = 5.957e-03
      1-norm error   = 1.845e-02
------------------------------------
(** 8.21 seconds **)
------------------------------------
      Iteration no. 3
      Inf-norm error = 1.310e-06
      2-norm error   = 2.243e-06
      1-norm error   = 2.177e-05
------------------------------------

Perfect foresight solution found.

Total computing time : 0h00m24s
Note: 47 warning(s) encountered in the preprocessor
