Starting Dynare (version 6.1).
Calling Dynare with arguments: none
Starting preprocessing of the model file ...
Found 3 equation(s).
Evaluating expressions...
Computing static model derivatives (order 1).
Normalizing the static model...
Finding the optimal block decomposition of the static model...
1 block(s) found:
  0 recursive block(s) and 1 simultaneous block(s).
  the largest simultaneous block has 3 equation(s)
                                 and 3 feedback variable(s).
Computing dynamic model derivatives (order 2).
Normalizing the dynamic model...
Finding the optimal block decomposition of the dynamic model...
1 block(s) found:
  0 recursive block(s) and 1 simultaneous block(s).
  the largest simultaneous block has 3 equation(s)
                                 and 3 feedback variable(s).
Preprocessing completed.
Preprocessing time: 0h00m00s.
HOMOTOPY mode 1: computing step 0/15...
MODEL STEADY STATE: (method=Sparse Gaussian Elimination)
------------------------------------
      Iteration no. 1
      Inf-norm error = 9.332e-01
      2-norm error   = 9.333e-01
      1-norm error   = 9.505e-01
------------------------------------
MODEL STEADY STATE: (method=Sparse Gaussian Elimination)
------------------------------------
      Iteration no. 2
      Inf-norm error = 5.324e-01
      2-norm error   = 5.324e-01
      1-norm error   = 5.333e-01
------------------------------------
MODEL STEADY STATE: (method=Sparse Gaussian Elimination)
------------------------------------
      Iteration no. 3
      Inf-norm error = 4.181e-02
      2-norm error   = 4.183e-02
      1-norm error   = 4.284e-02
------------------------------------
MODEL STEADY STATE: (method=Sparse Gaussian Elimination)
------------------------------------
      Iteration no. 4
      Inf-norm error = 8.104e-04
      2-norm error   = 8.115e-04
      1-norm error   = 8.525e-04
------------------------------------
HOMOTOPY mode 1: computing step 1/15...
HOMOTOPY mode 1: computing step 2/15...
HOMOTOPY mode 1: computing step 3/15...
HOMOTOPY mode 1: computing step 4/15...
HOMOTOPY mode 1: computing step 5/15...
HOMOTOPY mode 1: computing step 6/15...
HOMOTOPY mode 1: computing step 7/15...
HOMOTOPY mode 1: computing step 8/15...
HOMOTOPY mode 1: computing step 9/15...
HOMOTOPY mode 1: computing step 10/15...
HOMOTOPY mode 1: computing step 11/15...
HOMOTOPY mode 1: computing step 12/15...
HOMOTOPY mode 1: computing step 13/15...
HOMOTOPY mode 1: computing step 14/15...
HOMOTOPY mode 1: computing step 15/15...

STEADY-STATE RESULTS:

y 		 2.50809
c 		 1.97219
k 		 21.4359
Total computing time : 0h00m00s
