Starting Dynare (version 6.0).
Calling Dynare with arguments: none
Starting preprocessing of the model file ...
Reading eagle_steady_EAGLE_Fiscal.txt.
WARNING: Unknown symbol AUX_ENDO_LAG_206_1 in eagle_steady_EAGLE_Fiscal.txt
WARNING: Unknown symbol AUX_ENDO_LAG_206_2 in eagle_steady_EAGLE_Fiscal.txt
WARNING: Unknown symbol AUX_ENDO_LAG_206_3 in eagle_steady_EAGLE_Fiscal.txt
WARNING: Unknown symbol AUX_ENDO_LAG_193_1 in eagle_steady_EAGLE_Fiscal.txt
WARNING: Unknown symbol AUX_ENDO_LAG_193_2 in eagle_steady_EAGLE_Fiscal.txt
WARNING: Unknown symbol AUX_ENDO_LAG_193_3 in eagle_steady_EAGLE_Fiscal.txt
WARNING: Unknown symbol AUX_ENDO_LAG_174_1 in eagle_steady_EAGLE_Fiscal.txt
WARNING: Unknown symbol AUX_ENDO_LAG_271_1 in eagle_steady_EAGLE_Fiscal.txt
WARNING: Unknown symbol AUX_ENDO_LAG_271_2 in eagle_steady_EAGLE_Fiscal.txt
WARNING: Unknown symbol AUX_ENDO_LAG_271_3 in eagle_steady_EAGLE_Fiscal.txt
WARNING: Unknown symbol AUX_ENDO_LAG_602_1 in eagle_steady_EAGLE_Fiscal.txt
WARNING: Unknown symbol AUX_ENDO_LAG_602_2 in eagle_steady_EAGLE_Fiscal.txt
WARNING: Unknown symbol AUX_ENDO_LAG_602_3 in eagle_steady_EAGLE_Fiscal.txt
WARNING: Unknown symbol AUX_ENDO_LAG_589_1 in eagle_steady_EAGLE_Fiscal.txt
WARNING: Unknown symbol AUX_ENDO_LAG_589_2 in eagle_steady_EAGLE_Fiscal.txt
WARNING: Unknown symbol AUX_ENDO_LAG_589_3 in eagle_steady_EAGLE_Fiscal.txt
WARNING: Unknown symbol AUX_ENDO_LAG_570_1 in eagle_steady_EAGLE_Fiscal.txt
WARNING: Unknown symbol AUX_ENDO_LAG_667_1 in eagle_steady_EAGLE_Fiscal.txt
WARNING: Unknown symbol AUX_ENDO_LAG_667_2 in eagle_steady_EAGLE_Fiscal.txt
WARNING: Unknown symbol AUX_ENDO_LAG_667_3 in eagle_steady_EAGLE_Fiscal.txt
WARNING: Unknown symbol AUX_ENDO_LAG_997_1 in eagle_steady_EAGLE_Fiscal.txt
WARNING: Unknown symbol AUX_ENDO_LAG_997_2 in eagle_steady_EAGLE_Fiscal.txt
WARNING: Unknown symbol AUX_ENDO_LAG_997_3 in eagle_steady_EAGLE_Fiscal.txt
WARNING: Unknown symbol AUX_ENDO_LAG_984_1 in eagle_steady_EAGLE_Fiscal.txt
WARNING: Unknown symbol AUX_ENDO_LAG_984_2 in eagle_steady_EAGLE_Fiscal.txt
WARNING: Unknown symbol AUX_ENDO_LAG_984_3 in eagle_steady_EAGLE_Fiscal.txt
WARNING: Unknown symbol AUX_ENDO_LAG_965_1 in eagle_steady_EAGLE_Fiscal.txt
WARNING: Unknown symbol AUX_ENDO_LAG_1062_1 in eagle_steady_EAGLE_Fiscal.txt
WARNING: Unknown symbol AUX_ENDO_LAG_1062_2 in eagle_steady_EAGLE_Fiscal.txt
WARNING: Unknown symbol AUX_ENDO_LAG_1062_3 in eagle_steady_EAGLE_Fiscal.txt
WARNING: Unknown symbol AUX_ENDO_LAG_1394_1 in eagle_steady_EAGLE_Fiscal.txt
WARNING: Unknown symbol AUX_ENDO_LAG_1394_2 in eagle_steady_EAGLE_Fiscal.txt
WARNING: Unknown symbol AUX_ENDO_LAG_1394_3 in eagle_steady_EAGLE_Fiscal.txt
WARNING: Unknown symbol AUX_ENDO_LAG_1381_1 in eagle_steady_EAGLE_Fiscal.txt
WARNING: Unknown symbol AUX_ENDO_LAG_1381_2 in eagle_steady_EAGLE_Fiscal.txt
WARNING: Unknown symbol AUX_ENDO_LAG_1381_3 in eagle_steady_EAGLE_Fiscal.txt
WARNING: Unknown symbol AUX_ENDO_LAG_1362_1 in eagle_steady_EAGLE_Fiscal.txt
WARNING: Unknown symbol AUX_ENDO_LAG_1456_1 in eagle_steady_EAGLE_Fiscal.txt
WARNING: Unknown symbol AUX_ENDO_LAG_1456_2 in eagle_steady_EAGLE_Fiscal.txt
WARNING: Unknown symbol AUX_ENDO_LAG_1456_3 in eagle_steady_EAGLE_Fiscal.txt
WARNING: Unknown symbol AUX_ENDO_LAG_86_1 in eagle_steady_EAGLE_Fiscal.txt
WARNING: Unknown symbol AUX_ENDO_LAG_226_1 in eagle_steady_EAGLE_Fiscal.txt
WARNING: Unknown symbol AUX_ENDO_LAG_622_1 in eagle_steady_EAGLE_Fiscal.txt
WARNING: Unknown symbol AUX_ENDO_LAG_3_1 in eagle_steady_EAGLE_Fiscal.txt
WARNING: Unknown symbol AUX_ENDO_LAG_3_2 in eagle_steady_EAGLE_Fiscal.txt
WARNING: Unknown symbol AUX_ENDO_LAG_3_3 in eagle_steady_EAGLE_Fiscal.txt
WARNING: EAB_EAGLE_Fiscal_epsgi.mod:22.1-22: The 'simul' statement is deprecated. Please use 'perfect_foresight_setup' and 'perfect_foresight_solver' instead.
ERROR: EAA_epsbfy EAB_epsbfy RW_epsbfy US_epsbfy not used in model block. To bypass this error, use the `nostrict` option. This may lead to crashes or unexpected behavior.
Preprocessing time: 0h00m00s.
