Starting Dynare (version 5.5).
Calling Dynare with arguments: none
Starting preprocessing of the model file ...
Substitution of endo lags >= 2: added 46 auxiliary variables and equations.
Found 1182 equation(s).
Evaluating expressions...done
Computing static model derivatives (order 1).
Normalizing the static model...
Finding the optimal block decomposition of the model ...
128 block(s) found:
  127 recursive block(s) and 1 simultaneous block(s).
  the largest simultaneous block has 595 equation(s)
                                 and 595 feedback variable(s).
Computing dynamic model derivatives (order 2).
Normalizing the dynamic model...
Finding the optimal block decomposition of the model ...
78 block(s) found:
  77 recursive block(s) and 1 simultaneous block(s).
  the largest simultaneous block has 625 equation(s)
                                 and 625 feedback variable(s).
Processing outputs ...
done
Preprocessing completed.

options_ = 
  <a href="matlab:helpPopup struct" style="font-weight:bold">struct</a> with fields:

                                               datafile: ''
                                                dirname: 'steady1_EAGLE_Fiscal'
                                                dataset: [1×1 struct]
                                              verbosity: 1
                                     terminal_condition: 0
                                              rplottype: 0
                                                   smpl: 0
                                                dynatol: [1×1 struct]
                                                  slowc: 1
                                                 timing: 0
                                                  gstep: [2×1 double]
                                                  scalv: 1
                                                  debug: 0
                                           initval_file: 0
                                          schur_vec_tol: 1.0000e-11
                                           qz_criterium: []
                                      qz_zero_threshold: 1.0000e-06
                             lyapunov_complex_threshold: 1.0000e-15
                                             solve_tolf: 6.0555e-06
                                             solve_tolx: 3.6669e-11
                                         dr_display_tol: 1.0000e-06
                                      minimal_workspace: 0
                                                     dp: [1×1 struct]
                                                 steady: [1×1 struct]
                                                  simul: [1×1 struct]
                                             mode_check: [1×1 struct]
                                            huge_number: 10000000
                                                threads: [1×1 struct]
                                          jacobian_flag: 1
                                       steadystate_flag: 0
                                    steadystate_partial: []
                                            steadystate: [1×1 struct]
                                            ParamSubSet: 'None'
                                               dsge_var: 0
                                            dsge_varlag: 4
                                            bvar_replic: 2000
                                         bvar_prior_tau: 3
                                       bvar_prior_decay: 0.5000
                                      bvar_prior_lambda: 5
                                          bvar_prior_mu: 2
                                       bvar_prior_omega: 1
                                        bvar_prior_flat: 0
                                       bvar_prior_train: 0
                                                   bvar: [1×1 struct]
                                              optim_opt: []
                                              gmhmaxlik: [1×1 struct]
                                          nointeractive: 0
                                               graphics: [1×1 struct]
                                           graph_format: 'eps'
                                              nodisplay: 0
                                                nograph: 0
                                               no_graph: [1×1 struct]
                                                  XTick: []
                                             XTickLabel: []
                                           console_mode: 0
                                                    irf: 40
                                      impulse_responses: [1×1 struct]
                                 zero_moments_tolerance: 1.0000e-10
                                           relative_irf: 0
                                                     ar: 5
                                              hp_filter: 0
                                    one_sided_hp_filter: 0
                      filtered_theoretical_moments_grid: 512
                                        nodecomposition: 0
                                              nomoments: 0
                                                 nocorr: 0
                                                periods: 0
                                                noprint: 0
                                        SpectralDensity: [1×1 struct]
                                            nofunctions: 0
                                               bandpass: [1×1 struct]
                                                irf_opt: [1×1 struct]
                                                     ep: [1×1 struct]
                                                  bnlms: [1×1 struct]
                                               particle: [1×1 struct]
                                                  rwgmh: [1×1 struct]
                                                    TeX: 0
                                              xls_sheet: 1
                                              xls_range: ''
                                            prior_draws: 10000
                                         sampling_draws: 500
                                               forecast: 0
                                              forecasts: [1×1 struct]
                                   conditional_forecast: [1×1 struct]
                                                 linear: 0
                                       stack_solve_algo: 0
                                              markowitz: 0.5000
                                minimal_solving_periods: 1
                             endogenous_terminal_period: 0
                                            no_homotopy: 0
                                                  pfwee: [1×1 struct]
                                                  order: 2
                                                pruning: 0
                                             solve_algo: 4
                                                 replic: 50
                                           simul_replic: 1
                                                   drop: 100
                                             aim_solver: 0
                                         k_order_solver: 0
                                    partial_information: 0
                                            ACES_solver: 0
                     conditional_variance_decomposition: []
                                          ramsey_policy: 0
                                            instruments: {}
                                               timeless: 0
                                                 ramsey: [1×1 struct]
                                         initial_period: NaN
                     no_init_estimation_check_first_obs: 0
                                    Harvey_scale_factor: 10
                                 heteroskedastic_filter: 0
                                       MaxNumberOfBytes: 100000000
                               MaximumNumberOfMegaBytes: 111
                                    analytic_derivation: 0
                               analytic_derivation_mode: 0
                                           bayesian_irf: 0
                                    bayesian_th_moments: 0
                                         diffuse_filter: 0
                                      filter_step_ahead: []
                                          filtered_vars: 0
                             smoothed_state_uncertainty: 0
                                              first_obs: NaN
                                                   nobs: NaN
                                            kalman_algo: 0
                                     fast_kalman_filter: 0
                                             kalman_tol: 1.0000e-10
                                                 kalman: [1×1 struct]
                                     diffuse_kalman_tol: 1.0000e-06
      use_univariate_filters_if_singularity_is_detected: 1
                                            riccati_tol: 1.0000e-06
                                               lik_algo: 1
                                               lik_init: 1
                                           load_mh_file: 0
                             load_results_after_load_mh: 0
                                                logdata: 0
                                              loglinear: 0
                                   linear_approximation: 0
                                    logged_steady_state: 0
                                            mh_conf_sig: 0.9000
                                         prior_interval: 0.9000
                                                mh_drop: 0.5000
                                              mh_jscale: 0.2000
                                         mh_tune_jscale: [1×1 struct]
                                          mh_init_scale: 0.4000
                       mh_initialize_from_previous_mcmc: [1×1 struct]
                                               mh_nblck: 2
                                             mh_recover: 0
                                              mh_replic: 20000
                           recursive_estimation_restart: 0
                                MCMC_jumping_covariance: 'hessian'
                         use_calibration_initialization: 0
        endo_vars_for_moment_computations_in_estimation: []
                                                 occbin: [1×1 struct]
                                       silent_optimizer: 0
                                     prior_restrictions: [1×1 struct]
                                           mode_compute: 4
                                              mode_file: ''
                                        moments_varendo: 0
                                                     nk: 1
                                             noconstant: 0
                                           nodiagnostic: 0
                           mh_posterior_mode_estimation: 0
                                              prefilter: 0
                                              presample: 0
                                            prior_trunc: 1.0000e-10
                                               smoother: 0
                                         smoother_redux: 0
                          posterior_max_subsample_draws: 1200
                                              sub_draws: []
                                            ME_plot_tol: 1.0000e-06
                               use_mh_covariance_matrix: 0
                                        gradient_method: 2
                                       gradient_epsilon: 1.0000e-06
                              posterior_sampler_options: [1×1 struct]
                                          trace_plot_ma: 200
                       mh_autocorrelation_function_size: 30
                                            plot_priors: 1
                                           cova_compute: 1
                                               parallel: 0
                                          parallel_info: [1×1 struct]
                          number_of_grid_points_for_kde: 512
               conditional_variance_decomposition_dates: [1 5 9 13 17 37 77 117 157 197]
                                      filter_covariance: 0
                                   filter_decomposition: 0
                                selected_variables_only: 0
                            contemporaneous_correlation: 0
    initialize_estimated_parameters_with_the_prior_mode: 0
                                             estimation: [1×1 struct]
                                          homotopy_mode: 0
                                         homotopy_steps: 1
                                homotopy_force_continue: 0
                    rescale_prediction_error_covariance: 0
                                                hessian: [1×1 struct]
                                               csminwel: [1×1 struct]
                                                 newrat: [1×1 struct]
                                                simplex: [1×1 struct]
                                                  cmaes: [1×1 struct]
                                                 simpsa: [1×1 struct]
                                               solveopt: [1×1 struct]
                                                  saopt: [1×1 struct]
                                          particleswarm: [1×1 struct]
                                               prior_mc: 20000
                           prior_analysis_endo_var_list: {}
                                                  block: 1
                                                use_dll: 0
                                               bytecode: 1
                                           sylvester_fp: 0
                              sylvester_fixed_point_tol: 1.0000e-12
                                            lyapunov_fp: 0
                                            lyapunov_db: 0
                                           lyapunov_srs: 0
                               lyapunov_fixed_point_tol: 1.0000e-10
                                  lyapunov_doubling_tol: 1.0000e-16
                                     dr_cycle_reduction: 0
                                 dr_cycle_reduction_tol: 1.0000e-07
                               dr_logarithmic_reduction: 0
                           dr_logarithmic_reduction_tol: 1.0000e-12
                       dr_logarithmic_reduction_maxiter: 100
                                           initial_date: [1×1 dates]
                                   discretionary_policy: 0
                                      discretionary_tol: 1.0000e-07
                                          parameter_set: []
                                       use_shock_groups: ''
                                           shock_decomp: [1×1 struct]
                                      plot_shock_decomp: [1×1 struct]
                                       nonlinear_filter: []
                                                     ms: [1×1 struct]
                                     graph_save_formats: [1×1 struct]
                                       endogenous_prior: 0
                          endogenous_prior_restrictions: [1×1 struct]
                                                    osr: [1×1 struct]
                                                    gpu: 0
                                            convergence: [1×1 struct]
                                  marginal_data_density: [1×1 struct]
                                                  lmmcp: [1×1 struct]
                                                lcppath: [1×1 struct]
                                                mcppath: [1×1 struct]
                                                figures: [1×1 struct]
                                              varobs_id: []
                                                    pac: [1×1 struct]
                                    DynareRandomStreams: [1×1 struct]
                                                 maxit_: 240
Creating data for EAA
Creating data for EAB
Creating data for RW
Creating data for US
igybar
HOMOTOPY mode 1: computing step 0/160...
MODEL STEADY STATE: (method=ByteCode own solver)
-----------------------------------
      Simulate iteration no 1     
      max. error=6.5464814856e+00       
      sqr. error=1.9369612887e+02       
      abs. error=5.2379743232e+01       
-----------------------------------
Floating point error in bytecode: X^a with X=-0.547778
      temporary term 26 in block 86
      T26 = ((1 - EAAEAB_numig) - EAAUS_numig) * ((EAARW_pim / EAA_pimig)$ ^ £( -EAA_mumig))
                                                                                             
Floating point error in bytecode: X^a with X=-0.473616
      temporary term 26 in block 86
      T26 = ((1 - EAAEAB_numig) - EAAUS_numig) * ((EAARW_pim / EAA_pimig)$ ^ £( -EAA_mumig))
                                                                                             
Floating point error in bytecode: X^a with X=-0.399888
      temporary term 26 in block 86
      T26 = ((1 - EAAEAB_numig) - EAAUS_numig) * ((EAARW_pim / EAA_pimig)$ ^ £( -EAA_mumig))
                                                                                             
Floating point error in bytecode: X^a with X=-0.326921
      temporary term 26 in block 86
      T26 = ((1 - EAAEAB_numig) - EAAUS_numig) * ((EAARW_pim / EAA_pimig)$ ^ £( -EAA_mumig))
                                                                                             
Floating point error in bytecode: X^a with X=-0.255028
      temporary term 26 in block 86
      T26 = ((1 - EAAEAB_numig) - EAAUS_numig) * ((EAARW_pim / EAA_pimig)$ ^ £( -EAA_mumig))
                                                                                             
Floating point error in bytecode: X^a with X=-0.184504
      temporary term 26 in block 86
      T26 = ((1 - EAAEAB_numig) - EAAUS_numig) * ((EAARW_pim / EAA_pimig)$ ^ £( -EAA_mumig))
                                                                                             
Floating point error in bytecode: X^a with X=-0.115619
      temporary term 26 in block 86
      T26 = ((1 - EAAEAB_numig) - EAAUS_numig) * ((EAARW_pim / EAA_pimig)$ ^ £( -EAA_mumig))
                                                                                             
Floating point error in bytecode: X^a with X=-0.0486199
      temporary term 26 in block 86
      T26 = ((1 - EAAEAB_numig) - EAAUS_numig) * ((EAARW_pim / EAA_pimig)$ ^ £( -EAA_mumig))
                                                                                             
Floating point error in bytecode: X^a with X=-1.79405e-05
      equation 378 in block 86
      residual(126) = (EAB_imx ^ ((EAB_mumx - 1) / EAB_mumx)) - (T152 * (EABEAA_imx$ ^ £(1 - (1 / EAB_mumx))) + T153 * (EABRW_imx ^ (1 - (1 / EAB_mumx))) + T154 * (EABUS_imx$ ^ £(1 - (1 / EAB_mumx))))
                                                                                                                                                                                                          
Floating point error in bytecode: X^a with X=-1.60822e-05
      equation 378 in block 86
      residual(126) = (EAB_imx ^ ((EAB_mumx - 1) / EAB_mumx)) - (T152 * (EABEAA_imx$ ^ £(1 - (1 / EAB_mumx))) + T153 * (EABRW_imx ^ (1 - (1 / EAB_mumx))) + T154 * (EABUS_imx$ ^ £(1 - (1 / EAB_mumx))))
                                                                                                                                                                                                          
Floating point error in bytecode: X^a with X=-1.4393e-05
      equation 378 in block 86
      residual(126) = (EAB_imx ^ ((EAB_mumx - 1) / EAB_mumx)) - (T152 * (EABEAA_imx$ ^ £(1 - (1 / EAB_mumx))) + T153 * (EABRW_imx ^ (1 - (1 / EAB_mumx))) + T154 * (EABUS_imx$ ^ £(1 - (1 / EAB_mumx))))
                                                                                                                                                                                                          
Floating point error in bytecode: X^a with X=-1.28572e-05
      equation 378 in block 86
      residual(126) = (EAB_imx ^ ((EAB_mumx - 1) / EAB_mumx)) - (T152 * (EABEAA_imx$ ^ £(1 - (1 / EAB_mumx))) + T153 * (EABRW_imx ^ (1 - (1 / EAB_mumx))) + T154 * (EABUS_imx$ ^ £(1 - (1 / EAB_mumx))))
                                                                                                                                                                                                          
Floating point error in bytecode: X^a with X=-1.14611e-05
      equation 378 in block 86
      residual(126) = (EAB_imx ^ ((EAB_mumx - 1) / EAB_mumx)) - (T152 * (EABEAA_imx$ ^ £(1 - (1 / EAB_mumx))) + T153 * (EABRW_imx ^ (1 - (1 / EAB_mumx))) + T154 * (EABUS_imx$ ^ £(1 - (1 / EAB_mumx))))
                                                                                                                                                                                                          
Floating point error in bytecode: X^a with X=-1.01919e-05
      equation 378 in block 86
      residual(126) = (EAB_imx ^ ((EAB_mumx - 1) / EAB_mumx)) - (T152 * (EABEAA_imx$ ^ £(1 - (1 / EAB_mumx))) + T153 * (EABRW_imx ^ (1 - (1 / EAB_mumx))) + T154 * (EABUS_imx$ ^ £(1 - (1 / EAB_mumx))))
                                                                                                                                                                                                          
Floating point error in bytecode: X^a with X=-9.03811e-06
      equation 378 in block 86
      residual(126) = (EAB_imx ^ ((EAB_mumx - 1) / EAB_mumx)) - (T152 * (EABEAA_imx$ ^ £(1 - (1 / EAB_mumx))) + T153 * (EABRW_imx ^ (1 - (1 / EAB_mumx))) + T154 * (EABUS_imx$ ^ £(1 - (1 / EAB_mumx))))
                                                                                                                                                                                                          
Floating point error in bytecode: X^a with X=-7.98919e-06
      equation 378 in block 86
      residual(126) = (EAB_imx ^ ((EAB_mumx - 1) / EAB_mumx)) - (T152 * (EABEAA_imx$ ^ £(1 - (1 / EAB_mumx))) + T153 * (EABRW_imx ^ (1 - (1 / EAB_mumx))) + T154 * (EABUS_imx$ ^ £(1 - (1 / EAB_mumx))))
                                                                                                                                                                                                          
Floating point error in bytecode: X^a with X=-7.03563e-06
      equation 378 in block 86
      residual(126) = (EAB_imx ^ ((EAB_mumx - 1) / EAB_mumx)) - (T152 * (EABEAA_imx$ ^ £(1 - (1 / EAB_mumx))) + T153 * (EABRW_imx ^ (1 - (1 / EAB_mumx))) + T154 * (EABUS_imx$ ^ £(1 - (1 / EAB_mumx))))
                                                                                                                                                                                                          
Floating point error in bytecode: X^a with X=-6.16876e-06
      equation 378 in block 86
      residual(126) = (EAB_imx ^ ((EAB_mumx - 1) / EAB_mumx)) - (T152 * (EABEAA_imx$ ^ £(1 - (1 / EAB_mumx))) + T153 * (EABRW_imx ^ (1 - (1 / EAB_mumx))) + T154 * (EABUS_imx$ ^ £(1 - (1 / EAB_mumx))))
                                                                                                                                                                                                          
Floating point error in bytecode: X^a with X=-5.38069e-06
      equation 378 in block 86
      residual(126) = (EAB_imx ^ ((EAB_mumx - 1) / EAB_mumx)) - (T152 * (EABEAA_imx$ ^ £(1 - (1 / EAB_mumx))) + T153 * (EABRW_imx ^ (1 - (1 / EAB_mumx))) + T154 * (EABUS_imx$ ^ £(1 - (1 / EAB_mumx))))
                                                                                                                                                                                                          
Floating point error in bytecode: X^a with X=-4.66426e-06
      equation 378 in block 86
      residual(126) = (EAB_imx ^ ((EAB_mumx - 1) / EAB_mumx)) - (T152 * (EABEAA_imx$ ^ £(1 - (1 / EAB_mumx))) + T153 * (EABRW_imx ^ (1 - (1 / EAB_mumx))) + T154 * (EABUS_imx$ ^ £(1 - (1 / EAB_mumx))))
                                                                                                                                                                                                          
Floating point error in bytecode: X^a with X=-4.01296e-06
      equation 378 in block 86
      residual(126) = (EAB_imx ^ ((EAB_mumx - 1) / EAB_mumx)) - (T152 * (EABEAA_imx$ ^ £(1 - (1 / EAB_mumx))) + T153 * (EABRW_imx ^ (1 - (1 / EAB_mumx))) + T154 * (EABUS_imx$ ^ £(1 - (1 / EAB_mumx))))
                                                                                                                                                                                                          
Floating point error in bytecode: X^a with X=-3.42088e-06
      equation 378 in block 86
      residual(126) = (EAB_imx ^ ((EAB_mumx - 1) / EAB_mumx)) - (T152 * (EABEAA_imx$ ^ £(1 - (1 / EAB_mumx))) + T153 * (EABRW_imx ^ (1 - (1 / EAB_mumx))) + T154 * (EABUS_imx$ ^ £(1 - (1 / EAB_mumx))))
                                                                                                                                                                                                          
Floating point error in bytecode: X^a with X=-2.88261e-06
      equation 378 in block 86
      residual(126) = (EAB_imx ^ ((EAB_mumx - 1) / EAB_mumx)) - (T152 * (EABEAA_imx$ ^ £(1 - (1 / EAB_mumx))) + T153 * (EABRW_imx ^ (1 - (1 / EAB_mumx))) + T154 * (EABUS_imx$ ^ £(1 - (1 / EAB_mumx))))
                                                                                                                                                                                                          
Floating point error in bytecode: X^a with X=-2.39329e-06
      equation 378 in block 86
      residual(126) = (EAB_imx ^ ((EAB_mumx - 1) / EAB_mumx)) - (T152 * (EABEAA_imx$ ^ £(1 - (1 / EAB_mumx))) + T153 * (EABRW_imx ^ (1 - (1 / EAB_mumx))) + T154 * (EABUS_imx$ ^ £(1 - (1 / EAB_mumx))))
                                                                                                                                                                                                          
Floating point error in bytecode: X^a with X=-1.94844e-06
      equation 378 in block 86
      residual(126) = (EAB_imx ^ ((EAB_mumx - 1) / EAB_mumx)) - (T152 * (EABEAA_imx$ ^ £(1 - (1 / EAB_mumx))) + T153 * (EABRW_imx ^ (1 - (1 / EAB_mumx))) + T154 * (EABUS_imx$ ^ £(1 - (1 / EAB_mumx))))
                                                                                                                                                                                                          
Floating point error in bytecode: X^a with X=-1.54404e-06
      equation 378 in block 86
      residual(126) = (EAB_imx ^ ((EAB_mumx - 1) / EAB_mumx)) - (T152 * (EABEAA_imx$ ^ £(1 - (1 / EAB_mumx))) + T153 * (EABRW_imx ^ (1 - (1 / EAB_mumx))) + T154 * (EABUS_imx$ ^ £(1 - (1 / EAB_mumx))))
                                                                                                                                                                                                          
Floating point error in bytecode: X^a with X=-1.1764e-06
      equation 378 in block 86
      residual(126) = (EAB_imx ^ ((EAB_mumx - 1) / EAB_mumx)) - (T152 * (EABEAA_imx$ ^ £(1 - (1 / EAB_mumx))) + T153 * (EABRW_imx ^ (1 - (1 / EAB_mumx))) + T154 * (EABUS_imx$ ^ £(1 - (1 / EAB_mumx))))
                                                                                                                                                                                                          
Floating point error in bytecode: X^a with X=-8.4218e-07
      equation 378 in block 86
      residual(126) = (EAB_imx ^ ((EAB_mumx - 1) / EAB_mumx)) - (T152 * (EABEAA_imx$ ^ £(1 - (1 / EAB_mumx))) + T153 * (EABRW_imx ^ (1 - (1 / EAB_mumx))) + T154 * (EABUS_imx$ ^ £(1 - (1 / EAB_mumx))))
                                                                                                                                                                                                          
Floating point error in bytecode: X^a with X=-5.38346e-07
      equation 378 in block 86
      residual(126) = (EAB_imx ^ ((EAB_mumx - 1) / EAB_mumx)) - (T152 * (EABEAA_imx$ ^ £(1 - (1 / EAB_mumx))) + T153 * (EABRW_imx ^ (1 - (1 / EAB_mumx))) + T154 * (EABUS_imx$ ^ £(1 - (1 / EAB_mumx))))
                                                                                                                                                                                                          
Floating point error in bytecode: X^a with X=-2.62133e-07
      equation 378 in block 86
      residual(126) = (EAB_imx ^ ((EAB_mumx - 1) / EAB_mumx)) - (T152 * (EABEAA_imx$ ^ £(1 - (1 / EAB_mumx))) + T153 * (EABRW_imx ^ (1 - (1 / EAB_mumx))) + T154 * (EABUS_imx$ ^ £(1 - (1 / EAB_mumx))))
                                                                                                                                                                                                          
Floating point error in bytecode: X^a with X=-1.10295e-08
      equation 378 in block 86
      residual(126) = (EAB_imx ^ ((EAB_mumx - 1) / EAB_mumx)) - (T152 * (EABEAA_imx$ ^ £(1 - (1 / EAB_mumx))) + T153 * (EABRW_imx ^ (1 - (1 / EAB_mumx))) + T154 * (EABUS_imx$ ^ £(1 - (1 / EAB_mumx))))
                                                                                                                                                                                                          
Floating point error in bytecode: X^a with X=-1.77624e-06
      equation 378 in block 86
      residual(126) = (EAB_imx ^ ((EAB_mumx - 1) / EAB_mumx)) - (T152 * (EABEAA_imx ^ (1 - (1 / EAB_mumx))) + T153 * (EABRW_imx ^ (1 - (1 / EAB_mumx))) + T154 * (EABUS_imx$ ^ £(1 - (1 / EAB_mumx))))
                                                                                                                                                                                                       
Floating point error in bytecode: X^a with X=-1.38749e-06
      equation 378 in block 86
      residual(126) = (EAB_imx ^ ((EAB_mumx - 1) / EAB_mumx)) - (T152 * (EABEAA_imx ^ (1 - (1 / EAB_mumx))) + T153 * (EABRW_imx ^ (1 - (1 / EAB_mumx))) + T154 * (EABUS_imx$ ^ £(1 - (1 / EAB_mumx))))
                                                                                                                                                                                                       
Floating point error in bytecode: X^a with X=-1.03408e-06
      equation 378 in block 86
      residual(126) = (EAB_imx ^ ((EAB_mumx - 1) / EAB_mumx)) - (T152 * (EABEAA_imx ^ (1 - (1 / EAB_mumx))) + T153 * (EABRW_imx ^ (1 - (1 / EAB_mumx))) + T154 * (EABUS_imx$ ^ £(1 - (1 / EAB_mumx))))
                                                                                                                                                                                                       
Floating point error in bytecode: X^a with X=-7.128e-07
      equation 378 in block 86
      residual(126) = (EAB_imx ^ ((EAB_mumx - 1) / EAB_mumx)) - (T152 * (EABEAA_imx ^ (1 - (1 / EAB_mumx))) + T153 * (EABRW_imx ^ (1 - (1 / EAB_mumx))) + T154 * (EABUS_imx$ ^ £(1 - (1 / EAB_mumx))))
                                                                                                                                                                                                       
Floating point error in bytecode: X^a with X=-4.20728e-07
      equation 378 in block 86
      residual(126) = (EAB_imx ^ ((EAB_mumx - 1) / EAB_mumx)) - (T152 * (EABEAA_imx ^ (1 - (1 / EAB_mumx))) + T153 * (EABRW_imx ^ (1 - (1 / EAB_mumx))) + T154 * (EABUS_imx$ ^ £(1 - (1 / EAB_mumx))))
                                                                                                                                                                                                       
Floating point error in bytecode: X^a with X=-1.55207e-07
      equation 378 in block 86
      residual(126) = (EAB_imx ^ ((EAB_mumx - 1) / EAB_mumx)) - (T152 * (EABEAA_imx ^ (1 - (1 / EAB_mumx))) + T153 * (EABRW_imx ^ (1 - (1 / EAB_mumx))) + T154 * (EABUS_imx$ ^ £(1 - (1 / EAB_mumx))))
                                                                                                                                                                                                       
Floating point error in bytecode: X^a with X=-3.16791e-06
      equation 654 in block 86
      residual(402) = (RW_imx ^ ((RW_mumx - 1) / RW_mumx)) - (T398 * (RWEAB_imx ^ (1 - (1 / RW_mumx))) + T399 * (RWUS_imx$ ^ £(1 - (1 / RW_mumx))) + T400 * (RWEAA_imx ^ (1 - (1 / RW_mumx))))
                                                                                                                                                                                               
Floating point error in bytecode: X^a with X=-2.65265e-06
      equation 654 in block 86
      residual(402) = (RW_imx ^ ((RW_mumx - 1) / RW_mumx)) - (T398 * (RWEAB_imx ^ (1 - (1 / RW_mumx))) + T399 * (RWUS_imx$ ^ £(1 - (1 / RW_mumx))) + T400 * (RWEAA_imx ^ (1 - (1 / RW_mumx))))
                                                                                                                                                                                               
Floating point error in bytecode: X^a with X=-2.18422e-06
      equation 654 in block 86
      residual(402) = (RW_imx ^ ((RW_mumx - 1) / RW_mumx)) - (T398 * (RWEAB_imx ^ (1 - (1 / RW_mumx))) + T399 * (RWUS_imx$ ^ £(1 - (1 / RW_mumx))) + T400 * (RWEAA_imx ^ (1 - (1 / RW_mumx))))
                                                                                                                                                                                               
Floating point error in bytecode: X^a with X=-1.75838e-06
      equation 654 in block 86
      residual(402) = (RW_imx ^ ((RW_mumx - 1) / RW_mumx)) - (T398 * (RWEAB_imx ^ (1 - (1 / RW_mumx))) + T399 * (RWUS_imx$ ^ £(1 - (1 / RW_mumx))) + T400 * (RWEAA_imx ^ (1 - (1 / RW_mumx))))
                                                                                                                                                                                               
Floating point error in bytecode: X^a with X=-1.37126e-06
      equation 654 in block 86
      residual(402) = (RW_imx ^ ((RW_mumx - 1) / RW_mumx)) - (T398 * (RWEAB_imx ^ (1 - (1 / RW_mumx))) + T399 * (RWUS_imx$ ^ £(1 - (1 / RW_mumx))) + T400 * (RWEAA_imx ^ (1 - (1 / RW_mumx))))
                                                                                                                                                                                               
Floating point error in bytecode: X^a with X=-1.01933e-06
      equation 654 in block 86
      residual(402) = (RW_imx ^ ((RW_mumx - 1) / RW_mumx)) - (T398 * (RWEAB_imx ^ (1 - (1 / RW_mumx))) + T399 * (RWUS_imx$ ^ £(1 - (1 / RW_mumx))) + T400 * (RWEAA_imx ^ (1 - (1 / RW_mumx))))
                                                                                                                                                                                               
Floating point error in bytecode: X^a with X=-6.99388e-07
      equation 654 in block 86
      residual(402) = (RW_imx ^ ((RW_mumx - 1) / RW_mumx)) - (T398 * (RWEAB_imx ^ (1 - (1 / RW_mumx))) + T399 * (RWUS_imx$ ^ £(1 - (1 / RW_mumx))) + T400 * (RWEAA_imx ^ (1 - (1 / RW_mumx))))
                                                                                                                                                                                               
Floating point error in bytecode: X^a with X=-4.08534e-07
      equation 654 in block 86
      residual(402) = (RW_imx ^ ((RW_mumx - 1) / RW_mumx)) - (T398 * (RWEAB_imx ^ (1 - (1 / RW_mumx))) + T399 * (RWUS_imx$ ^ £(1 - (1 / RW_mumx))) + T400 * (RWEAA_imx ^ (1 - (1 / RW_mumx))))
                                                                                                                                                                                               
Floating point error in bytecode: X^a with X=-1.44122e-07
      equation 654 in block 86
      residual(402) = (RW_imx ^ ((RW_mumx - 1) / RW_mumx)) - (T398 * (RWEAB_imx ^ (1 - (1 / RW_mumx))) + T399 * (RWUS_imx$ ^ £(1 - (1 / RW_mumx))) + T400 * (RWEAA_imx ^ (1 - (1 / RW_mumx))))
                                                                                                                                                                                               
Error: Simulation diverging, trying to correct it using slowc=0.012472
MODEL STEADY STATE: (method=ByteCode own solver)
-----------------------------------
      Simulate iteration no 2     
      max. error=6.4665244644e+00       
      sqr. error=1.8895654481e+02       
      abs. error=5.1774620691e+01       
-----------------------------------
Floating point error in bytecode: X^a with X=-9.78431e-05
      equation 378 in block 86
      residual(126) = (EAB_imx ^ ((EAB_mumx - 1) / EAB_mumx)) - (T152 * (EABEAA_imx ^ (1 - (1 / EAB_mumx))) + T153 * (EABRW_imx$ ^ £(1 - (1 / EAB_mumx))) + T154 * (EABUS_imx ^ (1 - (1 / EAB_mumx))))
                                                                                                                                                                                                       
Floating point error in bytecode: X^a with X=-8.85566e-05
      equation 378 in block 86
      residual(126) = (EAB_imx ^ ((EAB_mumx - 1) / EAB_mumx)) - (T152 * (EABEAA_imx ^ (1 - (1 / EAB_mumx))) + T153 * (EABRW_imx$ ^ £(1 - (1 / EAB_mumx))) + T154 * (EABUS_imx ^ (1 - (1 / EAB_mumx))))
                                                                                                                                                                                                       
Floating point error in bytecode: X^a with X=-8.01144e-05
      equation 378 in block 86
      residual(126) = (EAB_imx ^ ((EAB_mumx - 1) / EAB_mumx)) - (T152 * (EABEAA_imx ^ (1 - (1 / EAB_mumx))) + T153 * (EABRW_imx$ ^ £(1 - (1 / EAB_mumx))) + T154 * (EABUS_imx ^ (1 - (1 / EAB_mumx))))
                                                                                                                                                                                                       
Floating point error in bytecode: X^a with X=-7.24396e-05
      equation 378 in block 86
      residual(126) = (EAB_imx ^ ((EAB_mumx - 1) / EAB_mumx)) - (T152 * (EABEAA_imx ^ (1 - (1 / EAB_mumx))) + T153 * (EABRW_imx$ ^ £(1 - (1 / EAB_mumx))) + T154 * (EABUS_imx ^ (1 - (1 / EAB_mumx))))
                                                                                                                                                                                                       
Floating point error in bytecode: X^a with X=-6.54625e-05
      equation 378 in block 86
      residual(126) = (EAB_imx ^ ((EAB_mumx - 1) / EAB_mumx)) - (T152 * (EABEAA_imx ^ (1 - (1 / EAB_mumx))) + T153 * (EABRW_imx$ ^ £(1 - (1 / EAB_mumx))) + T154 * (EABUS_imx ^ (1 - (1 / EAB_mumx))))
                                                                                                                                                                                                       
Floating point error in bytecode: X^a with X=-5.91197e-05
      equation 378 in block 86
      residual(126) = (EAB_imx ^ ((EAB_mumx - 1) / EAB_mumx)) - (T152 * (EABEAA_imx ^ (1 - (1 / EAB_mumx))) + T153 * (EABRW_imx$ ^ £(1 - (1 / EAB_mumx))) + T154 * (EABUS_imx ^ (1 - (1 / EAB_mumx))))
                                                                                                                                                                                                       
Floating point error in bytecode: X^a with X=-5.33536e-05
      equation 378 in block 86
      residual(126) = (EAB_imx ^ ((EAB_mumx - 1) / EAB_mumx)) - (T152 * (EABEAA_imx ^ (1 - (1 / EAB_mumx))) + T153 * (EABRW_imx$ ^ £(1 - (1 / EAB_mumx))) + T154 * (EABUS_imx ^ (1 - (1 / EAB_mumx))))
                                                                                                                                                                                                       
Floating point error in bytecode: X^a with X=-4.81116e-05
      equation 378 in block 86
      residual(126) = (EAB_imx ^ ((EAB_mumx - 1) / EAB_mumx)) - (T152 * (EABEAA_imx ^ (1 - (1 / EAB_mumx))) + T153 * (EABRW_imx$ ^ £(1 - (1 / EAB_mumx))) + T154 * (EABUS_imx ^ (1 - (1 / EAB_mumx))))
                                                                                                                                                                                                       
Floating point error in bytecode: X^a with X=-4.33462e-05
      equation 378 in block 86
      residual(126) = (EAB_imx ^ ((EAB_mumx - 1) / EAB_mumx)) - (T152 * (EABEAA_imx ^ (1 - (1 / EAB_mumx))) + T153 * (EABRW_imx$ ^ £(1 - (1 / EAB_mumx))) + T154 * (EABUS_imx ^ (1 - (1 / EAB_mumx))))
                                                                                                                                                                                                       
Floating point error in bytecode: X^a with X=-3.9014e-05
      equation 378 in block 86
      residual(126) = (EAB_imx ^ ((EAB_mumx - 1) / EAB_mumx)) - (T152 * (EABEAA_imx ^ (1 - (1 / EAB_mumx))) + T153 * (EABRW_imx$ ^ £(1 - (1 / EAB_mumx))) + T154 * (EABUS_imx ^ (1 - (1 / EAB_mumx))))
                                                                                                                                                                                                       
Floating point error in bytecode: X^a with X=-3.50756e-05
      equation 378 in block 86
      residual(126) = (EAB_imx ^ ((EAB_mumx - 1) / EAB_mumx)) - (T152 * (EABEAA_imx ^ (1 - (1 / EAB_mumx))) + T153 * (EABRW_imx$ ^ £(1 - (1 / EAB_mumx))) + T154 * (EABUS_imx ^ (1 - (1 / EAB_mumx))))
                                                                                                                                                                                                       
Floating point error in bytecode: X^a with X=-3.14953e-05
      equation 378 in block 86
      residual(126) = (EAB_imx ^ ((EAB_mumx - 1) / EAB_mumx)) - (T152 * (EABEAA_imx ^ (1 - (1 / EAB_mumx))) + T153 * (EABRW_imx$ ^ £(1 - (1 / EAB_mumx))) + T154 * (EABUS_imx ^ (1 - (1 / EAB_mumx))))
                                                                                                                                                                                                       
Floating point error in bytecode: X^a with X=-2.82404e-05
      equation 378 in block 86
      residual(126) = (EAB_imx ^ ((EAB_mumx - 1) / EAB_mumx)) - (T152 * (EABEAA_imx ^ (1 - (1 / EAB_mumx))) + T153 * (EABRW_imx$ ^ £(1 - (1 / EAB_mumx))) + T154 * (EABUS_imx ^ (1 - (1 / EAB_mumx))))
                                                                                                                                                                                                       
Floating point error in bytecode: X^a with X=-2.52814e-05
      equation 378 in block 86
      residual(126) = (EAB_imx ^ ((EAB_mumx - 1) / EAB_mumx)) - (T152 * (EABEAA_imx ^ (1 - (1 / EAB_mumx))) + T153 * (EABRW_imx$ ^ £(1 - (1 / EAB_mumx))) + T154 * (EABUS_imx ^ (1 - (1 / EAB_mumx))))
                                                                                                                                                                                                       
Floating point error in bytecode: X^a with X=-2.25915e-05
      equation 378 in block 86
      residual(126) = (EAB_imx ^ ((EAB_mumx - 1) / EAB_mumx)) - (T152 * (EABEAA_imx ^ (1 - (1 / EAB_mumx))) + T153 * (EABRW_imx$ ^ £(1 - (1 / EAB_mumx))) + T154 * (EABUS_imx ^ (1 - (1 / EAB_mumx))))
                                                                                                                                                                                                       
Floating point error in bytecode: X^a with X=-2.01461e-05
      equation 378 in block 86
      residual(126) = (EAB_imx ^ ((EAB_mumx - 1) / EAB_mumx)) - (T152 * (EABEAA_imx ^ (1 - (1 / EAB_mumx))) + T153 * (EABRW_imx$ ^ £(1 - (1 / EAB_mumx))) + T154 * (EABUS_imx ^ (1 - (1 / EAB_mumx))))
                                                                                                                                                                                                       
Floating point error in bytecode: X^a with X=-1.7923e-05
      equation 378 in block 86
      residual(126) = (EAB_imx ^ ((EAB_mumx - 1) / EAB_mumx)) - (T152 * (EABEAA_imx ^ (1 - (1 / EAB_mumx))) + T153 * (EABRW_imx$ ^ £(1 - (1 / EAB_mumx))) + T154 * (EABUS_imx ^ (1 - (1 / EAB_mumx))))
                                                                                                                                                                                                       
Floating point error in bytecode: X^a with X=-1.59019e-05
      equation 378 in block 86
      residual(126) = (EAB_imx ^ ((EAB_mumx - 1) / EAB_mumx)) - (T152 * (EABEAA_imx ^ (1 - (1 / EAB_mumx))) + T153 * (EABRW_imx$ ^ £(1 - (1 / EAB_mumx))) + T154 * (EABUS_imx ^ (1 - (1 / EAB_mumx))))
                                                                                                                                                                                                       
Floating point error in bytecode: X^a with X=-1.40647e-05
      equation 378 in block 86
      residual(126) = (EAB_imx ^ ((EAB_mumx - 1) / EAB_mumx)) - (T152 * (EABEAA_imx ^ (1 - (1 / EAB_mumx))) + T153 * (EABRW_imx$ ^ £(1 - (1 / EAB_mumx))) + T154 * (EABUS_imx ^ (1 - (1 / EAB_mumx))))
                                                                                                                                                                                                       
Floating point error in bytecode: X^a with X=-1.23944e-05
      equation 378 in block 86
      residual(126) = (EAB_imx ^ ((EAB_mumx - 1) / EAB_mumx)) - (T152 * (EABEAA_imx ^ (1 - (1 / EAB_mumx))) + T153 * (EABRW_imx$ ^ £(1 - (1 / EAB_mumx))) + T154 * (EABUS_imx ^ (1 - (1 / EAB_mumx))))
                                                                                                                                                                                                       
Floating point error in bytecode: X^a with X=-1.0876e-05
      equation 378 in block 86
      residual(126) = (EAB_imx ^ ((EAB_mumx - 1) / EAB_mumx)) - (T152 * (EABEAA_imx ^ (1 - (1 / EAB_mumx))) + T153 * (EABRW_imx$ ^ £(1 - (1 / EAB_mumx))) + T154 * (EABUS_imx ^ (1 - (1 / EAB_mumx))))
                                                                                                                                                                                                       
Floating point error in bytecode: X^a with X=-9.49562e-06
      equation 378 in block 86
      residual(126) = (EAB_imx ^ ((EAB_mumx - 1) / EAB_mumx)) - (T152 * (EABEAA_imx ^ (1 - (1 / EAB_mumx))) + T153 * (EABRW_imx$ ^ £(1 - (1 / EAB_mumx))) + T154 * (EABUS_imx ^ (1 - (1 / EAB_mumx))))
                                                                                                                                                                                                       
Floating point error in bytecode: X^a with X=-8.24073e-06
      equation 378 in block 86
      residual(126) = (EAB_imx ^ ((EAB_mumx - 1) / EAB_mumx)) - (T152 * (EABEAA_imx ^ (1 - (1 / EAB_mumx))) + T153 * (EABRW_imx$ ^ £(1 - (1 / EAB_mumx))) + T154 * (EABUS_imx ^ (1 - (1 / EAB_mumx))))
                                                                                                                                                                                                       
Floating point error in bytecode: X^a with X=-7.09993e-06
      equation 378 in block 86
      residual(126) = (EAB_imx ^ ((EAB_mumx - 1) / EAB_mumx)) - (T152 * (EABEAA_imx ^ (1 - (1 / EAB_mumx))) + T153 * (EABRW_imx$ ^ £(1 - (1 / EAB_mumx))) + T154 * (EABUS_imx ^ (1 - (1 / EAB_mumx))))
                                                                                                                                                                                                       
Floating point error in bytecode: X^a with X=-6.06283e-06
      equation 378 in block 86
      residual(126) = (EAB_imx ^ ((EAB_mumx - 1) / EAB_mumx)) - (T152 * (EABEAA_imx ^ (1 - (1 / EAB_mumx))) + T153 * (EABRW_imx$ ^ £(1 - (1 / EAB_mumx))) + T154 * (EABUS_imx ^ (1 - (1 / EAB_mumx))))
                                                                                                                                                                                                       
Floating point error in bytecode: X^a with X=-5.12002e-06
      equation 378 in block 86
      residual(126) = (EAB_imx ^ ((EAB_mumx - 1) / EAB_mumx)) - (T152 * (EABEAA_imx ^ (1 - (1 / EAB_mumx))) + T153 * (EABRW_imx$ ^ £(1 - (1 / EAB_mumx))) + T154 * (EABUS_imx ^ (1 - (1 / EAB_mumx))))
                                                                                                                                                                                                       
Floating point error in bytecode: X^a with X=-4.26291e-06
      equation 378 in block 86
      residual(126) = (EAB_imx ^ ((EAB_mumx - 1) / EAB_mumx)) - (T152 * (EABEAA_imx ^ (1 - (1 / EAB_mumx))) + T153 * (EABRW_imx$ ^ £(1 - (1 / EAB_mumx))) + T154 * (EABUS_imx ^ (1 - (1 / EAB_mumx))))
                                                                                                                                                                                                       
Floating point error in bytecode: X^a with X=-3.48372e-06
      equation 378 in block 86
      residual(126) = (EAB_imx ^ ((EAB_mumx - 1) / EAB_mumx)) - (T152 * (EABEAA_imx ^ (1 - (1 / EAB_mumx))) + T153 * (EABRW_imx$ ^ £(1 - (1 / EAB_mumx))) + T154 * (EABUS_imx ^ (1 - (1 / EAB_mumx))))
                                                                                                                                                                                                       
Floating point error in bytecode: X^a with X=-2.77537e-06
      equation 378 in block 86
      residual(126) = (EAB_imx ^ ((EAB_mumx - 1) / EAB_mumx)) - (T152 * (EABEAA_imx ^ (1 - (1 / EAB_mumx))) + T153 * (EABRW_imx$ ^ £(1 - (1 / EAB_mumx))) + T154 * (EABUS_imx ^ (1 - (1 / EAB_mumx))))
                                                                                                                                                                                                       
Floating point error in bytecode: X^a with X=-2.13142e-06
      equation 378 in block 86
      residual(126) = (EAB_imx ^ ((EAB_mumx - 1) / EAB_mumx)) - (T152 * (EABEAA_imx ^ (1 - (1 / EAB_mumx))) + T153 * (EABRW_imx$ ^ £(1 - (1 / EAB_mumx))) + T154 * (EABUS_imx ^ (1 - (1 / EAB_mumx))))
                                                                                                                                                                                                       
Floating point error in bytecode: X^a with X=-1.546e-06
      equation 378 in block 86
      residual(126) = (EAB_imx ^ ((EAB_mumx - 1) / EAB_mumx)) - (T152 * (EABEAA_imx ^ (1 - (1 / EAB_mumx))) + T153 * (EABRW_imx$ ^ £(1 - (1 / EAB_mumx))) + T154 * (EABUS_imx ^ (1 - (1 / EAB_mumx))))
                                                                                                                                                                                                       
Floating point error in bytecode: X^a with X=-1.01381e-06
      equation 378 in block 86
      residual(126) = (EAB_imx ^ ((EAB_mumx - 1) / EAB_mumx)) - (T152 * (EABEAA_imx ^ (1 - (1 / EAB_mumx))) + T153 * (EABRW_imx$ ^ £(1 - (1 / EAB_mumx))) + T154 * (EABUS_imx ^ (1 - (1 / EAB_mumx))))
                                                                                                                                                                                                       
Floating point error in bytecode: X^a with X=-5.29997e-07
      equation 378 in block 86
      residual(126) = (EAB_imx ^ ((EAB_mumx - 1) / EAB_mumx)) - (T152 * (EABEAA_imx ^ (1 - (1 / EAB_mumx))) + T153 * (EABRW_imx$ ^ £(1 - (1 / EAB_mumx))) + T154 * (EABUS_imx ^ (1 - (1 / EAB_mumx))))
                                                                                                                                                                                                       
Floating point error in bytecode: X^a with X=-9.01669e-08
      equation 378 in block 86
      residual(126) = (EAB_imx ^ ((EAB_mumx - 1) / EAB_mumx)) - (T152 * (EABEAA_imx ^ (1 - (1 / EAB_mumx))) + T153 * (EABRW_imx$ ^ £(1 - (1 / EAB_mumx))) + T154 * (EABUS_imx ^ (1 - (1 / EAB_mumx))))
                                                                                                                                                                                                       
Error: Simulation diverging, trying to correct it using slowc=0.039143
MODEL STEADY STATE: (method=ByteCode own solver)
-----------------------------------
      Simulate iteration no 3     
      max. error=6.2149471424e+00       
      sqr. error=1.7449647658e+02       
      abs. error=4.9752424550e+01       
-----------------------------------
Floating point error in bytecode: X^a with X=-2.82509e-06
      equation 378 in block 86
      residual(126) = (EAB_imx ^ ((EAB_mumx - 1) / EAB_mumx)) - (T152 * (EABEAA_imx ^ (1 - (1 / EAB_mumx))) + T153 * (EABRW_imx$ ^ £(1 - (1 / EAB_mumx))) + T154 * (EABUS_imx ^ (1 - (1 / EAB_mumx))))
                                                                                                                                                                                                       
Floating point error in bytecode: X^a with X=-2.54011e-06
      equation 378 in block 86
      residual(126) = (EAB_imx ^ ((EAB_mumx - 1) / EAB_mumx)) - (T152 * (EABEAA_imx ^ (1 - (1 / EAB_mumx))) + T153 * (EABRW_imx$ ^ £(1 - (1 / EAB_mumx))) + T154 * (EABUS_imx ^ (1 - (1 / EAB_mumx))))
                                                                                                                                                                                                       
Floating point error in bytecode: X^a with X=-2.28104e-06
      equation 378 in block 86
      residual(126) = (EAB_imx ^ ((EAB_mumx - 1) / EAB_mumx)) - (T152 * (EABEAA_imx ^ (1 - (1 / EAB_mumx))) + T153 * (EABRW_imx$ ^ £(1 - (1 / EAB_mumx))) + T154 * (EABUS_imx ^ (1 - (1 / EAB_mumx))))
                                                                                                                                                                                                       
Floating point error in bytecode: X^a with X=-2.04552e-06
      equation 378 in block 86
      residual(126) = (EAB_imx ^ ((EAB_mumx - 1) / EAB_mumx)) - (T152 * (EABEAA_imx ^ (1 - (1 / EAB_mumx))) + T153 * (EABRW_imx$ ^ £(1 - (1 / EAB_mumx))) + T154 * (EABUS_imx ^ (1 - (1 / EAB_mumx))))
                                                                                                                                                                                                       
Floating point error in bytecode: X^a with X=-1.83141e-06
      equation 378 in block 86
      residual(126) = (EAB_imx ^ ((EAB_mumx - 1) / EAB_mumx)) - (T152 * (EABEAA_imx ^ (1 - (1 / EAB_mumx))) + T153 * (EABRW_imx$ ^ £(1 - (1 / EAB_mumx))) + T154 * (EABUS_imx ^ (1 - (1 / EAB_mumx))))
                                                                                                                                                                                                       
Floating point error in bytecode: X^a with X=-1.63677e-06
      equation 378 in block 86
      residual(126) = (EAB_imx ^ ((EAB_mumx - 1) / EAB_mumx)) - (T152 * (EABEAA_imx ^ (1 - (1 / EAB_mumx))) + T153 * (EABRW_imx$ ^ £(1 - (1 / EAB_mumx))) + T154 * (EABUS_imx ^ (1 - (1 / EAB_mumx))))
                                                                                                                                                                                                       
Floating point error in bytecode: X^a with X=-1.45982e-06
      equation 378 in block 86
      residual(126) = (EAB_imx ^ ((EAB_mumx - 1) / EAB_mumx)) - (T152 * (EABEAA_imx ^ (1 - (1 / EAB_mumx))) + T153 * (EABRW_imx$ ^ £(1 - (1 / EAB_mumx))) + T154 * (EABUS_imx ^ (1 - (1 / EAB_mumx))))
                                                                                                                                                                                                       
Floating point error in bytecode: X^a with X=-1.29895e-06
      equation 378 in block 86
      residual(126) = (EAB_imx ^ ((EAB_mumx - 1) / EAB_mumx)) - (T152 * (EABEAA_imx ^ (1 - (1 / EAB_mumx))) + T153 * (EABRW_imx$ ^ £(1 - (1 / EAB_mumx))) + T154 * (EABUS_imx ^ (1 - (1 / EAB_mumx))))
                                                                                                                                                                                                       
Floating point error in bytecode: X^a with X=-1.15271e-06
      equation 378 in block 86
      residual(126) = (EAB_imx ^ ((EAB_mumx - 1) / EAB_mumx)) - (T152 * (EABEAA_imx ^ (1 - (1 / EAB_mumx))) + T153 * (EABRW_imx$ ^ £(1 - (1 / EAB_mumx))) + T154 * (EABUS_imx ^ (1 - (1 / EAB_mumx))))
                                                                                                                                                                                                       
Floating point error in bytecode: X^a with X=-1.01977e-06
      equation 378 in block 86
      residual(126) = (EAB_imx ^ ((EAB_mumx - 1) / EAB_mumx)) - (T152 * (EABEAA_imx ^ (1 - (1 / EAB_mumx))) + T153 * (EABRW_imx$ ^ £(1 - (1 / EAB_mumx))) + T154 * (EABUS_imx ^ (1 - (1 / EAB_mumx))))
                                                                                                                                                                                                       
Floating point error in bytecode: X^a with X=-8.98911e-07
      equation 378 in block 86
      residual(126) = (EAB_imx ^ ((EAB_mumx - 1) / EAB_mumx)) - (T152 * (EABEAA_imx ^ (1 - (1 / EAB_mumx))) + T153 * (EABRW_imx$ ^ £(1 - (1 / EAB_mumx))) + T154 * (EABUS_imx ^ (1 - (1 / EAB_mumx))))
                                                                                                                                                                                                       
Floating point error in bytecode: X^a with X=-7.89039e-07
      equation 378 in block 86
      residual(126) = (EAB_imx ^ ((EAB_mumx - 1) / EAB_mumx)) - (T152 * (EABEAA_imx ^ (1 - (1 / EAB_mumx))) + T153 * (EABRW_imx$ ^ £(1 - (1 / EAB_mumx))) + T154 * (EABUS_imx ^ (1 - (1 / EAB_mumx))))
                                                                                                                                                                                                       
Floating point error in bytecode: X^a with X=-6.89155e-07
      equation 378 in block 86
      residual(126) = (EAB_imx ^ ((EAB_mumx - 1) / EAB_mumx)) - (T152 * (EABEAA_imx ^ (1 - (1 / EAB_mumx))) + T153 * (EABRW_imx$ ^ £(1 - (1 / EAB_mumx))) + T154 * (EABUS_imx ^ (1 - (1 / EAB_mumx))))
                                                                                                                                                                                                       
Floating point error in bytecode: X^a with X=-5.98352e-07
      equation 378 in block 86
      residual(126) = (EAB_imx ^ ((EAB_mumx - 1) / EAB_mumx)) - (T152 * (EABEAA_imx ^ (1 - (1 / EAB_mumx))) + T153 * (EABRW_imx$ ^ £(1 - (1 / EAB_mumx))) + T154 * (EABUS_imx ^ (1 - (1 / EAB_mumx))))
                                                                                                                                                                                                       
Floating point error in bytecode: X^a with X=-5.15804e-07
      equation 378 in block 86
      residual(126) = (EAB_imx ^ ((EAB_mumx - 1) / EAB_mumx)) - (T152 * (EABEAA_imx ^ (1 - (1 / EAB_mumx))) + T153 * (EABRW_imx$ ^ £(1 - (1 / EAB_mumx))) + T154 * (EABUS_imx ^ (1 - (1 / EAB_mumx))))
                                                                                                                                                                                                       
Floating point error in bytecode: X^a with X=-4.4076e-07
      equation 378 in block 86
      residual(126) = (EAB_imx ^ ((EAB_mumx - 1) / EAB_mumx)) - (T152 * (EABEAA_imx ^ (1 - (1 / EAB_mumx))) + T153 * (EABRW_imx$ ^ £(1 - (1 / EAB_mumx))) + T154 * (EABUS_imx ^ (1 - (1 / EAB_mumx))))
                                                                                                                                                                                                       
Floating point error in bytecode: X^a with X=-3.72538e-07
      equation 378 in block 86
      residual(126) = (EAB_imx ^ ((EAB_mumx - 1) / EAB_mumx)) - (T152 * (EABEAA_imx ^ (1 - (1 / EAB_mumx))) + T153 * (EABRW_imx$ ^ £(1 - (1 / EAB_mumx))) + T154 * (EABUS_imx ^ (1 - (1 / EAB_mumx))))
                                                                                                                                                                                                       
Floating point error in bytecode: X^a with X=-3.10519e-07
      equation 378 in block 86
      residual(126) = (EAB_imx ^ ((EAB_mumx - 1) / EAB_mumx)) - (T152 * (EABEAA_imx ^ (1 - (1 / EAB_mumx))) + T153 * (EABRW_imx$ ^ £(1 - (1 / EAB_mumx))) + T154 * (EABUS_imx ^ (1 - (1 / EAB_mumx))))
                                                                                                                                                                                                       
Floating point error in bytecode: X^a with X=-2.54137e-07
      equation 378 in block 86
      residual(126) = (EAB_imx ^ ((EAB_mumx - 1) / EAB_mumx)) - (T152 * (EABEAA_imx ^ (1 - (1 / EAB_mumx))) + T153 * (EABRW_imx$ ^ £(1 - (1 / EAB_mumx))) + T154 * (EABUS_imx ^ (1 - (1 / EAB_mumx))))
                                                                                                                                                                                                       
Floating point error in bytecode: X^a with X=-2.02881e-07
      equation 378 in block 86
      residual(126) = (EAB_imx ^ ((EAB_mumx - 1) / EAB_mumx)) - (T152 * (EABEAA_imx ^ (1 - (1 / EAB_mumx))) + T153 * (EABRW_imx$ ^ £(1 - (1 / EAB_mumx))) + T154 * (EABUS_imx ^ (1 - (1 / EAB_mumx))))
                                                                                                                                                                                                       
Floating point error in bytecode: X^a with X=-1.56285e-07
      equation 378 in block 86
      residual(126) = (EAB_imx ^ ((EAB_mumx - 1) / EAB_mumx)) - (T152 * (EABEAA_imx ^ (1 - (1 / EAB_mumx))) + T153 * (EABRW_imx$ ^ £(1 - (1 / EAB_mumx))) + T154 * (EABUS_imx ^ (1 - (1 / EAB_mumx))))
                                                                                                                                                                                                       
Floating point error in bytecode: X^a with X=-1.13924e-07
      equation 378 in block 86
      residual(126) = (EAB_imx ^ ((EAB_mumx - 1) / EAB_mumx)) - (T152 * (EABEAA_imx ^ (1 - (1 / EAB_mumx))) + T153 * (EABRW_imx$ ^ £(1 - (1 / EAB_mumx))) + T154 * (EABUS_imx ^ (1 - (1 / EAB_mumx))))
                                                                                                                                                                                                       
Floating point error in bytecode: X^a with X=-7.54151e-08
      equation 378 in block 86
      residual(126) = (EAB_imx ^ ((EAB_mumx - 1) / EAB_mumx)) - (T152 * (EABEAA_imx ^ (1 - (1 / EAB_mumx))) + T153 * (EABRW_imx$ ^ £(1 - (1 / EAB_mumx))) + T154 * (EABUS_imx ^ (1 - (1 / EAB_mumx))))
                                                                                                                                                                                                       
Floating point error in bytecode: X^a with X=-4.04065e-08
      equation 378 in block 86
      residual(126) = (EAB_imx ^ ((EAB_mumx - 1) / EAB_mumx)) - (T152 * (EABEAA_imx ^ (1 - (1 / EAB_mumx))) + T153 * (EABRW_imx$ ^ £(1 - (1 / EAB_mumx))) + T154 * (EABUS_imx ^ (1 - (1 / EAB_mumx))))
                                                                                                                                                                                                       
Floating point error in bytecode: X^a with X=-8.58059e-09
      equation 378 in block 86
      residual(126) = (EAB_imx ^ ((EAB_mumx - 1) / EAB_mumx)) - (T152 * (EABEAA_imx ^ (1 - (1 / EAB_mumx))) + T153 * (EABRW_imx$ ^ £(1 - (1 / EAB_mumx))) + T154 * (EABUS_imx ^ (1 - (1 / EAB_mumx))))
                                                                                                                                                                                                       
Error: Simulation diverging, trying to correct it using slowc=0.092296
MODEL STEADY STATE: (method=ByteCode own solver)
-----------------------------------
      Simulate iteration no 4     
      max. error=5.6486989856e+00       
      sqr. error=1.4395367086e+02       
      abs. error=4.5179074801e+01       
-----------------------------------
Floating point error in bytecode: X^a with X=-0.000472238
      temporary term 240 in block 86
      T240 = T239 * (EAA_cg$ ^ £T237)
                                      
Floating point error in bytecode: X^a with X=-2.91981e-07
      equation 930 in block 86
      residual(353) = (US_imx ^ ((US_mumx - 1) / US_mumx)) - (T336 * (USEAA_imx$ ^ £(1 - (1 / US_mumx))) + T337 * (USRW_imx ^ (1 - (1 / US_mumx))) + T338 * (USEAB_imx ^ (1 - (1 / US_mumx))))
                                                                                                                                                                                               
Floating point error in bytecode: X^a with X=-2.30302e-07
      equation 930 in block 86
      residual(353) = (US_imx ^ ((US_mumx - 1) / US_mumx)) - (T336 * (USEAA_imx$ ^ £(1 - (1 / US_mumx))) + T337 * (USRW_imx ^ (1 - (1 / US_mumx))) + T338 * (USEAB_imx ^ (1 - (1 / US_mumx))))
                                                                                                                                                                                               
Floating point error in bytecode: X^a with X=-1.74229e-07
      equation 930 in block 86
      residual(353) = (US_imx ^ ((US_mumx - 1) / US_mumx)) - (T336 * (USEAA_imx$ ^ £(1 - (1 / US_mumx))) + T337 * (USRW_imx ^ (1 - (1 / US_mumx))) + T338 * (USEAB_imx ^ (1 - (1 / US_mumx))))
                                                                                                                                                                                               
Floating point error in bytecode: X^a with X=-1.23254e-07
      equation 930 in block 86
      residual(353) = (US_imx ^ ((US_mumx - 1) / US_mumx)) - (T336 * (USEAA_imx$ ^ £(1 - (1 / US_mumx))) + T337 * (USRW_imx ^ (1 - (1 / US_mumx))) + T338 * (USEAB_imx ^ (1 - (1 / US_mumx))))
                                                                                                                                                                                               
Floating point error in bytecode: X^a with X=-7.69133e-08
      equation 930 in block 86
      residual(353) = (US_imx ^ ((US_mumx - 1) / US_mumx)) - (T336 * (USEAA_imx$ ^ £(1 - (1 / US_mumx))) + T337 * (USRW_imx ^ (1 - (1 / US_mumx))) + T338 * (USEAB_imx ^ (1 - (1 / US_mumx))))
                                                                                                                                                                                               
Floating point error in bytecode: X^a with X=-3.47852e-08
      equation 930 in block 86
      residual(353) = (US_imx ^ ((US_mumx - 1) / US_mumx)) - (T336 * (USEAA_imx$ ^ £(1 - (1 / US_mumx))) + T337 * (USRW_imx ^ (1 - (1 / US_mumx))) + T338 * (USEAB_imx ^ (1 - (1 / US_mumx))))
                                                                                                                                                                                               
Error: Simulation diverging, trying to correct it using slowc=0.513158
MODEL STEADY STATE: (method=ByteCode own solver)
-----------------------------------
      Simulate iteration no 5     
      max. error=2.8545834454e+00       
      sqr. error=3.5673106846e+01       
      abs. error=2.2071092162e+01       
-----------------------------------
Floating point error in bytecode: X^a with X=-8.04812e-05
      temporary term 39 in block 86
      T39 = T38 * (EAB_cg$ ^ £T36)
                                   
Error: Simulation diverging, trying to correct it using slowc=0.909091
MODEL STEADY STATE: (method=ByteCode own solver)
-----------------------------------
      Simulate iteration no 6     
      max. error=6.1588421324e-01       
      sqr. error=6.7288741882e-01       
      abs. error=2.8251640587e+00       
-----------------------------------
Floating point error in bytecode: X^a with X=-7.0417e-07
      temporary term 240 in block 86
      T240 = T239 * (EAA_cg$ ^ £T237)
                                      
Error: Simulation diverging, trying to correct it using slowc=0.909091
MODEL STEADY STATE: (method=ByteCode own solver)
-----------------------------------
      Simulate iteration no 7     
      max. error=6.2253670176e-02       
      sqr. error=1.1412319324e-02       
      abs. error=3.2315396484e-01       
-----------------------------------
MODEL STEADY STATE: (method=ByteCode own solver)
-----------------------------------
      Simulate iteration no 8     
      max. error=9.5067992500e-04       
      sqr. error=2.2495338228e-06       
      abs. error=3.9324871182e-03       
-----------------------------------
Floating point error in bytecode: X^a with X=-2.52616e-12 and a=-0.001001
      temporary term 39 in block 86
      T39 = T38 * (EAB_cg$ ^ £T36)
                                   
Error: Simulation diverging, trying to correct it using slowc=0.909091
MODEL STEADY STATE: (method=ByteCode own solver)
-----------------------------------
      Simulate iteration no 9     
      max. error=5.2846850763e-04       
      sqr. error=3.6681782610e-07       
      abs. error=1.1721366151e-03       
-----------------------------------
Floating point error in bytecode: X^a with X=-3.2007e-15 and a=-0.001001
      temporary term 39 in block 86
      T39 = T38 * (EAB_cg$ ^ £T36)
                                   
Error: Simulation diverging, trying to correct it using slowc=0.909091
MODEL STEADY STATE: (method=ByteCode own solver)
-----------------------------------
      Simulate iteration no 10     
      max. error=2.3308209120e-04       
      sqr. error=5.9812707819e-08       
      abs. error=3.7085979846e-04       
-----------------------------------
Floating point error in bytecode: X^a with X=-3.5582e-15 and a=-0.001001
      temporary term 240 in block 86
      T240 = T239 * (EAA_cg$ ^ £T237)
                                      
Error: Simulation diverging, trying to correct it using slowc=0.909091
MODEL STEADY STATE: (method=ByteCode own solver)
-----------------------------------
      Simulate iteration no 11     
      max. error=6.9758346399e-05       
      sqr. error=4.9829905960e-09       
      abs. error=8.8809465366e-05       
-----------------------------------
Floating point error in bytecode: X^a with X=-1.56557e-17 and a=-0.001001
      temporary term 39 in block 86
      T39 = T38 * (EAB_cg$ ^ £T36)
                                   
Error: Simulation diverging, trying to correct it using slowc=0.909091
MODEL STEADY STATE: (method=ByteCode own solver)
-----------------------------------
      Simulate iteration no 12     
      max. error=1.1797614292e-05       
      sqr. error=1.4035331758e-10       
      abs. error=1.3736567463e-05       
-----------------------------------
Floating point error in bytecode: X^a with X=-5.80262e-19 and a=-0.001001
      temporary term 39 in block 86
      T39 = T38 * (EAB_cg$ ^ £T36)
                                   
Error: Simulation diverging, trying to correct it using slowc=0.909091
MODEL STEADY STATE: (method=ByteCode own solver)
-----------------------------------
      Simulate iteration no 13     
      max. error=1.2446544068e-06       
      sqr. error=1.5591111419e-12       
      abs. error=1.4538954451e-06       
-----------------------------------
Floating point error in bytecode: X^a with X=-2.57625e-19 and a=1e-08
      temporary term 74 in block 86
      T74 = EAB_kg$ ^ £EAB_alphag
                                  
Error: Simulation diverging, trying to correct it using slowc=0.909091
MODEL STEADY STATE: (method=ByteCode own solver)
-----------------------------------
      Simulate iteration no 14     
      max. error=1.1510360332e-07       
      sqr. error=1.3404906174e-14       
      abs. error=1.6429149201e-07       
-----------------------------------
HOMOTOPY mode 1: computing step 1/160...
Floating point error in bytecode: X^a with X=-1.92887e-17 and a=1e-08
      temporary term 408 in block 86
      T408 = EAA_kg$ ^ £EAA_alphag
                                   
 the initial values of endogenous variables are too far from the solution.
Change them!
MODEL STEADY STATE: (method=ByteCode own solver)
-----------------------------------
      Simulate iteration no 1     
      max. error=0.0000000000e+00       
      sqr. error=6.9522948099e-310       
      abs. error=nan       
-----------------------------------
Fatal error in bytecode: in compute_blocks, unknown command 7 (block=85)

Floating point error in bytecode: X^a with X=-1.92887e-17 and a=1e-08
      temporary term 408 in block 86
      T408 = EAA_kg$ ^ £EAA_alphag
                                   
