Starting Dynare (version 6.0).
Calling Dynare with arguments: none
Starting preprocessing of the model file ...
Substitution of endo lags >= 2: added 46 auxiliary variables and equations.
Found 1182 equation(s).
Evaluating expressions...
Computing static model derivatives (order 1).
Normalizing the static model...
Finding the optimal block decomposition of the static model...
131 block(s) found:
  130 recursive block(s) and 1 simultaneous block(s).
  the largest simultaneous block has 602 equation(s)
                                 and 602 feedback variable(s).
Computing dynamic model derivatives (order 2).
Normalizing the dynamic model...
Finding the optimal block decomposition of the dynamic model...
78 block(s) found:
  77 recursive block(s) and 1 simultaneous block(s).
  the largest simultaneous block has 625 equation(s)
                                 and 487 feedback variable(s).
Preprocessing completed.
Preprocessing time: 0h00m02s.

options_ = 

  <a href="matlab:helpPopup struct" style="font-weight:bold">struct</a> with fields:

                                               datafile: ''
                                                dirname: 'steady0_EAGLE_Fiscal'
                                                dataset: [1×1 struct]
                                              verbosity: 1
                                              rplottype: 0
                                                   smpl: 0
                                                dynatol: [1×1 struct]
                                                 timing: 0
                                                  gstep: [2×1 double]
                                     jacobian_tolerance: []
                                                  debug: 0
                                           initval_file: 0
                                          schur_vec_tol: 1.0000e-11
                                           qz_criterium: []
                                      qz_zero_threshold: 1.0000e-06
                             lyapunov_complex_threshold: 1.0000e-15
                                             solve_algo: 4
                                             solve_tolf: 6.0555e-06
                                             solve_tolx: 3.6669e-11
                          solve_randomize_initial_guess: 1
                 trust_region_initial_step_bound_factor: 1
                                         dr_display_tol: 1.0000e-06
                                                     dp: [1×1 struct]
                                                 steady: [1×1 struct]
                                                  simul: [1×1 struct]
                                             mode_check: [1×1 struct]
                                            huge_number: 10000000
                            add_tiny_number_to_cholesky: 1.0000e-14
                                                threads: [1×1 struct]
                                          jacobian_flag: 1
                                       steadystate_flag: 0
                                            steadystate: [1×1 struct]
                                            ParamSubSet: 'None'
                                               dsge_var: 0
                                            dsge_varlag: 4
                                            bvar_replic: 2000
                                         bvar_prior_tau: 3
                                       bvar_prior_decay: 0.5000
                                      bvar_prior_lambda: 5
                                          bvar_prior_mu: 2
                                       bvar_prior_omega: 1
                                        bvar_prior_flat: 0
                                       bvar_prior_train: 0
                                                   bvar: [1×1 struct]
                                              optim_opt: []
                                         fsolve_options: []
                                              gmhmaxlik: [1×1 struct]
                                          nointeractive: 0
                                               graphics: [1×1 struct]
                                           graph_format: 'eps'
                                              nodisplay: 0
                                                nograph: 0
                                               no_graph: [1×1 struct]
                                                  XTick: []
                                             XTickLabel: []
                                           console_mode: 0
                                                    irf: 40
                                      impulse_responses: [1×1 struct]
                                           relative_irf: 0
                                                     ar: 5
                                              hp_filter: 0
                                    one_sided_hp_filter: 0
                      filtered_theoretical_moments_grid: 512
                                        nodecomposition: 0
                                              nomoments: 0
                                         nomodelsummary: 0
                                                 nocorr: 0
                                                periods: 0
                                                noprint: 0
                                        SpectralDensity: [1×1 struct]
                                            nofunctions: 0
                                               bandpass: [1×1 struct]
                                                irf_opt: [1×1 struct]
                                                     ep: [1×1 struct]
                                                  bnlms: [1×1 struct]
                                               particle: [1×1 struct]
                                                  rwgmh: [1×1 struct]
                                                    TeX: 0
                                              xls_sheet: 1
                                              xls_range: ''
                                            prior_draws: 10000
                                         sampling_draws: 500
                                               forecast: 0
                                              forecasts: [1×1 struct]
                                   conditional_forecast: [1×1 struct]
                                                 linear: 0
                                       stack_solve_algo: 0
                                              markowitz: 0.5000
                                minimal_solving_periods: 1
                             endogenous_terminal_period: 0
                                            no_homotopy: 0
                                                  pfwee: [1×1 struct]
                                                  order: 2
                                                pruning: 0
                                                 replic: 50
                                           simul_replic: 1
                                                   drop: 100
                                             aim_solver: 0
                                         k_order_solver: 0
                                    partial_information: 0
                                            ACES_solver: 0
                     conditional_variance_decomposition: []
                                          ramsey_policy: 0
                                            instruments: {}
                                               timeless: 0
                                                 ramsey: [1×1 struct]
                                         initial_period: NaN
                     no_init_estimation_check_first_obs: 0
                                    Harvey_scale_factor: 10
                                 heteroskedastic_filter: 0
                                       MaxNumberOfBytes: 100000000
                               MaximumNumberOfMegaBytes: 111
                                    analytic_derivation: 0
                               analytic_derivation_mode: 0
                                           bayesian_irf: 0
                                    bayesian_th_moments: 0
                                         diffuse_filter: 0
                                      filter_step_ahead: []
                                          filtered_vars: 0
                             smoothed_state_uncertainty: 0
                                              first_obs: NaN
                                                   nobs: NaN
                                            kalman_algo: 0
                                      kalman_filter_mex: 0
                                     fast_kalman_filter: 0
                                             kalman_tol: 1.0000e-10
                                                 kalman: [1×1 struct]
                                     diffuse_kalman_tol: 1.0000e-06
      use_univariate_filters_if_singularity_is_detected: 1
                                            riccati_tol: 1.0000e-06
                                               lik_init: 1
                                           load_mh_file: 0
                             load_results_after_load_mh: 0
                                                logdata: 0
                                              loglinear: 0
                                   linear_approximation: 0
                                    logged_steady_state: 0
                                            mh_conf_sig: 0.9000
                                         prior_interval: 0.9000
                                                mh_drop: 0.5000
                                              mh_jscale: []
                                         mh_tune_jscale: [1×1 struct]
                                   mh_init_scale_factor: 2
                       mh_initialize_from_previous_mcmc: [1×1 struct]
                                               mh_nblck: 2
                                             mh_recover: 0
                                              mh_replic: 20000
                           recursive_estimation_restart: 0
                                MCMC_jumping_covariance: 'hessian'
                         use_calibration_initialization: 0
        endo_vars_for_moment_computations_in_estimation: []
                                                 occbin: [1×1 struct]
                                       silent_optimizer: 0
                                     prior_restrictions: [1×1 struct]
                                           mode_compute: 5
                             additional_optimizer_steps: []
                                              mode_file: ''
                                        moments_varendo: 0
                                                     nk: 1
                                             noconstant: 0
                                           nodiagnostic: 0
                           mh_posterior_mode_estimation: 0
                          smc_posterior_mode_estimation: 0
                                              prefilter: 0
                                              presample: 0
                                            prior_trunc: 1.0000e-10
                                               smoother: 0
                                         smoother_redux: 0
                          posterior_max_subsample_draws: 1200
                                              sub_draws: []
                                            ME_plot_tol: 1.0000e-06
                               use_mh_covariance_matrix: 0
                                        gradient_method: 2
                                       gradient_epsilon: 1.0000e-06
                              posterior_sampler_options: [1×1 struct]
                                          trace_plot_ma: 200
                       mh_autocorrelation_function_size: 30
                                            plot_priors: 1
                                           cova_compute: 1
                                               parallel: 0
                                          parallel_info: [1×1 struct]
                          number_of_grid_points_for_kde: 512
               conditional_variance_decomposition_dates: [1×10 double]
                                      filter_covariance: 0
                                   filter_decomposition: 0
                                selected_variables_only: 0
                            contemporaneous_correlation: 0
    initialize_estimated_parameters_with_the_prior_mode: 0
                                             estimation: [1×1 struct]
                                          homotopy_mode: 0
                                         homotopy_steps: 10
                                homotopy_force_continue: 0
                    rescale_prediction_error_covariance: 0
                                                hessian: [1×1 struct]
                                               csminwel: [1×1 struct]
                                                 newrat: [1×1 struct]
                                                simplex: [1×1 struct]
                                                  cmaes: [1×1 struct]
                                                 simpsa: [1×1 struct]
                                               solveopt: [1×1 struct]
                                                  saopt: [1×1 struct]
                                          particleswarm: [1×1 struct]
                                               prior_mc: 20000
                           prior_analysis_endo_var_list: {}
                                                  block: 1
                                                use_dll: 0
                                               bytecode: 1
                                            lyapunov_fp: 0
                                            lyapunov_db: 0
                                           lyapunov_srs: 0
                               lyapunov_fixed_point_tol: 1.0000e-10
                                  lyapunov_doubling_tol: 1.0000e-16
                                     dr_cycle_reduction: 0
                                 dr_cycle_reduction_tol: 1.0000e-07
                               dr_logarithmic_reduction: 0
                           dr_logarithmic_reduction_tol: 1.0000e-12
                       dr_logarithmic_reduction_maxiter: 100
                                           initial_date: [1×1 dates]
                                   discretionary_policy: 0
                                      discretionary_tol: 1.0000e-07
                                          parameter_set: []
                                       use_shock_groups: ''
                                           shock_decomp: [1×1 struct]
                                      plot_shock_decomp: [1×1 struct]
                                       nonlinear_filter: []
                                                     ms: [1×1 struct]
                                     graph_save_formats: [1×1 struct]
                                       endogenous_prior: 0
                          endogenous_prior_restrictions: [1×1 struct]
                                                    osr: [1×1 struct]
                                            convergence: [1×1 struct]
                                  marginal_data_density: [1×1 struct]
                                                  lmmcp: [1×1 struct]
                                                lcppath: [1×1 struct]
                                                mcppath: [1×1 struct]
                                                figures: [1×1 struct]
                                              varobs_id: []
                                                    pac: [1×1 struct]
                                 conditional_likelihood: [1×1 struct]
                                    DynareRandomStreams: [1×1 struct]
                                                 maxit_: 240

Creating data for EAA
Creating data for EAB
Creating data for RW
Creating data for US
Total computing time : 0h00m01s
